Archive member included to satisfy reference by file (symbol)

c:/progra~2/gnuarm~1/102020~1/bin/../lib/gcc/arm-none-eabi/10.2.1/thumb/v6-m/nofp\libgcc.a(_dvmd_tls.o)
                              CMakeFiles/blink.dir/C_/Users/leo-v/Desktop/pico_sdk/pico-sdk/src/rp2_common/pico_divider/divider.S.obj (__aeabi_idiv0)
c:/progra~2/gnuarm~1/102020~1/bin/../lib/gcc/arm-none-eabi/10.2.1/../../../../arm-none-eabi/lib/thumb/v6-m/nofp\libg.a(lib_a-calloc.o)
                              CMakeFiles/blink.dir/C_/Users/leo-v/Desktop/pico_sdk/pico-sdk/src/rp2_common/pico_malloc/pico_malloc.c.obj (calloc)
c:/progra~2/gnuarm~1/102020~1/bin/../lib/gcc/arm-none-eabi/10.2.1/../../../../arm-none-eabi/lib/thumb/v6-m/nofp\libg.a(lib_a-callocr.o)
                              c:/progra~2/gnuarm~1/102020~1/bin/../lib/gcc/arm-none-eabi/10.2.1/../../../../arm-none-eabi/lib/thumb/v6-m/nofp\libg.a(lib_a-calloc.o) (_calloc_r)
c:/progra~2/gnuarm~1/102020~1/bin/../lib/gcc/arm-none-eabi/10.2.1/../../../../arm-none-eabi/lib/thumb/v6-m/nofp\libg.a(lib_a-ctype_.o)
                              CMakeFiles/blink.dir/C_/Users/leo-v/Desktop/pico_sdk/pico-sdk/lib/tinyusb/src/tusb.c.obj (_ctype_)
c:/progra~2/gnuarm~1/102020~1/bin/../lib/gcc/arm-none-eabi/10.2.1/../../../../arm-none-eabi/lib/thumb/v6-m/nofp\libg.a(lib_a-impure.o)
                              c:/progra~2/gnuarm~1/102020~1/bin/../lib/gcc/arm-none-eabi/10.2.1/../../../../arm-none-eabi/lib/thumb/v6-m/nofp\libg.a(lib_a-calloc.o) (_impure_ptr)
c:/progra~2/gnuarm~1/102020~1/bin/../lib/gcc/arm-none-eabi/10.2.1/../../../../arm-none-eabi/lib/thumb/v6-m/nofp\libg.a(lib_a-init.o)
                              c:/progra~2/gnuarm~1/102020~1/bin/../lib/gcc/arm-none-eabi/10.2.1/../../../../arm-none-eabi/lib/thumb/v6-m/nofp/crt0.o (__libc_init_array)
c:/progra~2/gnuarm~1/102020~1/bin/../lib/gcc/arm-none-eabi/10.2.1/../../../../arm-none-eabi/lib/thumb/v6-m/nofp\libg.a(lib_a-malloc.o)
                              CMakeFiles/blink.dir/C_/Users/leo-v/Desktop/pico_sdk/pico-sdk/src/rp2_common/pico_malloc/pico_malloc.c.obj (malloc)
c:/progra~2/gnuarm~1/102020~1/bin/../lib/gcc/arm-none-eabi/10.2.1/../../../../arm-none-eabi/lib/thumb/v6-m/nofp\libg.a(lib_a-mallocr.o)
                              c:/progra~2/gnuarm~1/102020~1/bin/../lib/gcc/arm-none-eabi/10.2.1/../../../../arm-none-eabi/lib/thumb/v6-m/nofp\libg.a(lib_a-callocr.o) (_malloc_r)
c:/progra~2/gnuarm~1/102020~1/bin/../lib/gcc/arm-none-eabi/10.2.1/../../../../arm-none-eabi/lib/thumb/v6-m/nofp\libg.a(lib_a-mlock.o)
                              c:/progra~2/gnuarm~1/102020~1/bin/../lib/gcc/arm-none-eabi/10.2.1/../../../../arm-none-eabi/lib/thumb/v6-m/nofp\libg.a(lib_a-mallocr.o) (__malloc_lock)
c:/progra~2/gnuarm~1/102020~1/bin/../lib/gcc/arm-none-eabi/10.2.1/../../../../arm-none-eabi/lib/thumb/v6-m/nofp\libg.a(lib_a-sbrkr.o)
                              c:/progra~2/gnuarm~1/102020~1/bin/../lib/gcc/arm-none-eabi/10.2.1/../../../../arm-none-eabi/lib/thumb/v6-m/nofp\libg.a(lib_a-mallocr.o) (_sbrk_r)
c:/progra~2/gnuarm~1/102020~1/bin/../lib/gcc/arm-none-eabi/10.2.1/../../../../arm-none-eabi/lib/thumb/v6-m/nofp\libg.a(lib_a-strlen-stub.o)
                              CMakeFiles/blink.dir/C_/Users/leo-v/Desktop/pico_sdk/pico-sdk/src/rp2_common/pico_stdio/stdio.c.obj (strlen)
c:/progra~2/gnuarm~1/102020~1/bin/../lib/gcc/arm-none-eabi/10.2.1/../../../../arm-none-eabi/lib/thumb/v6-m/nofp\libg.a(lib_a-freer.o)
                              c:/progra~2/gnuarm~1/102020~1/bin/../lib/gcc/arm-none-eabi/10.2.1/../../../../arm-none-eabi/lib/thumb/v6-m/nofp\libg.a(lib_a-malloc.o) (_free_r)
c:/progra~2/gnuarm~1/102020~1/bin/../lib/gcc/arm-none-eabi/10.2.1/../../../../arm-none-eabi/lib/thumb/v6-m/nofp\libg.a(lib_a-lock.o)
                              c:/progra~2/gnuarm~1/102020~1/bin/../lib/gcc/arm-none-eabi/10.2.1/../../../../arm-none-eabi/lib/thumb/v6-m/nofp\libg.a(lib_a-mlock.o) (__retarget_lock_acquire_recursive)
c:/progra~2/gnuarm~1/102020~1/bin/../lib/gcc/arm-none-eabi/10.2.1/../../../../arm-none-eabi/lib/thumb/v6-m/nofp\libg.a(lib_a-reent.o)
                              c:/progra~2/gnuarm~1/102020~1/bin/../lib/gcc/arm-none-eabi/10.2.1/../../../../arm-none-eabi/lib/thumb/v6-m/nofp\libg.a(lib_a-sbrkr.o) (errno)

Discarded input sections

 .text          0x00000000        0x0 c:/progra~2/gnuarm~1/102020~1/bin/../lib/gcc/arm-none-eabi/10.2.1/thumb/v6-m/nofp/crti.o
 .data          0x00000000        0x0 c:/progra~2/gnuarm~1/102020~1/bin/../lib/gcc/arm-none-eabi/10.2.1/thumb/v6-m/nofp/crti.o
 .bss           0x00000000        0x0 c:/progra~2/gnuarm~1/102020~1/bin/../lib/gcc/arm-none-eabi/10.2.1/thumb/v6-m/nofp/crti.o
 .data          0x00000000        0x4 c:/progra~2/gnuarm~1/102020~1/bin/../lib/gcc/arm-none-eabi/10.2.1/thumb/v6-m/nofp/crtbegin.o
 .rodata        0x00000000       0x24 c:/progra~2/gnuarm~1/102020~1/bin/../lib/gcc/arm-none-eabi/10.2.1/thumb/v6-m/nofp/crtbegin.o
[...]
Memory Configuration

Name             Origin             Length             Attributes
FLASH            0x10000000         0x00200000         xr
RAM              0x20000000         0x00040000         xrw
SCRATCH_X        0x20040000         0x00001000         xrw
SCRATCH_Y        0x20041000         0x00001000         xrw
*default*        0x00000000         0xffffffff

Linker script and memory map

LOAD c:/progra~2/gnuarm~1/102020~1/bin/../lib/gcc/arm-none-eabi/10.2.1/thumb/v6-m/nofp/crti.o
LOAD c:/progra~2/gnuarm~1/102020~1/bin/../lib/gcc/arm-none-eabi/10.2.1/thumb/v6-m/nofp/crtbegin.o
LOAD c:/progra~2/gnuarm~1/102020~1/bin/../lib/gcc/arm-none-eabi/10.2.1/../../../../arm-none-eabi/lib/thumb/v6-m/nofp/crt0.o

.flash_begin    0x10000000        0x0
                0x10000000                __flash_binary_start = .

.boot2          0x10000000      0x100
                0x10000000                __boot2_start__ = .
 *(.boot2)
 .boot2         0x10000000      0x100 C:\Users\leo-v\AppData\Local\Temp\ccEsVflJ.o
                0x10000100                __boot2_end__ = .
                0x00000001                ASSERT (((__boot2_end__ - __boot2_start__) == 0x100), ERROR: Pico second stage bootloader must be 256 bytes in size)

.text           0x10000100     0x7308
                0x10000100                __logical_binary_start = .
 *(.vectors)
 .vectors       0x10000100       0xd4 CMakeFiles/blink.dir/C_/Users/leo-v/Desktop/pico_sdk/pico-sdk/src/rp2_common/pico_standard_link/crt0.S.obj
                0x10000100                __VECTOR_TABLE
                0x10000100                __vectors
                0x100001c0                isr_invalid
                0x100001c0                __default_isrs_start
                0x100001c2                isr_nmi
                0x100001c4                isr_hardfault
                0x100001c6                isr_svcall
                0x100001c8                isr_pendsv
                0x100001ca                isr_systick
                0x100001cc                isr_irq23
                0x100001cc                isr_irq18
                0x100001cc                isr_irq11
                0x100001cc                isr_irq28
                0x100001cc                isr_irq19
                0x100001cc                isr_irq0
                0x100001cc                isr_irq6
                0x100001cc                isr_irq5
                0x100001cc                isr_irq12
                0x100001cc                isr_irq22
                0x100001cc                isr_irq31
                0x100001cc                isr_irq17
                0x100001cc                isr_irq27
                0x100001cc                isr_irq30
                0x100001cc                isr_irq2
                0x100001cc                isr_irq10
                0x100001cc                isr_irq8
                0x100001cc                isr_irq24
                0x100001cc                isr_irq1
                0x100001cc                isr_irq7
                0x100001cc                isr_irq21
                0x100001cc                isr_irq20
                0x100001cc                isr_irq15
                0x100001cc                isr_irq25
                0x100001cc                isr_irq13
                0x100001cc                __unhandled_user_irq
                0x100001cc                isr_irq4
                0x100001cc                isr_irq16
                0x100001cc                isr_irq29
                0x100001cc                isr_irq26
                0x100001cc                __default_isrs_end
                0x100001cc                isr_irq3
                0x100001cc                isr_irq14
                0x100001cc                isr_irq9
                0x100001d2                unhandled_user_irq_num_in_r0
 *(.binary_info_header)
 .binary_info_header
                0x100001d4       0x14 CMakeFiles/blink.dir/C_/Users/leo-v/Desktop/pico_sdk/pico-sdk/src/rp2_common/pico_standard_link/crt0.S.obj
                0x100001e8                __binary_info_header_end = .
 *(.reset)
 .reset         0x100001e8       0xa8 CMakeFiles/blink.dir/C_/Users/leo-v/Desktop/pico_sdk/pico-sdk/src/rp2_common/pico_standard_link/crt0.S.obj
                0x100001e8                _entry_point
                0x10000266                __get_current_exception
 .reset         0x10000290       0x30 CMakeFiles/blink.dir/C_/Users/leo-v/Desktop/pico_sdk/pico-sdk/src/rp2_common/pico_standard_link/binary_info.c.obj
 *(.init)
 .init          0x100002c0        0x4 c:/progra~2/gnuarm~1/102020~1/bin/../lib/gcc/arm-none-eabi/10.2.1/thumb/v6-m/nofp/crti.o
                0x100002c0                _init
 *(EXCLUDE_FILE(*libm.a: *libc.a:*lib_a-mem*.o *libgcc.a:) .text*)
 .text          0x100002c4       0x48 c:/progra~2/gnuarm~1/102020~1/bin/../lib/gcc/arm-none-eabi/10.2.1/thumb/v6-m/nofp/crtbegin.o
 .text.repeating_timer_callback
                0x1000030c       0x18 CMakeFiles/blink.dir/blink.c.obj
                0x1000030c                repeating_timer_callback
 .text.inc      0x10000324       0x10 CMakeFiles/blink.dir/blink.c.obj
                0x10000324                inc
 .text.print_data
                0x10000334       0x68 CMakeFiles/blink.dir/blink.c.obj
                0x10000334                print_data
 .text.RPM      0x1000039c       0x70 CMakeFiles/blink.dir/blink.c.obj
                0x1000039c                RPM
 .text.main     0x1000040c       0xf4 CMakeFiles/blink.dir/blink.c.obj
                0x1000040c                main
 .text.gpio_set_function
                0x10000500       0x30 CMakeFiles/blink.dir/C_/Users/leo-v/Desktop/pico_sdk/pico-sdk/src/rp2_common/hardware_gpio/gpio.c.obj
                0x10000500                gpio_set_function
 .text.gpio_set_pulls
                0x10000530       0x34 CMakeFiles/blink.dir/C_/Users/leo-v/Desktop/pico_sdk/pico-sdk/src/rp2_common/hardware_gpio/gpio.c.obj
                0x10000530                gpio_set_pulls
 .text.gpio_acknowledge_irq
                0x10000564       0x18 CMakeFiles/blink.dir/C_/Users/leo-v/Desktop/pico_sdk/pico-sdk/src/rp2_common/hardware_gpio/gpio.c.obj
                0x10000564                gpio_acknowledge_irq
 .text._gpio_set_irq_enabled
                0x1000057c       0x34 CMakeFiles/blink.dir/C_/Users/leo-v/Desktop/pico_sdk/pico-sdk/src/rp2_common/hardware_gpio/gpio.c.obj
 .text.gpio_set_irq_enabled
                0x100005b0       0x20 CMakeFiles/blink.dir/C_/Users/leo-v/Desktop/pico_sdk/pico-sdk/src/rp2_common/hardware_gpio/gpio.c.obj
                0x100005b0                gpio_set_irq_enabled
 .text.gpio_set_irq_enabled_with_callback
                0x100005d0       0x30 CMakeFiles/blink.dir/C_/Users/leo-v/Desktop/pico_sdk/pico-sdk/src/rp2_common/hardware_gpio/gpio.c.obj
                0x100005d0                gpio_set_irq_enabled_with_callback
 .text.gpio_irq_handler
                0x10000600       0x68 CMakeFiles/blink.dir/C_/Users/leo-v/Desktop/pico_sdk/pico-sdk/src/rp2_common/hardware_gpio/gpio.c.obj
 .text.gpio_set_input_enabled
                0x10000668       0x30 CMakeFiles/blink.dir/C_/Users/leo-v/Desktop/pico_sdk/pico-sdk/src/rp2_common/hardware_gpio/gpio.c.obj
                0x10000668                gpio_set_input_enabled
 .text.gpio_init
                0x10000698       0x16 CMakeFiles/blink.dir/C_/Users/leo-v/Desktop/pico_sdk/pico-sdk/src/rp2_common/hardware_gpio/gpio.c.obj
                0x10000698                gpio_init
 *fill*         0x100006ae        0x2 
 .text.hw_claim_lock
                0x100006b0       0x18 CMakeFiles/blink.dir/C_/Users/leo-v/Desktop/pico_sdk/pico-sdk/src/rp2_common/hardware_claim/claim.c.obj
                0x100006b0                hw_claim_lock
 .text.hw_claim_unlock
                0x100006c8       0x14 CMakeFiles/blink.dir/C_/Users/leo-v/Desktop/pico_sdk/pico-sdk/src/rp2_common/hardware_claim/claim.c.obj
                0x100006c8                hw_claim_unlock
 .text.hw_claim_or_assert
                0x100006dc       0x32 CMakeFiles/blink.dir/C_/Users/leo-v/Desktop/pico_sdk/pico-sdk/src/rp2_common/hardware_claim/claim.c.obj
                0x100006dc                hw_claim_or_assert
 .text.hw_claim_unused_from_range
                0x1000070e       0x50 CMakeFiles/blink.dir/C_/Users/leo-v/Desktop/pico_sdk/pico-sdk/src/rp2_common/hardware_claim/claim.c.obj
                0x1000070e                hw_claim_unused_from_range
 *fill*         0x1000075e        0x2 
 .text.running_on_fpga
                0x10000760       0x14 CMakeFiles/blink.dir/C_/Users/leo-v/Desktop/pico_sdk/pico-sdk/src/rp2_common/pico_platform/platform.c.obj
                0x10000760                running_on_fpga
 .text.spin_locks_reset
                0x10000774       0x20 CMakeFiles/blink.dir/C_/Users/leo-v/Desktop/pico_sdk/pico-sdk/src/rp2_common/hardware_sync/sync.c.obj
                0x10000774                spin_locks_reset
 .text.next_striped_spin_lock_num
                0x10000794       0x1c CMakeFiles/blink.dir/C_/Users/leo-v/Desktop/pico_sdk/pico-sdk/src/rp2_common/hardware_sync/sync.c.obj
                0x10000794                next_striped_spin_lock_num
 .text.spin_lock_claim_unused
                0x100007b0       0x20 CMakeFiles/blink.dir/C_/Users/leo-v/Desktop/pico_sdk/pico-sdk/src/rp2_common/hardware_sync/sync.c.obj
                0x100007b0                spin_lock_claim_unused
 .text.repeating_timer_callback
                0x100007d0       0x40 CMakeFiles/blink.dir/C_/Users/leo-v/Desktop/pico_sdk/pico-sdk/src/common/pico_time/time.c.obj
 .text.alarm_pool_post_alloc_init
                0x10000810       0x40 CMakeFiles/blink.dir/C_/Users/leo-v/Desktop/pico_sdk/pico-sdk/src/common/pico_time/time.c.obj
 .text.sleep_until_callback
                0x10000850       0x30 CMakeFiles/blink.dir/C_/Users/leo-v/Desktop/pico_sdk/pico-sdk/src/common/pico_time/time.c.obj
 .text.timer_pool_entry_comparator
                0x10000880       0x7c CMakeFiles/blink.dir/C_/Users/leo-v/Desktop/pico_sdk/pico-sdk/src/common/pico_time/time.c.obj
                0x10000880                timer_pool_entry_comparator
 .text.ph_add_child_node
                0x100008fc       0xa4 CMakeFiles/blink.dir/C_/Users/leo-v/Desktop/pico_sdk/pico-sdk/src/common/pico_time/time.c.obj
 .text.ph_merge_nodes
                0x100009a0       0x3e CMakeFiles/blink.dir/C_/Users/leo-v/Desktop/pico_sdk/pico-sdk/src/common/pico_time/time.c.obj
 *fill*         0x100009de        0x2 
 .text.add_alarm_under_lock
                0x100009e0      0x174 CMakeFiles/blink.dir/C_/Users/leo-v/Desktop/pico_sdk/pico-sdk/src/common/pico_time/time.c.obj
 .text.alarm_pool_alarm_callback
                0x10000b54      0x328 CMakeFiles/blink.dir/C_/Users/leo-v/Desktop/pico_sdk/pico-sdk/src/common/pico_time/time.c.obj
 .text.alarm_pool_init_default
                0x10000e7c       0x38 CMakeFiles/blink.dir/C_/Users/leo-v/Desktop/pico_sdk/pico-sdk/src/common/pico_time/time.c.obj
                0x10000e7c                alarm_pool_init_default
 .text.alarm_pool_get_default
                0x10000eb4       0x2c CMakeFiles/blink.dir/C_/Users/leo-v/Desktop/pico_sdk/pico-sdk/src/common/pico_time/time.c.obj
                0x10000eb4                alarm_pool_get_default
 .text.alarm_pool_add_alarm_at
                0x10000ee0      0x170 CMakeFiles/blink.dir/C_/Users/leo-v/Desktop/pico_sdk/pico-sdk/src/common/pico_time/time.c.obj
                0x10000ee0                alarm_pool_add_alarm_at
 .text.alarm_pool_cancel_alarm
                0x10001050       0xf0 CMakeFiles/blink.dir/C_/Users/leo-v/Desktop/pico_sdk/pico-sdk/src/common/pico_time/time.c.obj
                0x10001050                alarm_pool_cancel_alarm
 .text.alarm_pool_add_repeating_timer_us
                0x10001140       0x9c CMakeFiles/blink.dir/C_/Users/leo-v/Desktop/pico_sdk/pico-sdk/src/common/pico_time/time.c.obj
                0x10001140                alarm_pool_add_repeating_timer_us
 .text.sleep_until
                0x100011dc       0xfc CMakeFiles/blink.dir/C_/Users/leo-v/Desktop/pico_sdk/pico-sdk/src/common/pico_time/time.c.obj
                0x100011dc                sleep_until
 .text.sleep_us
                0x100012d8       0x58 CMakeFiles/blink.dir/C_/Users/leo-v/Desktop/pico_sdk/pico-sdk/src/common/pico_time/time.c.obj
                0x100012d8                sleep_us
 .text.sleep_ms
                0x10001330       0x14 CMakeFiles/blink.dir/C_/Users/leo-v/Desktop/pico_sdk/pico-sdk/src/common/pico_time/time.c.obj
                0x10001330                sleep_ms
 .text.best_effort_wfe_or_timeout
                0x10001344       0x80 CMakeFiles/blink.dir/C_/Users/leo-v/Desktop/pico_sdk/pico-sdk/src/common/pico_time/time.c.obj
                0x10001344                best_effort_wfe_or_timeout
 .text.hardware_alarm_irq_handler
                0x100013c4       0x8c CMakeFiles/blink.dir/C_/Users/leo-v/Desktop/pico_sdk/pico-sdk/src/rp2_common/hardware_timer/timer.c.obj
 .text.hardware_alarm_claim
                0x10001450       0x18 CMakeFiles/blink.dir/C_/Users/leo-v/Desktop/pico_sdk/pico-sdk/src/rp2_common/hardware_timer/timer.c.obj
                0x10001450                hardware_alarm_claim
 .text.time_us_64
                0x10001468       0x18 CMakeFiles/blink.dir/C_/Users/leo-v/Desktop/pico_sdk/pico-sdk/src/rp2_common/hardware_timer/timer.c.obj
                0x10001468                time_us_64
 .text.busy_wait_until
                0x10001480       0x28 CMakeFiles/blink.dir/C_/Users/leo-v/Desktop/pico_sdk/pico-sdk/src/rp2_common/hardware_timer/timer.c.obj
                0x10001480                busy_wait_until
 .text.hardware_alarm_set_callback
                0x100014a8       0x90 CMakeFiles/blink.dir/C_/Users/leo-v/Desktop/pico_sdk/pico-sdk/src/rp2_common/hardware_timer/timer.c.obj
                0x100014a8                hardware_alarm_set_callback
 .text.hardware_alarm_set_target
                0x10001538       0xe8 CMakeFiles/blink.dir/C_/Users/leo-v/Desktop/pico_sdk/pico-sdk/src/rp2_common/hardware_timer/timer.c.obj
                0x10001538                hardware_alarm_set_target
 .text.hardware_alarm_cancel
                0x10001620       0x40 CMakeFiles/blink.dir/C_/Users/leo-v/Desktop/pico_sdk/pico-sdk/src/rp2_common/hardware_timer/timer.c.obj
                0x10001620                hardware_alarm_cancel
 .text.lock_init
                0x10001660       0x10 CMakeFiles/blink.dir/C_/Users/leo-v/Desktop/pico_sdk/pico-sdk/src/common/pico_sync/lock_core.c.obj
                0x10001660                lock_init
 .text.mutex_init
                0x10001670       0x1a CMakeFiles/blink.dir/C_/Users/leo-v/Desktop/pico_sdk/pico-sdk/src/common/pico_sync/mutex.c.obj
                0x10001670                mutex_init
 .text.recursive_mutex_init
                0x1000168a       0x1e CMakeFiles/blink.dir/C_/Users/leo-v/Desktop/pico_sdk/pico-sdk/src/common/pico_sync/mutex.c.obj
                0x1000168a                recursive_mutex_init
 .text.critical_section_init_with_lock_num
                0x100016a8       0x14 CMakeFiles/blink.dir/C_/Users/leo-v/Desktop/pico_sdk/pico-sdk/src/common/pico_sync/critical_section.c.obj
                0x100016a8                critical_section_init_with_lock_num
 .text.critical_section_init
                0x100016bc       0x14 CMakeFiles/blink.dir/C_/Users/leo-v/Desktop/pico_sdk/pico-sdk/src/common/pico_sync/critical_section.c.obj
                0x100016bc                critical_section_init
 .text.ph_add_child_node
                0x100016d0       0xa4 CMakeFiles/blink.dir/C_/Users/leo-v/Desktop/pico_sdk/pico-sdk/src/common/pico_util/pheap.c.obj
 .text.ph_merge_nodes
                0x10001774       0x3e CMakeFiles/blink.dir/C_/Users/leo-v/Desktop/pico_sdk/pico-sdk/src/common/pico_util/pheap.c.obj
 *fill*         0x100017b2        0x2 
 .text.ph_clear
                0x100017b4       0x70 CMakeFiles/blink.dir/C_/Users/leo-v/Desktop/pico_sdk/pico-sdk/src/common/pico_util/pheap.c.obj
                0x100017b4                ph_clear
 .text.ph_post_alloc_init
                0x10001824        0xe CMakeFiles/blink.dir/C_/Users/leo-v/Desktop/pico_sdk/pico-sdk/src/common/pico_util/pheap.c.obj
                0x10001824                ph_post_alloc_init
 *fill*         0x10001832        0x2 
 .text.ph_merge_two_pass
                0x10001834       0xa8 CMakeFiles/blink.dir/C_/Users/leo-v/Desktop/pico_sdk/pico-sdk/src/common/pico_util/pheap.c.obj
                0x10001834                ph_merge_two_pass
 .text.ph_remove_any_head
                0x100018dc      0x108 CMakeFiles/blink.dir/C_/Users/leo-v/Desktop/pico_sdk/pico-sdk/src/common/pico_util/pheap.c.obj
 .text.ph_remove_head
                0x100019e4       0x14 CMakeFiles/blink.dir/C_/Users/leo-v/Desktop/pico_sdk/pico-sdk/src/common/pico_util/pheap.c.obj
                0x100019e4                ph_remove_head
 .text.ph_remove_and_free_node
                0x100019f8       0xf8 CMakeFiles/blink.dir/C_/Users/leo-v/Desktop/pico_sdk/pico-sdk/src/common/pico_util/pheap.c.obj
                0x100019f8                ph_remove_and_free_node
 .text._exit    0x10001af0        0x4 CMakeFiles/blink.dir/C_/Users/leo-v/Desktop/pico_sdk/pico-sdk/src/rp2_common/pico_runtime/runtime.c.obj
                0x10001af0                _exit
 .text.exit     0x10001af4        0x6 CMakeFiles/blink.dir/C_/Users/leo-v/Desktop/pico_sdk/pico-sdk/src/rp2_common/pico_runtime/runtime.c.obj
                0x10001af4                exit
 *fill*         0x10001afa        0x2 
 .text.__assert_func
                0x10001afc       0x3c CMakeFiles/blink.dir/C_/Users/leo-v/Desktop/pico_sdk/pico-sdk/src/rp2_common/pico_runtime/runtime.c.obj
                0x10001afc                __assert_func
 .text.runtime_init
                0x10001b38       0xf8 CMakeFiles/blink.dir/C_/Users/leo-v/Desktop/pico_sdk/pico-sdk/src/rp2_common/pico_runtime/runtime.c.obj
                0x10001b38                runtime_init
 .text.panic    0x10001c30       0x30 CMakeFiles/blink.dir/C_/Users/leo-v/Desktop/pico_sdk/pico-sdk/src/rp2_common/pico_runtime/runtime.c.obj
                0x10001c30                panic
 .text.clock_configure
                0x10001c60      0x104 CMakeFiles/blink.dir/C_/Users/leo-v/Desktop/pico_sdk/pico-sdk/src/rp2_common/hardware_clocks/clocks.c.obj
                0x10001c60                clock_configure
 .text.clocks_init
                0x10001d64      0x100 CMakeFiles/blink.dir/C_/Users/leo-v/Desktop/pico_sdk/pico-sdk/src/rp2_common/hardware_clocks/clocks.c.obj
                0x10001d64                clocks_init
 .text.set_raw_irq_handler_and_unlock
                0x10001e64       0x28 CMakeFiles/blink.dir/C_/Users/leo-v/Desktop/pico_sdk/pico-sdk/src/rp2_common/hardware_irq/irq.c.obj
 .text.make_branch
                0x10001e8c       0x34 CMakeFiles/blink.dir/C_/Users/leo-v/Desktop/pico_sdk/pico-sdk/src/rp2_common/hardware_irq/irq.c.obj
 .text.insert_branch_and_link
                0x10001ec0       0x40 CMakeFiles/blink.dir/C_/Users/leo-v/Desktop/pico_sdk/pico-sdk/src/rp2_common/hardware_irq/irq.c.obj
 .text.irq_is_enabled
                0x10001f00       0x18 CMakeFiles/blink.dir/C_/Users/leo-v/Desktop/pico_sdk/pico-sdk/src/rp2_common/hardware_irq/irq.c.obj
                0x10001f00                irq_is_enabled
 .text.irq_set_mask_enabled
                0x10001f18       0x20 CMakeFiles/blink.dir/C_/Users/leo-v/Desktop/pico_sdk/pico-sdk/src/rp2_common/hardware_irq/irq.c.obj
                0x10001f18                irq_set_mask_enabled
 .text.irq_set_enabled
                0x10001f38        0xe CMakeFiles/blink.dir/C_/Users/leo-v/Desktop/pico_sdk/pico-sdk/src/rp2_common/hardware_irq/irq.c.obj
                0x10001f38                irq_set_enabled
 *fill*         0x10001f46        0x2 
 .text.irq_set_pending
                0x10001f48       0x10 CMakeFiles/blink.dir/C_/Users/leo-v/Desktop/pico_sdk/pico-sdk/src/rp2_common/hardware_irq/irq.c.obj
                0x10001f48                irq_set_pending
 .text.irq_get_vtable_handler
                0x10001f58       0x10 CMakeFiles/blink.dir/C_/Users/leo-v/Desktop/pico_sdk/pico-sdk/src/rp2_common/hardware_irq/irq.c.obj
                0x10001f58                irq_get_vtable_handler
 .text.irq_set_exclusive_handler
                0x10001f68       0x54 CMakeFiles/blink.dir/C_/Users/leo-v/Desktop/pico_sdk/pico-sdk/src/rp2_common/hardware_irq/irq.c.obj
                0x10001f68                irq_set_exclusive_handler
 .text.irq_remove_handler
                0x10001fbc      0x1ac CMakeFiles/blink.dir/C_/Users/leo-v/Desktop/pico_sdk/pico-sdk/src/rp2_common/hardware_irq/irq.c.obj
                0x10001fbc                irq_remove_handler
 .text.irq_add_tail_to_free_list
                0x10002168       0xf0 CMakeFiles/blink.dir/C_/Users/leo-v/Desktop/pico_sdk/pico-sdk/src/rp2_common/hardware_irq/irq.c.obj
                0x10002168                irq_add_tail_to_free_list
 .text.irq_init_priorities
                0x10002258       0x1c CMakeFiles/blink.dir/C_/Users/leo-v/Desktop/pico_sdk/pico-sdk/src/rp2_common/hardware_irq/irq.c.obj
                0x10002258                irq_init_priorities
 .text.pll_init
                0x10002274      0x118 CMakeFiles/blink.dir/C_/Users/leo-v/Desktop/pico_sdk/pico-sdk/src/rp2_common/hardware_pll/pll.c.obj
                0x10002274                pll_init
 .text.watchdog_start_tick
                0x1000238c       0x10 CMakeFiles/blink.dir/C_/Users/leo-v/Desktop/pico_sdk/pico-sdk/src/rp2_common/hardware_watchdog/watchdog.c.obj
                0x1000238c                watchdog_start_tick
 .text.watchdog_update
                0x1000239c       0x14 CMakeFiles/blink.dir/C_/Users/leo-v/Desktop/pico_sdk/pico-sdk/src/rp2_common/hardware_watchdog/watchdog.c.obj
                0x1000239c                watchdog_update
 .text._watchdog_enable
                0x100023b0       0x78 CMakeFiles/blink.dir/C_/Users/leo-v/Desktop/pico_sdk/pico-sdk/src/rp2_common/hardware_watchdog/watchdog.c.obj
                0x100023b0                _watchdog_enable
 .text.watchdog_reboot
                0x10002428       0x48 CMakeFiles/blink.dir/C_/Users/leo-v/Desktop/pico_sdk/pico-sdk/src/rp2_common/hardware_watchdog/watchdog.c.obj
                0x10002428                watchdog_reboot
 .text.xosc_init
                0x10002470       0x28 CMakeFiles/blink.dir/C_/Users/leo-v/Desktop/pico_sdk/pico-sdk/src/rp2_common/hardware_xosc/xosc.c.obj
                0x10002470                xosc_init
 .text._out_null
                0x10002498        0x2 CMakeFiles/blink.dir/C_/Users/leo-v/Desktop/pico_sdk/pico-sdk/src/rp2_common/pico_printf/printf.c.obj
 .text._out_fct
                0x1000249a        0xe CMakeFiles/blink.dir/C_/Users/leo-v/Desktop/pico_sdk/pico-sdk/src/rp2_common/pico_printf/printf.c.obj
 .text._atoi    0x100024a8       0x24 CMakeFiles/blink.dir/C_/Users/leo-v/Desktop/pico_sdk/pico-sdk/src/rp2_common/pico_printf/printf.c.obj
 .text._out_rev
                0x100024cc       0xae CMakeFiles/blink.dir/C_/Users/leo-v/Desktop/pico_sdk/pico-sdk/src/rp2_common/pico_printf/printf.c.obj
 .text._ntoa_format
                0x1000257a      0x112 CMakeFiles/blink.dir/C_/Users/leo-v/Desktop/pico_sdk/pico-sdk/src/rp2_common/pico_printf/printf.c.obj
 .text._ntoa_long
                0x1000268c       0xbc CMakeFiles/blink.dir/C_/Users/leo-v/Desktop/pico_sdk/pico-sdk/src/rp2_common/pico_printf/printf.c.obj
 .text._ntoa_long_long
                0x10002748       0xe2 CMakeFiles/blink.dir/C_/Users/leo-v/Desktop/pico_sdk/pico-sdk/src/rp2_common/pico_printf/printf.c.obj
 *fill*         0x1000282a        0x2 
 .text._etoa    0x1000282c      0x414 CMakeFiles/blink.dir/C_/Users/leo-v/Desktop/pico_sdk/pico-sdk/src/rp2_common/pico_printf/printf.c.obj
 .text._ftoa    0x10002c40      0x354 CMakeFiles/blink.dir/C_/Users/leo-v/Desktop/pico_sdk/pico-sdk/src/rp2_common/pico_printf/printf.c.obj
 .text._vsnprintf
                0x10002f94      0x624 CMakeFiles/blink.dir/C_/Users/leo-v/Desktop/pico_sdk/pico-sdk/src/rp2_common/pico_printf/printf.c.obj
 .text.vfctprintf
                0x100035b8       0x20 CMakeFiles/blink.dir/C_/Users/leo-v/Desktop/pico_sdk/pico-sdk/src/rp2_common/pico_printf/printf.c.obj
                0x100035b8                vfctprintf
 .text          0x100035d8       0x10 CMakeFiles/blink.dir/C_/Users/leo-v/Desktop/pico_sdk/pico-sdk/src/rp2_common/pico_bit_ops/bit_ops_aeabi.S.obj
 .text.rom_func_lookup
                0x100035e8       0x10 CMakeFiles/blink.dir/C_/Users/leo-v/Desktop/pico_sdk/pico-sdk/src/rp2_common/pico_bootrom/bootrom.c.obj
                0x100035e8                rom_func_lookup
 .text.rom_data_lookup
                0x100035f8       0x10 CMakeFiles/blink.dir/C_/Users/leo-v/Desktop/pico_sdk/pico-sdk/src/rp2_common/pico_bootrom/bootrom.c.obj
                0x100035f8                rom_data_lookup
 .text.rom_funcs_lookup
                0x10003608       0x36 CMakeFiles/blink.dir/C_/Users/leo-v/Desktop/pico_sdk/pico-sdk/src/rp2_common/pico_bootrom/bootrom.c.obj
                0x10003608                rom_funcs_lookup
 *fill*         0x1000363e        0x2 
 .text.__wrap___aeabi_idiv
                0x10003640       0x50 CMakeFiles/blink.dir/C_/Users/leo-v/Desktop/pico_sdk/pico-sdk/src/rp2_common/pico_divider/divider.S.obj
                0x10003640                __wrap___aeabi_idivmod
                0x10003640                divmod_s32s32
                0x10003640                div_s32s32
                0x10003640                __wrap___aeabi_idiv
                0x10003648                divmod_s32s32_unsafe
                0x10003674                divmod_s32s32_savestate
 .text.__wrap___aeabi_uidiv
                0x10003690       0x4c CMakeFiles/blink.dir/C_/Users/leo-v/Desktop/pico_sdk/pico-sdk/src/rp2_common/pico_divider/divider.S.obj
                0x10003690                __wrap___aeabi_uidiv
                0x10003690                __wrap___aeabi_uidivmod
                0x10003690                div_u32u32
                0x10003690                divmod_u32u32
                0x10003698                divmod_u32u32_unsafe
                0x100036c0                divmod_u32u32_savestate
 .text.__wrap___aeabi_ldiv
                0x100036dc      0x434 CMakeFiles/blink.dir/C_/Users/leo-v/Desktop/pico_sdk/pico-sdk/src/rp2_common/pico_divider/divider.S.obj
                0x100036dc                div_s64s64
                0x100036dc                divmod_s64s64
                0x100036dc                __wrap___aeabi_ldivmod
                0x10003714                divmod_u64u64
                0x10003714                div_u64u64
                0x10003714                __wrap___aeabi_uldivmod
                0x10003724                divmod_u64u64_savestate
                0x1000374c                divmod_s64s64_unsafe
                0x100037d4                divmod_u64u64_unsafe
 .text.__wrap___aeabi_darithmetic
                0x10003b10       0x80 CMakeFiles/blink.dir/C_/Users/leo-v/Desktop/pico_sdk/pico-sdk/src/rp2_common/pico_double/double_aeabi.S.obj
                0x10003b10                __wrap___aeabi_drsub
                0x10003b16                __wrap___aeabi_dsub
                0x10003b28                __wrap___aeabi_dadd
                0x10003b3a                __wrap___aeabi_ddiv
                0x10003b76                __wrap___aeabi_dmul
 .text.__wrap___aeabi_cdcmple
                0x10003b90       0x6c CMakeFiles/blink.dir/C_/Users/leo-v/Desktop/pico_sdk/pico-sdk/src/rp2_common/pico_double/double_aeabi.S.obj
                0x10003b90                __wrap___aeabi_cdrcmple
                0x10003ba0                __wrap___aeabi_cdcmpeq
                0x10003ba0                __wrap___aeabi_cdcmple
 .text.__wrap___aeabi_dcmplt
                0x10003bfc        0xc CMakeFiles/blink.dir/C_/Users/leo-v/Desktop/pico_sdk/pico-sdk/src/rp2_common/pico_double/double_aeabi.S.obj
                0x10003bfc                __wrap___aeabi_dcmplt
 .text.__wrap___aeabi_dcmple
                0x10003c08       0x10 CMakeFiles/blink.dir/C_/Users/leo-v/Desktop/pico_sdk/pico-sdk/src/rp2_common/pico_double/double_aeabi.S.obj
                0x10003c08                __wrap___aeabi_dcmple
 .text.__wrap___aeabi_dcmpge
                0x10003c18       0x10 CMakeFiles/blink.dir/C_/Users/leo-v/Desktop/pico_sdk/pico-sdk/src/rp2_common/pico_double/double_aeabi.S.obj
                0x10003c18                __wrap___aeabi_dcmpge
 .text.__wrap___aeabi_dcmpgt
                0x10003c28        0xa CMakeFiles/blink.dir/C_/Users/leo-v/Desktop/pico_sdk/pico-sdk/src/rp2_common/pico_double/double_aeabi.S.obj
                0x10003c28                __wrap___aeabi_dcmpgt
 .text.__wrap___aeabi_dcmpun
                0x10003c32       0x1c CMakeFiles/blink.dir/C_/Users/leo-v/Desktop/pico_sdk/pico-sdk/src/rp2_common/pico_double/double_aeabi.S.obj
                0x10003c32                __wrap___aeabi_dcmpun
 *fill*         0x10003c4e        0x2 
 .text.__wrap___aeabi_i2d
                0x10003c50       0x38 CMakeFiles/blink.dir/C_/Users/leo-v/Desktop/pico_sdk/pico-sdk/src/rp2_common/pico_double/double_aeabi.S.obj
                0x10003c50                __wrap___aeabi_ui2d
                0x10003c58                __wrap___aeabi_i2d
 .text.__wrap___aeabi_d2iz
                0x10003c88       0x48 CMakeFiles/blink.dir/C_/Users/leo-v/Desktop/pico_sdk/pico-sdk/src/rp2_common/pico_double/double_aeabi.S.obj
                0x10003c88                double2int_z
                0x10003c88                __wrap___aeabi_d2iz
 .text.__wrap___aeabi_d2uiz
                0x10003cd0       0x18 CMakeFiles/blink.dir/C_/Users/leo-v/Desktop/pico_sdk/pico-sdk/src/rp2_common/pico_double/double_aeabi.S.obj
                0x10003cd0                __wrap___aeabi_d2uiz
                0x10003cd0                double2uint
 .text.__aeabi_double_init
                0x10003ce8       0xc8 CMakeFiles/blink.dir/C_/Users/leo-v/Desktop/pico_sdk/pico-sdk/src/rp2_common/pico_double/double_init_rom.c.obj
                0x10003ce8                __aeabi_double_init
 .text.double_table_shim_on_use_helper
                0x10003db0       0x34 CMakeFiles/blink.dir/C_/Users/leo-v/Desktop/pico_sdk/pico-sdk/src/rp2_common/pico_double/double_v1_rom_shim.S.obj
                0x10003db0                double_table_shim_on_use_helper
 .text.__wrap___aeabi_dsub
                0x10003de4       0x10 CMakeFiles/blink.dir/C_/Users/leo-v/Desktop/pico_sdk/pico-sdk/src/rp2_common/pico_double/double_v1_rom_shim.S.obj
                0x10003de4                drsub_shim
                0x10003dea                dsub_shim
 .text.dadd_shim
                0x10003df4      0x15c CMakeFiles/blink.dir/C_/Users/leo-v/Desktop/pico_sdk/pico-sdk/src/rp2_common/pico_double/double_v1_rom_shim.S.obj
                0x10003df4                dadd_shim
 .text.dmul_shim
                0x10003f50      0x15c CMakeFiles/blink.dir/C_/Users/leo-v/Desktop/pico_sdk/pico-sdk/src/rp2_common/pico_double/double_v1_rom_shim.S.obj
                0x10003f50                dmul_shim
 .text.ddiv_shim
                0x100040ac      0x1b0 CMakeFiles/blink.dir/C_/Users/leo-v/Desktop/pico_sdk/pico-sdk/src/rp2_common/pico_double/double_v1_rom_shim.S.obj
                0x100040ac                ddiv_shim
 .text.double2uint_shim
                0x1000425c        0xe CMakeFiles/blink.dir/C_/Users/leo-v/Desktop/pico_sdk/pico-sdk/src/rp2_common/pico_double/double_v1_rom_shim.S.obj
                0x1000425c                double2uint_shim
                0x1000425e                double2ufix_shim
 *fill*         0x1000426a        0x2 
 .text.double2uint64_shim
                0x1000426c       0x70 CMakeFiles/blink.dir/C_/Users/leo-v/Desktop/pico_sdk/pico-sdk/src/rp2_common/pico_double/double_v1_rom_shim.S.obj
                0x1000426c                double2uint64_shim
                0x1000426e                double2ufix64_shim
                0x1000428e                d2fix_a
 .text.dunpacks
                0x100042dc       0x3c CMakeFiles/blink.dir/C_/Users/leo-v/Desktop/pico_sdk/pico-sdk/src/rp2_common/pico_double/double_v1_rom_shim.S.obj
                0x100042dc                dunpacks
 .text.__aeabi_lmul
                0x10004318       0x32 CMakeFiles/blink.dir/C_/Users/leo-v/Desktop/pico_sdk/pico-sdk/src/rp2_common/pico_int64_ops/pico_int64_ops_aeabi.S.obj
                0x10004318                __wrap___aeabi_lmul
 *fill*         0x1000434a        0x2 
 .text.__aeabi_float_init
                0x1000434c       0xfc CMakeFiles/blink.dir/C_/Users/leo-v/Desktop/pico_sdk/pico-sdk/src/rp2_common/pico_float/float_init_rom.c.obj
                0x1000434c                __aeabi_float_init
 .text.float_table_shim_on_use_helper
                0x10004448       0x34 CMakeFiles/blink.dir/C_/Users/leo-v/Desktop/pico_sdk/pico-sdk/src/rp2_common/pico_float/float_v1_rom_shim.S.obj
                0x10004448                float_table_shim_on_use_helper
 .text          0x1000447c       0x10 CMakeFiles/blink.dir/C_/Users/leo-v/Desktop/pico_sdk/pico-sdk/src/rp2_common/pico_mem_ops/mem_ops_aeabi.S.obj
                0x1000447c                __aeabi_mem_init
 .text.memset   0x1000448c        0xc CMakeFiles/blink.dir/C_/Users/leo-v/Desktop/pico_sdk/pico-sdk/src/rp2_common/pico_mem_ops/mem_ops_aeabi.S.obj
                0x1000448c                __wrap_memset
 .text.memcpy   0x10004498        0xc CMakeFiles/blink.dir/C_/Users/leo-v/Desktop/pico_sdk/pico-sdk/src/rp2_common/pico_mem_ops/mem_ops_aeabi.S.obj
                0x10004498                __wrap_memcpy
                0x10004498                __wrap___aeabi_memcpy
 .text.stdio_out_chars_no_crlf
                0x100044a4        0xe CMakeFiles/blink.dir/C_/Users/leo-v/Desktop/pico_sdk/pico-sdk/src/rp2_common/pico_stdio/stdio.c.obj
 *fill*         0x100044b2        0x2 
 .text.stdio_out_chars_crlf
                0x100044b4       0x80 CMakeFiles/blink.dir/C_/Users/leo-v/Desktop/pico_sdk/pico-sdk/src/rp2_common/pico_stdio/stdio.c.obj
 .text.stdio_stack_buffer_flush
                0x10004534       0x44 CMakeFiles/blink.dir/C_/Users/leo-v/Desktop/pico_sdk/pico-sdk/src/rp2_common/pico_stdio/stdio.c.obj
 .text.stdio_buffered_printer
                0x10004578       0x20 CMakeFiles/blink.dir/C_/Users/leo-v/Desktop/pico_sdk/pico-sdk/src/rp2_common/pico_stdio/stdio.c.obj
 .text.stdout_serialize_begin
                0x10004598       0x30 CMakeFiles/blink.dir/C_/Users/leo-v/Desktop/pico_sdk/pico-sdk/src/rp2_common/pico_stdio/stdio.c.obj
                0x10004598                stdout_serialize_begin
 .text.stdout_serialize_end
                0x100045c8       0x10 CMakeFiles/blink.dir/C_/Users/leo-v/Desktop/pico_sdk/pico-sdk/src/rp2_common/pico_stdio/stdio.c.obj
                0x100045c8                stdout_serialize_end
 .text.stdio_put_string
                0x100045d8       0x98 CMakeFiles/blink.dir/C_/Users/leo-v/Desktop/pico_sdk/pico-sdk/src/rp2_common/pico_stdio/stdio.c.obj
 .text.stdio_set_driver_enabled
                0x10004670       0x38 CMakeFiles/blink.dir/C_/Users/leo-v/Desktop/pico_sdk/pico-sdk/src/rp2_common/pico_stdio/stdio.c.obj
                0x10004670                stdio_set_driver_enabled
 .text.stdio_flush
                0x100046a8       0x20 CMakeFiles/blink.dir/C_/Users/leo-v/Desktop/pico_sdk/pico-sdk/src/rp2_common/pico_stdio/stdio.c.obj
                0x100046a8                stdio_flush
 .text.__wrap_puts
                0x100046c8       0x1e CMakeFiles/blink.dir/C_/Users/leo-v/Desktop/pico_sdk/pico-sdk/src/rp2_common/pico_stdio/stdio.c.obj
                0x100046c8                __wrap_puts
 *fill*         0x100046e6        0x2 
 .text.__wrap_vprintf
                0x100046e8       0x44 CMakeFiles/blink.dir/C_/Users/leo-v/Desktop/pico_sdk/pico-sdk/src/rp2_common/pico_stdio/stdio.c.obj
                0x100046e8                __wrap_vprintf
 .text.__wrap_printf
                0x1000472c       0x18 CMakeFiles/blink.dir/C_/Users/leo-v/Desktop/pico_sdk/pico-sdk/src/rp2_common/pico_stdio/stdio.c.obj
                0x1000472c                __wrap_printf
 .text.stdio_init_all
                0x10004744        0x8 CMakeFiles/blink.dir/C_/Users/leo-v/Desktop/pico_sdk/pico-sdk/src/rp2_common/pico_stdio/stdio.c.obj
                0x10004744                stdio_init_all
 .text.resetd_init
                0x1000474c        0x2 CMakeFiles/blink.dir/C_/Users/leo-v/Desktop/pico_sdk/pico-sdk/src/rp2_common/pico_stdio_usb/reset_interface.c.obj
 *fill*         0x1000474e        0x2 
 .text.resetd_reset
                0x10004750        0xc CMakeFiles/blink.dir/C_/Users/leo-v/Desktop/pico_sdk/pico-sdk/src/rp2_common/pico_stdio_usb/reset_interface.c.obj
 .text.resetd_open
                0x1000475c       0x34 CMakeFiles/blink.dir/C_/Users/leo-v/Desktop/pico_sdk/pico-sdk/src/rp2_common/pico_stdio_usb/reset_interface.c.obj
 .text.resetd_xfer_cb
                0x10004790        0x4 CMakeFiles/blink.dir/C_/Users/leo-v/Desktop/pico_sdk/pico-sdk/src/rp2_common/pico_stdio_usb/reset_interface.c.obj
 .text.reset_usb_boot
                0x10004794       0x18 CMakeFiles/blink.dir/C_/Users/leo-v/Desktop/pico_sdk/pico-sdk/src/rp2_common/pico_stdio_usb/reset_interface.c.obj
 .text.resetd_control_xfer_cb
                0x100047ac       0x5c CMakeFiles/blink.dir/C_/Users/leo-v/Desktop/pico_sdk/pico-sdk/src/rp2_common/pico_stdio_usb/reset_interface.c.obj
 .text.usbd_app_driver_get_cb
                0x10004808        0xc CMakeFiles/blink.dir/C_/Users/leo-v/Desktop/pico_sdk/pico-sdk/src/rp2_common/pico_stdio_usb/reset_interface.c.obj
                0x10004808                usbd_app_driver_get_cb
 .text.tud_cdc_line_coding_cb
                0x10004814       0x28 CMakeFiles/blink.dir/C_/Users/leo-v/Desktop/pico_sdk/pico-sdk/src/rp2_common/pico_stdio_usb/reset_interface.c.obj
                0x10004814                tud_cdc_line_coding_cb
 .text.stdio_usb_in_chars
                0x1000483c       0x70 CMakeFiles/blink.dir/C_/Users/leo-v/Desktop/pico_sdk/pico-sdk/src/rp2_common/pico_stdio_usb/stdio_usb.c.obj
                0x1000483c                stdio_usb_in_chars
 .text.low_priority_worker_irq
                0x100048ac       0x20 CMakeFiles/blink.dir/C_/Users/leo-v/Desktop/pico_sdk/pico-sdk/src/rp2_common/pico_stdio_usb/stdio_usb.c.obj
 .text.stdio_usb_out_chars
                0x100048cc       0xd4 CMakeFiles/blink.dir/C_/Users/leo-v/Desktop/pico_sdk/pico-sdk/src/rp2_common/pico_stdio_usb/stdio_usb.c.obj
 .text.timer_task
                0x100049a0       0x10 CMakeFiles/blink.dir/C_/Users/leo-v/Desktop/pico_sdk/pico-sdk/src/rp2_common/pico_stdio_usb/stdio_usb.c.obj
 .text.stdio_usb_init
                0x100049b0       0xb8 CMakeFiles/blink.dir/C_/Users/leo-v/Desktop/pico_sdk/pico-sdk/src/rp2_common/pico_stdio_usb/stdio_usb.c.obj
                0x100049b0                stdio_usb_init
 .text.tud_descriptor_device_cb
                0x10004a68        0x8 CMakeFiles/blink.dir/C_/Users/leo-v/Desktop/pico_sdk/pico-sdk/src/rp2_common/pico_stdio_usb/stdio_usb_descriptors.c.obj
                0x10004a68                tud_descriptor_device_cb
 .text.tud_descriptor_configuration_cb
                0x10004a70        0x8 CMakeFiles/blink.dir/C_/Users/leo-v/Desktop/pico_sdk/pico-sdk/src/rp2_common/pico_stdio_usb/stdio_usb_descriptors.c.obj
                0x10004a70                tud_descriptor_configuration_cb
 .text.tud_descriptor_string_cb
                0x10004a78       0x6c CMakeFiles/blink.dir/C_/Users/leo-v/Desktop/pico_sdk/pico-sdk/src/rp2_common/pico_stdio_usb/stdio_usb_descriptors.c.obj
                0x10004a78                tud_descriptor_string_cb
 .text.hw_endpoint_get_by_addr
                0x10004ae4       0x18 CMakeFiles/blink.dir/C_/Users/leo-v/Desktop/pico_sdk/pico-sdk/lib/tinyusb/src/portable/raspberrypi/rp2040/dcd_rp2040.c.obj
 .text.reset_ep0_pid
                0x10004afc       0x28 CMakeFiles/blink.dir/C_/Users/leo-v/Desktop/pico_sdk/pico-sdk/lib/tinyusb/src/portable/raspberrypi/rp2040/dcd_rp2040.c.obj
 .text._hw_endpoint_alloc
                0x10004b24       0x70 CMakeFiles/blink.dir/C_/Users/leo-v/Desktop/pico_sdk/pico-sdk/lib/tinyusb/src/portable/raspberrypi/rp2040/dcd_rp2040.c.obj
 .text.hw_endpoint_init
                0x10004b94       0x88 CMakeFiles/blink.dir/C_/Users/leo-v/Desktop/pico_sdk/pico-sdk/lib/tinyusb/src/portable/raspberrypi/rp2040/dcd_rp2040.c.obj
 .text.reset_non_control_endpoints
                0x10004c1c       0x40 CMakeFiles/blink.dir/C_/Users/leo-v/Desktop/pico_sdk/pico-sdk/lib/tinyusb/src/portable/raspberrypi/rp2040/dcd_rp2040.c.obj
 .text.hw_handle_buff_status
                0x10004c5c       0x8c CMakeFiles/blink.dir/C_/Users/leo-v/Desktop/pico_sdk/pico-sdk/lib/tinyusb/src/portable/raspberrypi/rp2040/dcd_rp2040.c.obj
 .text.dcd_rp2040_irq
                0x10004ce8       0xc0 CMakeFiles/blink.dir/C_/Users/leo-v/Desktop/pico_sdk/pico-sdk/lib/tinyusb/src/portable/raspberrypi/rp2040/dcd_rp2040.c.obj
 .text.hw_endpoint_xfer
                0x10004da8       0x14 CMakeFiles/blink.dir/C_/Users/leo-v/Desktop/pico_sdk/pico-sdk/lib/tinyusb/src/portable/raspberrypi/rp2040/dcd_rp2040.c.obj
 .text.dcd_int_enable
                0x10004dbc       0x2c CMakeFiles/blink.dir/C_/Users/leo-v/Desktop/pico_sdk/pico-sdk/lib/tinyusb/src/portable/raspberrypi/rp2040/dcd_rp2040.c.obj
                0x10004dbc                dcd_int_enable
 .text.dcd_set_address
                0x10004de8       0x2c CMakeFiles/blink.dir/C_/Users/leo-v/Desktop/pico_sdk/pico-sdk/lib/tinyusb/src/portable/raspberrypi/rp2040/dcd_rp2040.c.obj
                0x10004de8                dcd_set_address
 .text.dcd_connect
                0x10004e14       0x10 CMakeFiles/blink.dir/C_/Users/leo-v/Desktop/pico_sdk/pico-sdk/lib/tinyusb/src/portable/raspberrypi/rp2040/dcd_rp2040.c.obj
                0x10004e14                dcd_connect
 .text.dcd_init
                0x10004e24       0x7c CMakeFiles/blink.dir/C_/Users/leo-v/Desktop/pico_sdk/pico-sdk/lib/tinyusb/src/portable/raspberrypi/rp2040/dcd_rp2040.c.obj
                0x10004e24                dcd_init
 .text.dcd_edpt0_status_complete
                0x10004ea0       0x1c CMakeFiles/blink.dir/C_/Users/leo-v/Desktop/pico_sdk/pico-sdk/lib/tinyusb/src/portable/raspberrypi/rp2040/dcd_rp2040.c.obj
                0x10004ea0                dcd_edpt0_status_complete
 .text.dcd_edpt_open
                0x10004ebc       0x40 CMakeFiles/blink.dir/C_/Users/leo-v/Desktop/pico_sdk/pico-sdk/lib/tinyusb/src/portable/raspberrypi/rp2040/dcd_rp2040.c.obj
                0x10004ebc                dcd_edpt_open
 .text.dcd_edpt_close_all
                0x10004efc        0x8 CMakeFiles/blink.dir/C_/Users/leo-v/Desktop/pico_sdk/pico-sdk/lib/tinyusb/src/portable/raspberrypi/rp2040/dcd_rp2040.c.obj
                0x10004efc                dcd_edpt_close_all
 .text.dcd_edpt_xfer
                0x10004f04       0x30 CMakeFiles/blink.dir/C_/Users/leo-v/Desktop/pico_sdk/pico-sdk/lib/tinyusb/src/portable/raspberrypi/rp2040/dcd_rp2040.c.obj
                0x10004f04                dcd_edpt_xfer
 .text.dcd_edpt_stall
                0x10004f34       0x2c CMakeFiles/blink.dir/C_/Users/leo-v/Desktop/pico_sdk/pico-sdk/lib/tinyusb/src/portable/raspberrypi/rp2040/dcd_rp2040.c.obj
                0x10004f34                dcd_edpt_stall
 .text.dcd_edpt_clear_stall
                0x10004f60       0x20 CMakeFiles/blink.dir/C_/Users/leo-v/Desktop/pico_sdk/pico-sdk/lib/tinyusb/src/portable/raspberrypi/rp2040/dcd_rp2040.c.obj
                0x10004f60                dcd_edpt_clear_stall
 .text.prepare_ep_buffer
                0x10004f80       0x70 CMakeFiles/blink.dir/C_/Users/leo-v/Desktop/pico_sdk/pico-sdk/lib/tinyusb/src/portable/raspberrypi/rp2040/rp2040_usb.c.obj
 .text.sync_ep_buffer
                0x10004ff0       0x7c CMakeFiles/blink.dir/C_/Users/leo-v/Desktop/pico_sdk/pico-sdk/lib/tinyusb/src/portable/raspberrypi/rp2040/rp2040_usb.c.obj
 .text._hw_endpoint_xfer_sync
                0x1000506c       0x28 CMakeFiles/blink.dir/C_/Users/leo-v/Desktop/pico_sdk/pico-sdk/lib/tinyusb/src/portable/raspberrypi/rp2040/rp2040_usb.c.obj
 .text.rp2040_usb_init
                0x10005094       0x4c CMakeFiles/blink.dir/C_/Users/leo-v/Desktop/pico_sdk/pico-sdk/lib/tinyusb/src/portable/raspberrypi/rp2040/rp2040_usb.c.obj
                0x10005094                rp2040_usb_init
 .text.hw_endpoint_reset_transfer
                0x100050e0        0xc CMakeFiles/blink.dir/C_/Users/leo-v/Desktop/pico_sdk/pico-sdk/lib/tinyusb/src/portable/raspberrypi/rp2040/rp2040_usb.c.obj
                0x100050e0                hw_endpoint_reset_transfer
 .text._hw_endpoint_buffer_control_update32
                0x100050ec       0x58 CMakeFiles/blink.dir/C_/Users/leo-v/Desktop/pico_sdk/pico-sdk/lib/tinyusb/src/portable/raspberrypi/rp2040/rp2040_usb.c.obj
                0x100050ec                _hw_endpoint_buffer_control_update32
 .text._hw_endpoint_start_next_buffer
                0x10005144       0x74 CMakeFiles/blink.dir/C_/Users/leo-v/Desktop/pico_sdk/pico-sdk/lib/tinyusb/src/portable/raspberrypi/rp2040/rp2040_usb.c.obj
 .text.hw_endpoint_xfer_start
                0x100051b8       0x48 CMakeFiles/blink.dir/C_/Users/leo-v/Desktop/pico_sdk/pico-sdk/lib/tinyusb/src/portable/raspberrypi/rp2040/rp2040_usb.c.obj
                0x100051b8                hw_endpoint_xfer_start
 .text.hw_endpoint_xfer_continue
                0x10005200       0x38 CMakeFiles/blink.dir/C_/Users/leo-v/Desktop/pico_sdk/pico-sdk/lib/tinyusb/src/portable/raspberrypi/rp2040/rp2040_usb.c.obj
                0x10005200                hw_endpoint_xfer_continue
 .text.configuration_reset
                0x10005238       0x84 CMakeFiles/blink.dir/C_/Users/leo-v/Desktop/pico_sdk/pico-sdk/lib/tinyusb/src/device/usbd.c.obj
 .text.usbd_reset
                0x100052bc        0xc CMakeFiles/blink.dir/C_/Users/leo-v/Desktop/pico_sdk/pico-sdk/lib/tinyusb/src/device/usbd.c.obj
 .text.invoke_class_control
                0x100052c8       0x1a CMakeFiles/blink.dir/C_/Users/leo-v/Desktop/pico_sdk/pico-sdk/lib/tinyusb/src/device/usbd.c.obj
 *fill*         0x100052e2        0x2 
 .text.process_set_config
                0x100052e4      0x1b0 CMakeFiles/blink.dir/C_/Users/leo-v/Desktop/pico_sdk/pico-sdk/lib/tinyusb/src/device/usbd.c.obj
 .text.process_get_descriptor
                0x10005494       0xec CMakeFiles/blink.dir/C_/Users/leo-v/Desktop/pico_sdk/pico-sdk/lib/tinyusb/src/device/usbd.c.obj
 .text.tud_mounted
                0x10005580       0x10 CMakeFiles/blink.dir/C_/Users/leo-v/Desktop/pico_sdk/pico-sdk/lib/tinyusb/src/device/usbd.c.obj
                0x10005580                tud_mounted
 .text.tud_suspended
                0x10005590       0x10 CMakeFiles/blink.dir/C_/Users/leo-v/Desktop/pico_sdk/pico-sdk/lib/tinyusb/src/device/usbd.c.obj
                0x10005590                tud_suspended
 .text.tud_inited
                0x100055a0        0xc CMakeFiles/blink.dir/C_/Users/leo-v/Desktop/pico_sdk/pico-sdk/lib/tinyusb/src/device/usbd.c.obj
                0x100055a0                tud_inited
 .text.tud_init
                0x100055ac       0xcc CMakeFiles/blink.dir/C_/Users/leo-v/Desktop/pico_sdk/pico-sdk/lib/tinyusb/src/device/usbd.c.obj
                0x100055ac                tud_init
 .text.dcd_event_handler
                0x10005678      0x1e0 CMakeFiles/blink.dir/C_/Users/leo-v/Desktop/pico_sdk/pico-sdk/lib/tinyusb/src/device/usbd.c.obj
                0x10005678                dcd_event_handler
 .text.dcd_event_bus_signal
                0x10005858       0x26 CMakeFiles/blink.dir/C_/Users/leo-v/Desktop/pico_sdk/pico-sdk/lib/tinyusb/src/device/usbd.c.obj
                0x10005858                dcd_event_bus_signal
 .text.dcd_event_bus_reset
                0x1000587e       0x2a CMakeFiles/blink.dir/C_/Users/leo-v/Desktop/pico_sdk/pico-sdk/lib/tinyusb/src/device/usbd.c.obj
                0x1000587e                dcd_event_bus_reset
 .text.dcd_event_setup_received
                0x100058a8       0x34 CMakeFiles/blink.dir/C_/Users/leo-v/Desktop/pico_sdk/pico-sdk/lib/tinyusb/src/device/usbd.c.obj
                0x100058a8                dcd_event_setup_received
 .text.dcd_event_xfer_complete
                0x100058dc       0x44 CMakeFiles/blink.dir/C_/Users/leo-v/Desktop/pico_sdk/pico-sdk/lib/tinyusb/src/device/usbd.c.obj
                0x100058dc                dcd_event_xfer_complete
 .text.usbd_edpt_open
                0x10005920       0x58 CMakeFiles/blink.dir/C_/Users/leo-v/Desktop/pico_sdk/pico-sdk/lib/tinyusb/src/device/usbd.c.obj
                0x10005920                usbd_edpt_open
 .text.usbd_open_edpt_pair
                0x10005978       0x8c CMakeFiles/blink.dir/C_/Users/leo-v/Desktop/pico_sdk/pico-sdk/lib/tinyusb/src/device/usbd.c.obj
                0x10005978                usbd_open_edpt_pair
 .text.usbd_edpt_claim
                0x10005a04       0x8c CMakeFiles/blink.dir/C_/Users/leo-v/Desktop/pico_sdk/pico-sdk/lib/tinyusb/src/device/usbd.c.obj
                0x10005a04                usbd_edpt_claim
 .text.usbd_edpt_release
                0x10005a90       0x68 CMakeFiles/blink.dir/C_/Users/leo-v/Desktop/pico_sdk/pico-sdk/lib/tinyusb/src/device/usbd.c.obj
                0x10005a90                usbd_edpt_release
 .text.usbd_edpt_xfer
                0x10005af8       0x80 CMakeFiles/blink.dir/C_/Users/leo-v/Desktop/pico_sdk/pico-sdk/lib/tinyusb/src/device/usbd.c.obj
                0x10005af8                usbd_edpt_xfer
 .text.usbd_edpt_stall
                0x10005b78       0x40 CMakeFiles/blink.dir/C_/Users/leo-v/Desktop/pico_sdk/pico-sdk/lib/tinyusb/src/device/usbd.c.obj
                0x10005b78                usbd_edpt_stall
 .text.usbd_edpt_clear_stall
                0x10005bb8       0x40 CMakeFiles/blink.dir/C_/Users/leo-v/Desktop/pico_sdk/pico-sdk/lib/tinyusb/src/device/usbd.c.obj
                0x10005bb8                usbd_edpt_clear_stall
 .text.usbd_edpt_stalled
                0x10005bf8       0x1c CMakeFiles/blink.dir/C_/Users/leo-v/Desktop/pico_sdk/pico-sdk/lib/tinyusb/src/device/usbd.c.obj
                0x10005bf8                usbd_edpt_stalled
 .text.process_control_request
                0x10005c14      0x3b8 CMakeFiles/blink.dir/C_/Users/leo-v/Desktop/pico_sdk/pico-sdk/lib/tinyusb/src/device/usbd.c.obj
 .text.tud_task
                0x10005fcc      0x218 CMakeFiles/blink.dir/C_/Users/leo-v/Desktop/pico_sdk/pico-sdk/lib/tinyusb/src/device/usbd.c.obj
                0x10005fcc                tud_task
 .text._data_stage_xact
                0x100061e4       0x58 CMakeFiles/blink.dir/C_/Users/leo-v/Desktop/pico_sdk/pico-sdk/lib/tinyusb/src/device/usbd_control.c.obj
 .text.tud_control_status
                0x1000623c       0x38 CMakeFiles/blink.dir/C_/Users/leo-v/Desktop/pico_sdk/pico-sdk/lib/tinyusb/src/device/usbd_control.c.obj
                0x1000623c                tud_control_status
 .text.tud_control_xfer
                0x10006274       0xa8 CMakeFiles/blink.dir/C_/Users/leo-v/Desktop/pico_sdk/pico-sdk/lib/tinyusb/src/device/usbd_control.c.obj
                0x10006274                tud_control_xfer
 .text.usbd_control_reset
                0x1000631c       0x14 CMakeFiles/blink.dir/C_/Users/leo-v/Desktop/pico_sdk/pico-sdk/lib/tinyusb/src/device/usbd_control.c.obj
                0x1000631c                usbd_control_reset
 .text.usbd_control_set_complete_callback
                0x10006330        0xc CMakeFiles/blink.dir/C_/Users/leo-v/Desktop/pico_sdk/pico-sdk/lib/tinyusb/src/device/usbd_control.c.obj
                0x10006330                usbd_control_set_complete_callback
 .text.usbd_control_set_request
                0x1000633c       0x1c CMakeFiles/blink.dir/C_/Users/leo-v/Desktop/pico_sdk/pico-sdk/lib/tinyusb/src/device/usbd_control.c.obj
                0x1000633c                usbd_control_set_request
 .text.usbd_control_xfer_cb
                0x10006358       0xfc CMakeFiles/blink.dir/C_/Users/leo-v/Desktop/pico_sdk/pico-sdk/lib/tinyusb/src/device/usbd_control.c.obj
                0x10006358                usbd_control_xfer_cb
 .text._prep_out_transaction
                0x10006454       0x46 CMakeFiles/blink.dir/C_/Users/leo-v/Desktop/pico_sdk/pico-sdk/lib/tinyusb/src/class/cdc/cdc_device.c.obj
 *fill*         0x1000649a        0x2 
 .text.tud_cdc_n_connected
                0x1000649c       0x44 CMakeFiles/blink.dir/C_/Users/leo-v/Desktop/pico_sdk/pico-sdk/lib/tinyusb/src/class/cdc/cdc_device.c.obj
                0x1000649c                tud_cdc_n_connected
 .text.tud_cdc_n_available
                0x100064e0       0x18 CMakeFiles/blink.dir/C_/Users/leo-v/Desktop/pico_sdk/pico-sdk/lib/tinyusb/src/class/cdc/cdc_device.c.obj
                0x100064e0                tud_cdc_n_available
 .text.tud_cdc_n_read
                0x100064f8       0x28 CMakeFiles/blink.dir/C_/Users/leo-v/Desktop/pico_sdk/pico-sdk/lib/tinyusb/src/class/cdc/cdc_device.c.obj
                0x100064f8                tud_cdc_n_read
 .text.tud_cdc_n_write_flush
                0x10006520       0xcc CMakeFiles/blink.dir/C_/Users/leo-v/Desktop/pico_sdk/pico-sdk/lib/tinyusb/src/class/cdc/cdc_device.c.obj
                0x10006520                tud_cdc_n_write_flush
 .text.tud_cdc_n_write
                0x100065ec       0x38 CMakeFiles/blink.dir/C_/Users/leo-v/Desktop/pico_sdk/pico-sdk/lib/tinyusb/src/class/cdc/cdc_device.c.obj
                0x100065ec                tud_cdc_n_write
 .text.tud_cdc_n_write_available
                0x10006624       0x1c CMakeFiles/blink.dir/C_/Users/leo-v/Desktop/pico_sdk/pico-sdk/lib/tinyusb/src/class/cdc/cdc_device.c.obj
                0x10006624                tud_cdc_n_write_available
 .text.cdcd_init
                0x10006640       0xbc CMakeFiles/blink.dir/C_/Users/leo-v/Desktop/pico_sdk/pico-sdk/lib/tinyusb/src/class/cdc/cdc_device.c.obj
                0x10006640                cdcd_init
 .text.cdcd_reset
                0x100066fc       0x44 CMakeFiles/blink.dir/C_/Users/leo-v/Desktop/pico_sdk/pico-sdk/lib/tinyusb/src/class/cdc/cdc_device.c.obj
                0x100066fc                cdcd_reset
 .text.cdcd_open
                0x10006740       0xf8 CMakeFiles/blink.dir/C_/Users/leo-v/Desktop/pico_sdk/pico-sdk/lib/tinyusb/src/class/cdc/cdc_device.c.obj
                0x10006740                cdcd_open
 .text.cdcd_control_xfer_cb
                0x10006838      0x134 CMakeFiles/blink.dir/C_/Users/leo-v/Desktop/pico_sdk/pico-sdk/lib/tinyusb/src/class/cdc/cdc_device.c.obj
                0x10006838                cdcd_control_xfer_cb
 .text.cdcd_xfer_cb
                0x1000696c      0x144 CMakeFiles/blink.dir/C_/Users/leo-v/Desktop/pico_sdk/pico-sdk/lib/tinyusb/src/class/cdc/cdc_device.c.obj
                0x1000696c                cdcd_xfer_cb
 .text.tusb_init
                0x10006ab0       0x24 CMakeFiles/blink.dir/C_/Users/leo-v/Desktop/pico_sdk/pico-sdk/lib/tinyusb/src/tusb.c.obj
                0x10006ab0                tusb_init
 .text.tusb_inited
                0x10006ad4        0xe CMakeFiles/blink.dir/C_/Users/leo-v/Desktop/pico_sdk/pico-sdk/lib/tinyusb/src/tusb.c.obj
                0x10006ad4                tusb_inited
 *fill*         0x10006ae2        0x2 
 .text.tu_edpt_validate
                0x10006ae4       0xa8 CMakeFiles/blink.dir/C_/Users/leo-v/Desktop/pico_sdk/pico-sdk/lib/tinyusb/src/tusb.c.obj
                0x10006ae4                tu_edpt_validate
 .text.tu_edpt_bind_driver
                0x10006b8c       0x2a CMakeFiles/blink.dir/C_/Users/leo-v/Desktop/pico_sdk/pico-sdk/lib/tinyusb/src/tusb.c.obj
                0x10006b8c                tu_edpt_bind_driver
 .text.advance_pointer
                0x10006bb6       0x18 CMakeFiles/blink.dir/C_/Users/leo-v/Desktop/pico_sdk/pico-sdk/lib/tinyusb/src/common/tusb_fifo.c.obj
 .text.backward_pointer
                0x10006bce       0x1e CMakeFiles/blink.dir/C_/Users/leo-v/Desktop/pico_sdk/pico-sdk/lib/tinyusb/src/common/tusb_fifo.c.obj
 .text.get_relative_pointer
                0x10006bec       0x10 CMakeFiles/blink.dir/C_/Users/leo-v/Desktop/pico_sdk/pico-sdk/lib/tinyusb/src/common/tusb_fifo.c.obj
 .text._tu_fifo_peek
                0x10006bfc       0x50 CMakeFiles/blink.dir/C_/Users/leo-v/Desktop/pico_sdk/pico-sdk/lib/tinyusb/src/common/tusb_fifo.c.obj
 .text._ff_pull_const_addr
                0x10006c4c       0x4c CMakeFiles/blink.dir/C_/Users/leo-v/Desktop/pico_sdk/pico-sdk/lib/tinyusb/src/common/tusb_fifo.c.obj
 .text._ff_pull_n
                0x10006c98      0x10c CMakeFiles/blink.dir/C_/Users/leo-v/Desktop/pico_sdk/pico-sdk/lib/tinyusb/src/common/tusb_fifo.c.obj
 .text._tu_fifo_peek_n
                0x10006da4       0x5e CMakeFiles/blink.dir/C_/Users/leo-v/Desktop/pico_sdk/pico-sdk/lib/tinyusb/src/common/tusb_fifo.c.obj
 .text._tu_fifo_read_n
                0x10006e02       0x4e CMakeFiles/blink.dir/C_/Users/leo-v/Desktop/pico_sdk/pico-sdk/lib/tinyusb/src/common/tusb_fifo.c.obj
 .text._ff_push_const_addr
                0x10006e50       0x40 CMakeFiles/blink.dir/C_/Users/leo-v/Desktop/pico_sdk/pico-sdk/lib/tinyusb/src/common/tusb_fifo.c.obj
 .text._ff_push_n
                0x10006e90      0x108 CMakeFiles/blink.dir/C_/Users/leo-v/Desktop/pico_sdk/pico-sdk/lib/tinyusb/src/common/tusb_fifo.c.obj
 .text._tu_fifo_write_n
                0x10006f98       0x9e CMakeFiles/blink.dir/C_/Users/leo-v/Desktop/pico_sdk/pico-sdk/lib/tinyusb/src/common/tusb_fifo.c.obj
 .text.tu_fifo_config
                0x10007036       0x72 CMakeFiles/blink.dir/C_/Users/leo-v/Desktop/pico_sdk/pico-sdk/lib/tinyusb/src/common/tusb_fifo.c.obj
                0x10007036                tu_fifo_config
 .text.tu_fifo_count
                0x100070a8       0x26 CMakeFiles/blink.dir/C_/Users/leo-v/Desktop/pico_sdk/pico-sdk/lib/tinyusb/src/common/tusb_fifo.c.obj
                0x100070a8                tu_fifo_count
 .text.tu_fifo_empty
                0x100070ce       0x10 CMakeFiles/blink.dir/C_/Users/leo-v/Desktop/pico_sdk/pico-sdk/lib/tinyusb/src/common/tusb_fifo.c.obj
                0x100070ce                tu_fifo_empty
 .text.tu_fifo_remaining
                0x100070de       0x20 CMakeFiles/blink.dir/C_/Users/leo-v/Desktop/pico_sdk/pico-sdk/lib/tinyusb/src/common/tusb_fifo.c.obj
                0x100070de                tu_fifo_remaining
 .text.tu_fifo_read
                0x100070fe       0x42 CMakeFiles/blink.dir/C_/Users/leo-v/Desktop/pico_sdk/pico-sdk/lib/tinyusb/src/common/tusb_fifo.c.obj
                0x100070fe                tu_fifo_read
 .text.tu_fifo_read_n
                0x10007140        0xa CMakeFiles/blink.dir/C_/Users/leo-v/Desktop/pico_sdk/pico-sdk/lib/tinyusb/src/common/tusb_fifo.c.obj
                0x10007140                tu_fifo_read_n
 .text.tu_fifo_write
                0x1000714a       0x6c CMakeFiles/blink.dir/C_/Users/leo-v/Desktop/pico_sdk/pico-sdk/lib/tinyusb/src/common/tusb_fifo.c.obj
                0x1000714a                tu_fifo_write
 .text.tu_fifo_write_n
                0x100071b6        0xa CMakeFiles/blink.dir/C_/Users/leo-v/Desktop/pico_sdk/pico-sdk/lib/tinyusb/src/common/tusb_fifo.c.obj
                0x100071b6                tu_fifo_write_n
 .text.tu_fifo_clear
                0x100071c0       0x4c CMakeFiles/blink.dir/C_/Users/leo-v/Desktop/pico_sdk/pico-sdk/lib/tinyusb/src/common/tusb_fifo.c.obj
                0x100071c0                tu_fifo_clear
 .text.tu_fifo_set_overwritable
                0x1000720c       0x3c CMakeFiles/blink.dir/C_/Users/leo-v/Desktop/pico_sdk/pico-sdk/lib/tinyusb/src/common/tusb_fifo.c.obj
                0x1000720c                tu_fifo_set_overwritable
 .text._retrieve_unique_id_on_boot
                0x10007248       0x10 CMakeFiles/blink.dir/C_/Users/leo-v/Desktop/pico_sdk/pico-sdk/src/rp2_common/pico_unique_id/unique_id.c.obj
 .text.pico_get_unique_board_id_string
                0x10007258       0x60 CMakeFiles/blink.dir/C_/Users/leo-v/Desktop/pico_sdk/pico-sdk/src/rp2_common/pico_unique_id/unique_id.c.obj
                0x10007258                pico_get_unique_board_id_string
 .text.flash_get_unique_id
                0x100072b8       0x46 CMakeFiles/blink.dir/C_/Users/leo-v/Desktop/pico_sdk/pico-sdk/src/rp2_common/hardware_flash/flash.c.obj
                0x100072b8                flash_get_unique_id
 *fill*         0x100072fe        0x2 
 .text.adc_init
                0x10007300       0x34 CMakeFiles/blink.dir/C_/Users/leo-v/Desktop/pico_sdk/pico-sdk/src/rp2_common/hardware_adc/adc.c.obj
                0x10007300                adc_init
 .text.strlen   0x10007334       0x5c c:/progra~2/gnuarm~1/102020~1/bin/../lib/gcc/arm-none-eabi/10.2.1/../../../../arm-none-eabi/lib/thumb/v6-m/nofp\libg.a(lib_a-strlen-stub.o)
                0x10007334                strlen
 *(.fini)
 .fini          0x10007390        0x4 c:/progra~2/gnuarm~1/102020~1/bin/../lib/gcc/arm-none-eabi/10.2.1/thumb/v6-m/nofp/crti.o
                0x10007390                _fini
 *fill*         0x10007394        0x4 
 .fini.__stub   0x10007398       0x70 linker stubs
 *crtbegin.o(.ctors)
 *crtbegin?.o(.ctors)
 *(EXCLUDE_FILE(*crtend.o *crtend?.o) .ctors)
 *(SORT_BY_NAME(.ctors.*))
 *(.ctors)
 *crtbegin.o(.dtors)
 *crtbegin?.o(.dtors)
 *(EXCLUDE_FILE(*crtend.o *crtend?.o) .dtors)
 *(SORT_BY_NAME(.dtors.*))
 *(.dtors)
 *(.eh_frame*)
 .eh_frame      0x10007408        0x0 c:/progra~2/gnuarm~1/102020~1/bin/../lib/gcc/arm-none-eabi/10.2.1/thumb/v6-m/nofp/crtbegin.o
                0x10007408                . = ALIGN (0x4)

.glue_7         0x10007408        0x0
 .glue_7        0x10007408        0x0 linker stubs

.glue_7t        0x10007408        0x0
 .glue_7t       0x10007408        0x0 linker stubs

.vfp11_veneer   0x10007408        0x0
 .vfp11_veneer  0x10007408        0x0 linker stubs

.v4_bx          0x10007408        0x0
 .v4_bx         0x10007408        0x0 linker stubs

.iplt           0x10007408        0x0
 .iplt          0x10007408        0x0 c:/progra~2/gnuarm~1/102020~1/bin/../lib/gcc/arm-none-eabi/10.2.1/thumb/v6-m/nofp/crtbegin.o

.rodata         0x10007408     0x16a4
 *(EXCLUDE_FILE(*libm.a: *libc.a:*lib_a-mem*.o *libgcc.a:) .rodata*)
 .rodata.print_data.str1.4
                0x10007408       0x16 CMakeFiles/blink.dir/blink.c.obj
 *fill*         0x1000741e        0x2 
 .rodata.spin_lock_claim_unused.str1.4
                0x10007420       0x1b CMakeFiles/blink.dir/C_/Users/leo-v/Desktop/pico_sdk/pico-sdk/src/rp2_common/hardware_sync/sync.c.obj
 *fill*         0x1000743b        0x1 
 .rodata.repeating_timer_callback.str1.4
                0x1000743c       0x59 CMakeFiles/blink.dir/C_/Users/leo-v/Desktop/pico_sdk/pico-sdk/src/common/pico_time/time.c.obj
 *fill*         0x10007495        0x3 
 .rodata.alarm_pool_dump_key.str1.4
                0x10007498       0x33 CMakeFiles/blink.dir/C_/Users/leo-v/Desktop/pico_sdk/pico-sdk/src/common/pico_time/time.c.obj
 *fill*         0x100074cb        0x1 
 .rodata.ph_add_child_node.str1.4
                0x100074cc       0xa2 CMakeFiles/blink.dir/C_/Users/leo-v/Desktop/pico_sdk/pico-sdk/src/common/pico_time/time.c.obj
 *fill*         0x1000756e        0x2 
 .rodata.add_alarm_under_lock.str1.4
                0x10007570       0x28 CMakeFiles/blink.dir/C_/Users/leo-v/Desktop/pico_sdk/pico-sdk/src/common/pico_time/time.c.obj
                                 0x2b (size before relaxing)
 .rodata.alarm_pool_alarm_callback.str1.4
                0x10007598       0xf2 CMakeFiles/blink.dir/C_/Users/leo-v/Desktop/pico_sdk/pico-sdk/src/common/pico_time/time.c.obj
 *fill*         0x1000768a        0x2 
 .rodata.alarm_pool_get_default.str1.4
                0x1000768c       0x21 CMakeFiles/blink.dir/C_/Users/leo-v/Desktop/pico_sdk/pico-sdk/src/common/pico_time/time.c.obj
 *fill*         0x100076ad        0x3 
 .rodata.alarm_pool_cancel_alarm.str1.4
                0x100076b0       0x27 CMakeFiles/blink.dir/C_/Users/leo-v/Desktop/pico_sdk/pico-sdk/src/common/pico_time/time.c.obj
 *fill*         0x100076d7        0x1 
 .rodata.sleep_until.str1.4
                0x100076d8       0x4d CMakeFiles/blink.dir/C_/Users/leo-v/Desktop/pico_sdk/pico-sdk/src/common/pico_time/time.c.obj
 *fill*         0x10007725        0x3 
 .rodata.__func__.0
                0x10007728       0x19 CMakeFiles/blink.dir/C_/Users/leo-v/Desktop/pico_sdk/pico-sdk/src/common/pico_time/time.c.obj
 *fill*         0x10007741        0x3 
 .rodata.__func__.1
                0x10007744       0x18 CMakeFiles/blink.dir/C_/Users/leo-v/Desktop/pico_sdk/pico-sdk/src/common/pico_time/time.c.obj
 .rodata.__func__.10
                0x1000775c       0x15 CMakeFiles/blink.dir/C_/Users/leo-v/Desktop/pico_sdk/pico-sdk/src/common/pico_time/time.c.obj
 *fill*         0x10007771        0x3 
 .rodata.__func__.11
                0x10007774       0x1a CMakeFiles/blink.dir/C_/Users/leo-v/Desktop/pico_sdk/pico-sdk/src/common/pico_time/time.c.obj
 *fill*         0x1000778e        0x2 
 .rodata.__func__.12
                0x10007790        0xa CMakeFiles/blink.dir/C_/Users/leo-v/Desktop/pico_sdk/pico-sdk/src/common/pico_time/time.c.obj
 *fill*         0x1000779a        0x2 
 .rodata.__func__.3
                0x1000779c       0x17 CMakeFiles/blink.dir/C_/Users/leo-v/Desktop/pico_sdk/pico-sdk/src/common/pico_time/time.c.obj
 *fill*         0x100077b3        0x1 
 .rodata.__func__.4
                0x100077b4       0x12 CMakeFiles/blink.dir/C_/Users/leo-v/Desktop/pico_sdk/pico-sdk/src/common/pico_time/time.c.obj
 *fill*         0x100077c6        0x2 
 .rodata.__func__.5
                0x100077c8        0xd CMakeFiles/blink.dir/C_/Users/leo-v/Desktop/pico_sdk/pico-sdk/src/common/pico_time/time.c.obj
 *fill*         0x100077d5        0x3 
 .rodata.__func__.6
                0x100077d8       0x12 CMakeFiles/blink.dir/C_/Users/leo-v/Desktop/pico_sdk/pico-sdk/src/common/pico_time/time.c.obj
 *fill*         0x100077ea        0x2 
 .rodata.__func__.7
                0x100077ec        0xf CMakeFiles/blink.dir/C_/Users/leo-v/Desktop/pico_sdk/pico-sdk/src/common/pico_time/time.c.obj
 *fill*         0x100077fb        0x1 
 .rodata.__func__.8
                0x100077fc        0xc CMakeFiles/blink.dir/C_/Users/leo-v/Desktop/pico_sdk/pico-sdk/src/common/pico_time/time.c.obj
 .rodata.__func__.9
                0x10007808       0x15 CMakeFiles/blink.dir/C_/Users/leo-v/Desktop/pico_sdk/pico-sdk/src/common/pico_time/time.c.obj
 *fill*         0x1000781d        0x3 
 .rodata.hardware_alarm_claim.str1.4
                0x10007820       0x22 CMakeFiles/blink.dir/C_/Users/leo-v/Desktop/pico_sdk/pico-sdk/src/rp2_common/hardware_timer/timer.c.obj
 *fill*         0x10007842        0x2 
 .rodata.hardware_alarm_set_target.str1.4
                0x10007844       0x73 CMakeFiles/blink.dir/C_/Users/leo-v/Desktop/pico_sdk/pico-sdk/src/rp2_common/hardware_timer/timer.c.obj
 *fill*         0x100078b7        0x1 
 .rodata.__func__.0
                0x100078b8       0x1a CMakeFiles/blink.dir/C_/Users/leo-v/Desktop/pico_sdk/pico-sdk/src/rp2_common/hardware_timer/timer.c.obj
 *fill*         0x100078d2        0x2 
 .rodata.str1.4
                0x100078d4       0x99 CMakeFiles/blink.dir/C_/Users/leo-v/Desktop/pico_sdk/pico-sdk/src/common/pico_sync/mutex.c.obj
                                0x109 (size before relaxing)
 *fill*         0x1000796d        0x3 
 .rodata.__func__.1
                0x10007970        0xb CMakeFiles/blink.dir/C_/Users/leo-v/Desktop/pico_sdk/pico-sdk/src/common/pico_sync/mutex.c.obj
 *fill*         0x1000797b        0x1 
 .rodata.__func__.3
                0x1000797c       0x18 CMakeFiles/blink.dir/C_/Users/leo-v/Desktop/pico_sdk/pico-sdk/src/common/pico_sync/mutex.c.obj
 .rodata.__func__.4
                0x10007994       0x15 CMakeFiles/blink.dir/C_/Users/leo-v/Desktop/pico_sdk/pico-sdk/src/common/pico_sync/mutex.c.obj
 .rodata.ph_add_child_node.str1.4
                0x100079a9       0xa2 CMakeFiles/blink.dir/C_/Users/leo-v/Desktop/pico_sdk/pico-sdk/src/common/pico_util/pheap.c.obj
 *fill*         0x100079a9        0x3 
 .rodata.ph_remove_any_head.str1.4
                0x100079ac       0x9c CMakeFiles/blink.dir/C_/Users/leo-v/Desktop/pico_sdk/pico-sdk/src/common/pico_util/pheap.c.obj
 .rodata.ph_remove_and_free_node.str1.4
                0x10007a48       0x26 CMakeFiles/blink.dir/C_/Users/leo-v/Desktop/pico_sdk/pico-sdk/src/common/pico_util/pheap.c.obj
 *fill*         0x10007a6e        0x2 
 .rodata.__func__.0
                0x10007a70       0x18 CMakeFiles/blink.dir/C_/Users/leo-v/Desktop/pico_sdk/pico-sdk/src/common/pico_util/pheap.c.obj
 .rodata.__func__.1
                0x10007a88       0x13 CMakeFiles/blink.dir/C_/Users/leo-v/Desktop/pico_sdk/pico-sdk/src/common/pico_util/pheap.c.obj
 *fill*         0x10007a9b        0x1 
 .rodata.__func__.2
                0x10007a9c       0x12 CMakeFiles/blink.dir/C_/Users/leo-v/Desktop/pico_sdk/pico-sdk/src/common/pico_util/pheap.c.obj
 *fill*         0x10007aae        0x2 
 .rodata.__func__.3
                0x10007ab0        0xc CMakeFiles/blink.dir/C_/Users/leo-v/Desktop/pico_sdk/pico-sdk/src/common/pico_util/pheap.c.obj
 .rodata.__assert_func.str1.4
                0x10007abc       0x3f CMakeFiles/blink.dir/C_/Users/leo-v/Desktop/pico_sdk/pico-sdk/src/rp2_common/pico_runtime/runtime.c.obj
                                 0x43 (size before relaxing)
 *fill*         0x10007afb        0x1 
 .rodata.runtime_init.str1.4
                0x10007afc       0x6f CMakeFiles/blink.dir/C_/Users/leo-v/Desktop/pico_sdk/pico-sdk/src/rp2_common/pico_runtime/runtime.c.obj
 *fill*         0x10007b6b        0x1 
 .rodata.panic.str1.4
                0x10007b6c       0x12 CMakeFiles/blink.dir/C_/Users/leo-v/Desktop/pico_sdk/pico-sdk/src/rp2_common/pico_runtime/runtime.c.obj
 *fill*         0x10007b7e        0x2 
 .rodata.__func__.1
                0x10007b80        0xd CMakeFiles/blink.dir/C_/Users/leo-v/Desktop/pico_sdk/pico-sdk/src/rp2_common/pico_runtime/runtime.c.obj
 *fill*         0x10007b8d        0x3 
 .rodata.clock_configure.str1.4
                0x10007b90       0x65 CMakeFiles/blink.dir/C_/Users/leo-v/Desktop/pico_sdk/pico-sdk/src/rp2_common/hardware_clocks/clocks.c.obj
 *fill*         0x10007bf5        0x3 
 .rodata.__func__.1
                0x10007bf8       0x10 CMakeFiles/blink.dir/C_/Users/leo-v/Desktop/pico_sdk/pico-sdk/src/rp2_common/hardware_clocks/clocks.c.obj
 .rodata.make_branch.str1.4
                0x10007c08       0x5b CMakeFiles/blink.dir/C_/Users/leo-v/Desktop/pico_sdk/pico-sdk/src/rp2_common/hardware_irq/irq.c.obj
 *fill*         0x10007c63        0x1 
 .rodata.irq_set_exclusive_handler.str1.4
                0x10007c64       0x36 CMakeFiles/blink.dir/C_/Users/leo-v/Desktop/pico_sdk/pico-sdk/src/rp2_common/hardware_irq/irq.c.obj
 *fill*         0x10007c9a        0x2 
 .rodata.irq_add_shared_handler.str1.4
                0x10007c9c       0xd9 CMakeFiles/blink.dir/C_/Users/leo-v/Desktop/pico_sdk/pico-sdk/src/rp2_common/hardware_irq/irq.c.obj
 *fill*         0x10007d75        0x3 
 .rodata.irq_remove_handler.str1.4
                0x10007d78       0x2a CMakeFiles/blink.dir/C_/Users/leo-v/Desktop/pico_sdk/pico-sdk/src/rp2_common/hardware_irq/irq.c.obj
 *fill*         0x10007da2        0x2 
 .rodata.irq_add_tail_to_free_list.str1.4
                0x10007da4       0x32 CMakeFiles/blink.dir/C_/Users/leo-v/Desktop/pico_sdk/pico-sdk/src/rp2_common/hardware_irq/irq.c.obj
                                 0x3a (size before relaxing)
 *fill*         0x10007dd6        0x2 
 .rodata.__func__.0
                0x10007dd8       0x1a CMakeFiles/blink.dir/C_/Users/leo-v/Desktop/pico_sdk/pico-sdk/src/rp2_common/hardware_irq/irq.c.obj
 *fill*         0x10007df2        0x2 
 .rodata.__func__.1
                0x10007df4       0x17 CMakeFiles/blink.dir/C_/Users/leo-v/Desktop/pico_sdk/pico-sdk/src/rp2_common/hardware_irq/irq.c.obj
 *fill*         0x10007e0b        0x1 
 .rodata.__func__.2
                0x10007e0c       0x13 CMakeFiles/blink.dir/C_/Users/leo-v/Desktop/pico_sdk/pico-sdk/src/rp2_common/hardware_irq/irq.c.obj
 *fill*         0x10007e1f        0x1 
 .rodata.__func__.3
                0x10007e20        0xc CMakeFiles/blink.dir/C_/Users/leo-v/Desktop/pico_sdk/pico-sdk/src/rp2_common/hardware_irq/irq.c.obj
 .rodata.__func__.4
                0x10007e2c        0xf CMakeFiles/blink.dir/C_/Users/leo-v/Desktop/pico_sdk/pico-sdk/src/rp2_common/hardware_irq/irq.c.obj
 *fill*         0x10007e3b        0x1 
 .rodata.__func__.6
                0x10007e3c       0x1a CMakeFiles/blink.dir/C_/Users/leo-v/Desktop/pico_sdk/pico-sdk/src/rp2_common/hardware_irq/irq.c.obj
 *fill*         0x10007e56        0x2 
 .rodata.pll_init.str1.4
                0x10007e58       0xe7 CMakeFiles/blink.dir/C_/Users/leo-v/Desktop/pico_sdk/pico-sdk/src/rp2_common/hardware_pll/pll.c.obj
 *fill*         0x10007f3f        0x1 
 .rodata.__func__.0
                0x10007f40        0x9 CMakeFiles/blink.dir/C_/Users/leo-v/Desktop/pico_sdk/pico-sdk/src/rp2_common/hardware_pll/pll.c.obj
 *fill*         0x10007f49        0x3 
 .rodata._ftoa.str1.4
                0x10007f4c       0x15 CMakeFiles/blink.dir/C_/Users/leo-v/Desktop/pico_sdk/pico-sdk/src/rp2_common/pico_printf/printf.c.obj
 *fill*         0x10007f61        0x3 
 .rodata._vsnprintf
                0x10007f64      0x1e0 CMakeFiles/blink.dir/C_/Users/leo-v/Desktop/pico_sdk/pico-sdk/src/rp2_common/pico_printf/printf.c.obj
 *fill*         0x10008144        0x4 
 .rodata.pow10.0
                0x10008148       0x50 CMakeFiles/blink.dir/C_/Users/leo-v/Desktop/pico_sdk/pico-sdk/src/rp2_common/pico_printf/printf.c.obj
 .rodata.__aeabi_double_init.str1.4
                0x10008198       0xb6 CMakeFiles/blink.dir/C_/Users/leo-v/Desktop/pico_sdk/pico-sdk/src/rp2_common/pico_double/double_init_rom.c.obj
 *fill*         0x1000824e        0x2 
 .rodata.__func__.0
                0x10008250       0x14 CMakeFiles/blink.dir/C_/Users/leo-v/Desktop/pico_sdk/pico-sdk/src/rp2_common/pico_double/double_init_rom.c.obj
 .rodata.__aeabi_float_init.str1.4
                0x10008264       0x88 CMakeFiles/blink.dir/C_/Users/leo-v/Desktop/pico_sdk/pico-sdk/src/rp2_common/pico_float/float_init_rom.c.obj
                                 0x8c (size before relaxing)
 .rodata.__func__.0
                0x100082ec       0x13 CMakeFiles/blink.dir/C_/Users/leo-v/Desktop/pico_sdk/pico-sdk/src/rp2_common/pico_float/float_init_rom.c.obj
 *fill*         0x100082ff        0x1 
 .rodata.str1.4
                0x10008300       0x3c CMakeFiles/blink.dir/C_/Users/leo-v/Desktop/pico_sdk/pico-sdk/src/rp2_common/pico_standard_link/binary_info.c.obj
 .rodata.__bi_44
                0x1000833c        0xc CMakeFiles/blink.dir/C_/Users/leo-v/Desktop/pico_sdk/pico-sdk/src/rp2_common/pico_standard_link/binary_info.c.obj
 .rodata.__bi_75
                0x10008348        0xc CMakeFiles/blink.dir/C_/Users/leo-v/Desktop/pico_sdk/pico-sdk/src/rp2_common/pico_standard_link/binary_info.c.obj
 .rodata.__bi_81
                0x10008354        0xc CMakeFiles/blink.dir/C_/Users/leo-v/Desktop/pico_sdk/pico-sdk/src/rp2_common/pico_standard_link/binary_info.c.obj
 .rodata.crlf_str.3
                0x10008360        0x2 CMakeFiles/blink.dir/C_/Users/leo-v/Desktop/pico_sdk/pico-sdk/src/rp2_common/pico_stdio/stdio.c.obj
 *fill*         0x10008362        0x2 
 .rodata._resetd_driver
                0x10008364       0x18 CMakeFiles/blink.dir/C_/Users/leo-v/Desktop/pico_sdk/pico-sdk/src/rp2_common/pico_stdio_usb/reset_interface.c.obj
 .rodata.stdio_usb_init.str1.4
                0x1000837c       0x6f CMakeFiles/blink.dir/C_/Users/leo-v/Desktop/pico_sdk/pico-sdk/src/rp2_common/pico_stdio_usb/stdio_usb.c.obj
 .rodata.str1.4
                0x1000837c       0x13 CMakeFiles/blink.dir/C_/Users/leo-v/Desktop/pico_sdk/pico-sdk/src/rp2_common/pico_stdio_usb/stdio_usb.c.obj
 *fill*         0x1000838f        0x1 
 .rodata.__bi_93.1
                0x10008390        0xc CMakeFiles/blink.dir/C_/Users/leo-v/Desktop/pico_sdk/pico-sdk/src/rp2_common/pico_stdio_usb/stdio_usb.c.obj
 .rodata.__func__.0
                0x1000839c       0x15 CMakeFiles/blink.dir/C_/Users/leo-v/Desktop/pico_sdk/pico-sdk/src/rp2_common/pico_stdio_usb/stdio_usb.c.obj
 *fill*         0x100083b1        0x3 
 .rodata.str1.4
                0x100083b4       0x2a CMakeFiles/blink.dir/C_/Users/leo-v/Desktop/pico_sdk/pico-sdk/src/rp2_common/pico_stdio_usb/stdio_usb_descriptors.c.obj
 *fill*         0x100083de        0x2 
 .rodata.usbd_desc_cfg
                0x100083e0       0x54 CMakeFiles/blink.dir/C_/Users/leo-v/Desktop/pico_sdk/pico-sdk/src/rp2_common/pico_stdio_usb/stdio_usb_descriptors.c.obj
 .rodata.usbd_desc_device
                0x10008434       0x12 CMakeFiles/blink.dir/C_/Users/leo-v/Desktop/pico_sdk/pico-sdk/src/rp2_common/pico_stdio_usb/stdio_usb_descriptors.c.obj
 *fill*         0x10008446        0x2 
 .rodata.usbd_desc_str
                0x10008448       0x18 CMakeFiles/blink.dir/C_/Users/leo-v/Desktop/pico_sdk/pico-sdk/src/rp2_common/pico_stdio_usb/stdio_usb_descriptors.c.obj
 .rodata._hw_endpoint_alloc.str1.4
                0x10008460       0xc5 CMakeFiles/blink.dir/C_/Users/leo-v/Desktop/pico_sdk/pico-sdk/lib/tinyusb/src/portable/raspberrypi/rp2040/dcd_rp2040.c.obj
 *fill*         0x10008525        0x3 
 .rodata.dcd_rp2040_irq.str1.4
                0x10008528       0x14 CMakeFiles/blink.dir/C_/Users/leo-v/Desktop/pico_sdk/pico-sdk/lib/tinyusb/src/portable/raspberrypi/rp2040/dcd_rp2040.c.obj
 .rodata.dcd_int_enable.str1.4
                0x1000853c        0xc CMakeFiles/blink.dir/C_/Users/leo-v/Desktop/pico_sdk/pico-sdk/lib/tinyusb/src/portable/raspberrypi/rp2040/dcd_rp2040.c.obj
 .rodata.__func__.0
                0x10008548        0xe CMakeFiles/blink.dir/C_/Users/leo-v/Desktop/pico_sdk/pico-sdk/lib/tinyusb/src/portable/raspberrypi/rp2040/dcd_rp2040.c.obj
 *fill*         0x10008556        0x2 
 .rodata.__func__.1
                0x10008558        0xe CMakeFiles/blink.dir/C_/Users/leo-v/Desktop/pico_sdk/pico-sdk/lib/tinyusb/src/portable/raspberrypi/rp2040/dcd_rp2040.c.obj
 *fill*         0x10008566        0x2 
 .rodata.__func__.3
                0x10008568       0x10 CMakeFiles/blink.dir/C_/Users/leo-v/Desktop/pico_sdk/pico-sdk/lib/tinyusb/src/portable/raspberrypi/rp2040/dcd_rp2040.c.obj
 .rodata.__func__.5
                0x10008578        0xf CMakeFiles/blink.dir/C_/Users/leo-v/Desktop/pico_sdk/pico-sdk/lib/tinyusb/src/portable/raspberrypi/rp2040/dcd_rp2040.c.obj
 *fill*         0x10008587        0x1 
 .rodata.__func__.6
                0x10008588       0x13 CMakeFiles/blink.dir/C_/Users/leo-v/Desktop/pico_sdk/pico-sdk/lib/tinyusb/src/portable/raspberrypi/rp2040/dcd_rp2040.c.obj
 *fill*         0x1000859b        0x1 
 .rodata.__func__.7
                0x1000859c        0x9 CMakeFiles/blink.dir/C_/Users/leo-v/Desktop/pico_sdk/pico-sdk/lib/tinyusb/src/portable/raspberrypi/rp2040/dcd_rp2040.c.obj
 *fill*         0x100085a5        0x3 
 .rodata.sync_ep_buffer.str1.4
                0x100085a8       0xa1 CMakeFiles/blink.dir/C_/Users/leo-v/Desktop/pico_sdk/pico-sdk/lib/tinyusb/src/portable/raspberrypi/rp2040/rp2040_usb.c.obj
 *fill*         0x10008649        0x3 
 .rodata._hw_endpoint_buffer_control_update32.str1.4
                0x1000864c       0x1f CMakeFiles/blink.dir/C_/Users/leo-v/Desktop/pico_sdk/pico-sdk/lib/tinyusb/src/portable/raspberrypi/rp2040/rp2040_usb.c.obj
 *fill*         0x1000866b        0x1 
 .rodata.hw_endpoint_xfer_start.str1.4
                0x1000866c       0x38 CMakeFiles/blink.dir/C_/Users/leo-v/Desktop/pico_sdk/pico-sdk/lib/tinyusb/src/portable/raspberrypi/rp2040/rp2040_usb.c.obj
 .rodata.hw_endpoint_xfer_continue.str1.4
                0x100086a4       0x29 CMakeFiles/blink.dir/C_/Users/leo-v/Desktop/pico_sdk/pico-sdk/lib/tinyusb/src/portable/raspberrypi/rp2040/rp2040_usb.c.obj
 *fill*         0x100086cd        0x3 
 .rodata.str1.4
                0x100086d0        0x7 CMakeFiles/blink.dir/C_/Users/leo-v/Desktop/pico_sdk/pico-sdk/lib/tinyusb/src/portable/raspberrypi/rp2040/rp2040_usb.c.obj
 *fill*         0x100086d7        0x1 
 .rodata.__func__.0
                0x100086d8        0xf CMakeFiles/blink.dir/C_/Users/leo-v/Desktop/pico_sdk/pico-sdk/lib/tinyusb/src/portable/raspberrypi/rp2040/rp2040_usb.c.obj
 *fill*         0x100086e7        0x1 
 .rodata.process_set_config.str1.4
                0x100086e8       0x17 CMakeFiles/blink.dir/C_/Users/leo-v/Desktop/pico_sdk/pico-sdk/lib/tinyusb/src/device/usbd.c.obj
 *fill*         0x100086ff        0x1 
 .rodata.process_get_descriptor
                0x10008700       0x40 CMakeFiles/blink.dir/C_/Users/leo-v/Desktop/pico_sdk/pico-sdk/lib/tinyusb/src/device/usbd.c.obj
 .rodata.process_control_request
                0x10008740       0x28 CMakeFiles/blink.dir/C_/Users/leo-v/Desktop/pico_sdk/pico-sdk/lib/tinyusb/src/device/usbd.c.obj
 .rodata.tud_task
                0x10008768       0x24 CMakeFiles/blink.dir/C_/Users/leo-v/Desktop/pico_sdk/pico-sdk/lib/tinyusb/src/device/usbd.c.obj
 .rodata.__func__.2
                0x1000878c        0xf CMakeFiles/blink.dir/C_/Users/leo-v/Desktop/pico_sdk/pico-sdk/lib/tinyusb/src/device/usbd.c.obj
 *fill*         0x1000879b        0x1 
 .rodata.__func__.3
                0x1000879c        0xf CMakeFiles/blink.dir/C_/Users/leo-v/Desktop/pico_sdk/pico-sdk/lib/tinyusb/src/device/usbd.c.obj
 *fill*         0x100087ab        0x1 
 .rodata.__func__.4
                0x100087ac       0x14 CMakeFiles/blink.dir/C_/Users/leo-v/Desktop/pico_sdk/pico-sdk/lib/tinyusb/src/device/usbd.c.obj
 .rodata.__func__.5
                0x100087c0       0x10 CMakeFiles/blink.dir/C_/Users/leo-v/Desktop/pico_sdk/pico-sdk/lib/tinyusb/src/device/usbd.c.obj
 .rodata.__func__.6
                0x100087d0       0x17 CMakeFiles/blink.dir/C_/Users/leo-v/Desktop/pico_sdk/pico-sdk/lib/tinyusb/src/device/usbd.c.obj
 *fill*         0x100087e7        0x1 
 .rodata.__func__.7
                0x100087e8       0x13 CMakeFiles/blink.dir/C_/Users/leo-v/Desktop/pico_sdk/pico-sdk/lib/tinyusb/src/device/usbd.c.obj
 *fill*         0x100087fb        0x1 
 .rodata.__func__.8
                0x100087fc       0x18 CMakeFiles/blink.dir/C_/Users/leo-v/Desktop/pico_sdk/pico-sdk/lib/tinyusb/src/device/usbd.c.obj
 .rodata.__func__.9
                0x10008814        0x9 CMakeFiles/blink.dir/C_/Users/leo-v/Desktop/pico_sdk/pico-sdk/lib/tinyusb/src/device/usbd.c.obj
 *fill*         0x1000881d        0x3 
 .rodata._usbd_driver
                0x10008820       0x18 CMakeFiles/blink.dir/C_/Users/leo-v/Desktop/pico_sdk/pico-sdk/lib/tinyusb/src/device/usbd.c.obj
 .rodata.tud_control_xfer.str1.4
                0x10008838       0x17 CMakeFiles/blink.dir/C_/Users/leo-v/Desktop/pico_sdk/pico-sdk/lib/tinyusb/src/device/usbd_control.c.obj
 .rodata.__func__.0
                0x10008838       0x15 CMakeFiles/blink.dir/C_/Users/leo-v/Desktop/pico_sdk/pico-sdk/lib/tinyusb/src/device/usbd_control.c.obj
 *fill*         0x1000884d        0x3 
 .rodata.__func__.1
                0x10008850       0x11 CMakeFiles/blink.dir/C_/Users/leo-v/Desktop/pico_sdk/pico-sdk/lib/tinyusb/src/device/usbd_control.c.obj
 .rodata.tud_cdc_n_write_flush.str1.4
                0x10008861       0x17 CMakeFiles/blink.dir/C_/Users/leo-v/Desktop/pico_sdk/pico-sdk/lib/tinyusb/src/class/cdc/cdc_device.c.obj
 *fill*         0x10008861        0x3 
 .rodata.__func__.0
                0x10008864        0xd CMakeFiles/blink.dir/C_/Users/leo-v/Desktop/pico_sdk/pico-sdk/lib/tinyusb/src/class/cdc/cdc_device.c.obj
 *fill*         0x10008871        0x3 
 .rodata.__func__.1
                0x10008874        0xa CMakeFiles/blink.dir/C_/Users/leo-v/Desktop/pico_sdk/pico-sdk/lib/tinyusb/src/class/cdc/cdc_device.c.obj
 *fill*         0x1000887e        0x2 
 .rodata.__func__.2
                0x10008880       0x16 CMakeFiles/blink.dir/C_/Users/leo-v/Desktop/pico_sdk/pico-sdk/lib/tinyusb/src/class/cdc/cdc_device.c.obj
 .rodata.tusb_init.str1.4
                0x10008896       0x17 CMakeFiles/blink.dir/C_/Users/leo-v/Desktop/pico_sdk/pico-sdk/lib/tinyusb/src/tusb.c.obj
 *fill*         0x10008896        0x2 
 .rodata.__func__.0
                0x10008898       0x11 CMakeFiles/blink.dir/C_/Users/leo-v/Desktop/pico_sdk/pico-sdk/lib/tinyusb/src/tusb.c.obj
 *fill*         0x100088a9        0x3 
 .rodata.__func__.1
                0x100088ac        0xa CMakeFiles/blink.dir/C_/Users/leo-v/Desktop/pico_sdk/pico-sdk/lib/tinyusb/src/tusb.c.obj
 *fill*         0x100088b6        0x2 
 .rodata.pico_get_unique_board_id_string.str1.4
                0x100088b8       0x5b CMakeFiles/blink.dir/C_/Users/leo-v/Desktop/pico_sdk/pico-sdk/src/rp2_common/pico_unique_id/unique_id.c.obj
 *fill*         0x10008913        0x1 
 .rodata.__func__.0
                0x10008914       0x20 CMakeFiles/blink.dir/C_/Users/leo-v/Desktop/pico_sdk/pico-sdk/src/rp2_common/pico_unique_id/unique_id.c.obj
 .rodata.str1.4
                0x10008934      0x166 CMakeFiles/blink.dir/C_/Users/leo-v/Desktop/pico_sdk/pico-sdk/src/rp2_common/hardware_flash/flash.c.obj
 *fill*         0x10008a9a        0x2 
 .rodata.__func__.0
                0x10008a9c        0xd CMakeFiles/blink.dir/C_/Users/leo-v/Desktop/pico_sdk/pico-sdk/src/rp2_common/hardware_flash/flash.c.obj
                0x10008aac                . = ALIGN (0x4)
 *fill*         0x10008aa9        0x3 
 *(SORT_BY_ALIGNMENT(SORT_BY_NAME(.flashdata*)))
                0x10008aac                . = ALIGN (0x4)

.rel.dyn        0x10008aac        0x0
 .rel.iplt      0x10008aac        0x0 c:/progra~2/gnuarm~1/102020~1/bin/../lib/gcc/arm-none-eabi/10.2.1/thumb/v6-m/nofp/crtbegin.o

.ARM.extab
 *(.ARM.extab* .gnu.linkonce.armextab.*)
                0x10008aac                __exidx_start = .

.ARM.exidx
 *(.ARM.exidx* .gnu.linkonce.armexidx.*)
                0x10008aac                __exidx_end = .
                0x10008aac                . = ALIGN (0x4)
                0x10008aac                __binary_info_start = .

.binary_info    0x10008aac       0x20
 *(.binary_info.keep.*)
 .binary_info.keep.__bi_ptr22
                0x10008aac        0x4 CMakeFiles/blink.dir/C_/Users/leo-v/Desktop/pico_sdk/pico-sdk/src/rp2_common/pico_standard_link/binary_info.c.obj
 .binary_info.keep.__bi_ptr30
                0x10008ab0        0x4 CMakeFiles/blink.dir/C_/Users/leo-v/Desktop/pico_sdk/pico-sdk/src/rp2_common/pico_standard_link/binary_info.c.obj
 .binary_info.keep.__bi_ptr38
                0x10008ab4        0x4 CMakeFiles/blink.dir/C_/Users/leo-v/Desktop/pico_sdk/pico-sdk/src/rp2_common/pico_standard_link/binary_info.c.obj
 .binary_info.keep.__bi_ptr44
                0x10008ab8        0x4 CMakeFiles/blink.dir/C_/Users/leo-v/Desktop/pico_sdk/pico-sdk/src/rp2_common/pico_standard_link/binary_info.c.obj
 .binary_info.keep.__bi_ptr50
                0x10008abc        0x4 CMakeFiles/blink.dir/C_/Users/leo-v/Desktop/pico_sdk/pico-sdk/src/rp2_common/pico_standard_link/binary_info.c.obj
 .binary_info.keep.__bi_ptr75
                0x10008ac0        0x4 CMakeFiles/blink.dir/C_/Users/leo-v/Desktop/pico_sdk/pico-sdk/src/rp2_common/pico_standard_link/binary_info.c.obj
 .binary_info.keep.__bi_ptr81
                0x10008ac4        0x4 CMakeFiles/blink.dir/C_/Users/leo-v/Desktop/pico_sdk/pico-sdk/src/rp2_common/pico_standard_link/binary_info.c.obj
 *(.binary_info.*)
 .binary_info.__bi_ptr93
                0x10008ac8        0x4 CMakeFiles/blink.dir/C_/Users/leo-v/Desktop/pico_sdk/pico-sdk/src/rp2_common/pico_stdio_usb/stdio_usb.c.obj
                0x10008acc                __binary_info_end = .
                0x10008acc                . = ALIGN (0x4)
                0x10008acc                __etext = .

.ram_vector_table
                0x20000000       0xc0
 *(.ram_vector_table)
 .ram_vector_table
                0x20000000       0xc0 CMakeFiles/blink.dir/C_/Users/leo-v/Desktop/pico_sdk/pico-sdk/src/rp2_common/pico_runtime/runtime.c.obj
                0x20000000                ram_vector_table

.data           0x200000c0      0x460 load address 0x10008acc
                0x200000c0                __data_start__ = .
 *(vtable)
 *(.time_critical*)
 .time_critical.mutex_enter_blocking
                0x200000c0       0x48 CMakeFiles/blink.dir/C_/Users/leo-v/Desktop/pico_sdk/pico-sdk/src/common/pico_sync/mutex.c.obj
                0x200000c0                mutex_enter_blocking
 .time_critical.mutex_try_enter
                0x20000108       0x46 CMakeFiles/blink.dir/C_/Users/leo-v/Desktop/pico_sdk/pico-sdk/src/common/pico_sync/mutex.c.obj
                0x20000108                mutex_try_enter
 *fill*         0x2000014e        0x2 
 .time_critical.mutex_enter_block_until
                0x20000150       0x8c CMakeFiles/blink.dir/C_/Users/leo-v/Desktop/pico_sdk/pico-sdk/src/common/pico_sync/mutex.c.obj
                0x20000150                mutex_enter_block_until
 .time_critical.mutex_enter_timeout_ms
                0x200001dc       0x74 CMakeFiles/blink.dir/C_/Users/leo-v/Desktop/pico_sdk/pico-sdk/src/common/pico_sync/mutex.c.obj
                0x200001dc                mutex_enter_timeout_ms
 .time_critical.mutex_exit
                0x20000250       0x4c CMakeFiles/blink.dir/C_/Users/leo-v/Desktop/pico_sdk/pico-sdk/src/common/pico_sync/mutex.c.obj
                0x20000250                mutex_exit
 .time_critical.flash_init_boot2_copyout
                0x2000029c       0x30 CMakeFiles/blink.dir/C_/Users/leo-v/Desktop/pico_sdk/pico-sdk/src/rp2_common/hardware_flash/flash.c.obj
 .time_critical.flash_enable_xip_via_boot2
                0x200002cc       0x10 CMakeFiles/blink.dir/C_/Users/leo-v/Desktop/pico_sdk/pico-sdk/src/rp2_common/hardware_flash/flash.c.obj
 .time_critical.flash_cs_force
                0x200002dc       0x28 CMakeFiles/blink.dir/C_/Users/leo-v/Desktop/pico_sdk/pico-sdk/src/rp2_common/hardware_flash/flash.c.obj
 .time_critical.flash_do_cmd
                0x20000304       0xd8 CMakeFiles/blink.dir/C_/Users/leo-v/Desktop/pico_sdk/pico-sdk/src/rp2_common/hardware_flash/flash.c.obj
                0x20000304                flash_do_cmd
 *(.text*)
 .text          0x200003dc        0x4 c:/progra~2/gnuarm~1/102020~1/bin/../lib/gcc/arm-none-eabi/10.2.1/thumb/v6-m/nofp\libgcc.a(_dvmd_tls.o)
                0x200003dc                __aeabi_idiv0
                0x200003dc                __aeabi_ldiv0
 .text.__stub   0x200003e0       0x40 linker stubs
                0x20000420                . = ALIGN (0x4)
 *(.rodata*)
                0x20000420                . = ALIGN (0x4)
 *(.data*)
 .data.state    0x20000420        0x1 CMakeFiles/blink.dir/blink.c.obj
                0x20000420                state
 .data.striped_spin_lock_num
                0x20000421        0x1 CMakeFiles/blink.dir/C_/Users/leo-v/Desktop/pico_sdk/pico-sdk/src/rp2_common/hardware_sync/sync.c.obj
 *fill*         0x20000422        0x2 
 .data.default_alarm_pool
                0x20000424       0x18 CMakeFiles/blink.dir/C_/Users/leo-v/Desktop/pico_sdk/pico-sdk/src/common/pico_time/time.c.obj
 .data.default_alarm_pool_heap
                0x2000043c       0x10 CMakeFiles/blink.dir/C_/Users/leo-v/Desktop/pico_sdk/pico-sdk/src/common/pico_time/time.c.obj
 .data          0x2000044c       0x48 CMakeFiles/blink.dir/C_/Users/leo-v/Desktop/pico_sdk/pico-sdk/src/rp2_common/hardware_irq/irq_handler_chain.S.obj
                0x2000044c                irq_handler_chain_slots
                0x2000047c                irq_handler_chain_first_slot
                0x20000486                irq_handler_chain_remove_tail
 *fill*         0x20000494        0xc 
 .data.aeabi_bits_funcs
                0x200004a0       0x10 CMakeFiles/blink.dir/C_/Users/leo-v/Desktop/pico_sdk/pico-sdk/src/rp2_common/pico_bit_ops/bit_ops_aeabi.S.obj
                0x200004a0                aeabi_bits_funcs
                0x200004b0                aeabi_bits_funcs_end
 .data.aeabi_mem_funcs
                0x200004b0       0x10 CMakeFiles/blink.dir/C_/Users/leo-v/Desktop/pico_sdk/pico-sdk/src/rp2_common/pico_mem_ops/mem_ops_aeabi.S.obj
                0x200004b0                aeabi_mem_funcs
                0x200004c0                aeabi_mem_funcs_end
 .data.stdio_usb
                0x200004c0       0x14 CMakeFiles/blink.dir/C_/Users/leo-v/Desktop/pico_sdk/pico-sdk/src/rp2_common/pico_stdio_usb/stdio_usb.c.obj
                0x200004c0                stdio_usb
 .data.ep_dir_string
                0x200004d4        0x8 CMakeFiles/blink.dir/C_/Users/leo-v/Desktop/pico_sdk/pico-sdk/lib/tinyusb/src/portable/raspberrypi/rp2040/rp2040_usb.c.obj
                0x200004d4                ep_dir_string
 .data._usbd_qdef
                0x200004dc       0x24 CMakeFiles/blink.dir/C_/Users/leo-v/Desktop/pico_sdk/pico-sdk/lib/tinyusb/src/device/usbd.c.obj
                0x200004dc                _usbd_qdef
                0x20000500                . = ALIGN (0x4)
 *(.after_data.*)
                0x20000500                . = ALIGN (0x4)
                0x20000500                PROVIDE (__mutex_array_start = .)
 *(SORT_BY_NAME(.mutex_array.*))
 *(.mutex_array)
 .mutex_array   0x20000500        0x8 CMakeFiles/blink.dir/C_/Users/leo-v/Desktop/pico_sdk/pico-sdk/src/rp2_common/pico_stdio/stdio.c.obj
                0x20000508                PROVIDE (__mutex_array_end = .)
                0x20000508                . = ALIGN (0x4)
                0x20000508                PROVIDE (__preinit_array_start = .)
 *(SORT_BY_NAME(.preinit_array.*))
 .preinit_array.00001
                0x20000508        0x4 CMakeFiles/blink.dir/C_/Users/leo-v/Desktop/pico_sdk/pico-sdk/src/rp2_common/pico_mem_ops/mem_ops_aeabi.S.obj
 .preinit_array.00010
                0x2000050c        0x4 CMakeFiles/blink.dir/C_/Users/leo-v/Desktop/pico_sdk/pico-sdk/src/rp2_common/pico_bit_ops/bit_ops_aeabi.S.obj
 .preinit_array.00020
                0x20000510        0x4 CMakeFiles/blink.dir/C_/Users/leo-v/Desktop/pico_sdk/pico-sdk/src/rp2_common/pico_double/double_aeabi.S.obj
 .preinit_array.00020
                0x20000514        0x4 CMakeFiles/blink.dir/C_/Users/leo-v/Desktop/pico_sdk/pico-sdk/src/rp2_common/pico_float/float_aeabi.S.obj
 *(.preinit_array)
                0x20000518                PROVIDE (__preinit_array_end = .)
                0x20000518                . = ALIGN (0x4)
                0x20000518                PROVIDE (__init_array_start = .)
 *(SORT_BY_NAME(.init_array.*))
 *(.init_array)
 .init_array    0x20000518        0x4 c:/progra~2/gnuarm~1/102020~1/bin/../lib/gcc/arm-none-eabi/10.2.1/thumb/v6-m/nofp/crtbegin.o
 .init_array    0x2000051c        0x4 CMakeFiles/blink.dir/C_/Users/leo-v/Desktop/pico_sdk/pico-sdk/src/rp2_common/pico_unique_id/unique_id.c.obj
                0x20000520                PROVIDE (__init_array_end = .)
                0x20000520                . = ALIGN (0x4)