Archive member included to satisfy reference by file (symbol)

c:/progra~2/gnuarm~1/102020~1/bin/../lib/gcc/arm-none-eabi/10.2.1/thumb/v6-m/nofp\libgcc.a(_dvmd_tls.o)
                              CMakeFiles/blink.dir/C_/Users/leo-v/Desktop/pico_sdk/pico-sdk/src/rp2_common/pico_divider/divider.S.obj (__aeabi_idiv0)
c:/progra~2/gnuarm~1/102020~1/bin/../lib/gcc/arm-none-eabi/10.2.1/../../../../arm-none-eabi/lib/thumb/v6-m/nofp\libg.a(lib_a-calloc.o)
                              CMakeFiles/blink.dir/C_/Users/leo-v/Desktop/pico_sdk/pico-sdk/src/rp2_common/pico_malloc/pico_malloc.c.obj (calloc)
c:/progra~2/gnuarm~1/102020~1/bin/../lib/gcc/arm-none-eabi/10.2.1/../../../../arm-none-eabi/lib/thumb/v6-m/nofp\libg.a(lib_a-callocr.o)
                              c:/progra~2/gnuarm~1/102020~1/bin/../lib/gcc/arm-none-eabi/10.2.1/../../../../arm-none-eabi/lib/thumb/v6-m/nofp\libg.a(lib_a-calloc.o) (_calloc_r)
c:/progra~2/gnuarm~1/102020~1/bin/../lib/gcc/arm-none-eabi/10.2.1/../../../../arm-none-eabi/lib/thumb/v6-m/nofp\libg.a(lib_a-ctype_.o)
                              CMakeFiles/blink.dir/C_/Users/leo-v/Desktop/pico_sdk/pico-sdk/lib/tinyusb/src/tusb.c.obj (_ctype_)
c:/progra~2/gnuarm~1/102020~1/bin/../lib/gcc/arm-none-eabi/10.2.1/../../../../arm-none-eabi/lib/thumb/v6-m/nofp\libg.a(lib_a-impure.o)
                              c:/progra~2/gnuarm~1/102020~1/bin/../lib/gcc/arm-none-eabi/10.2.1/../../../../arm-none-eabi/lib/thumb/v6-m/nofp\libg.a(lib_a-calloc.o) (_impure_ptr)
c:/progra~2/gnuarm~1/102020~1/bin/../lib/gcc/arm-none-eabi/10.2.1/../../../../arm-none-eabi/lib/thumb/v6-m/nofp\libg.a(lib_a-init.o)
                              c:/progra~2/gnuarm~1/102020~1/bin/../lib/gcc/arm-none-eabi/10.2.1/../../../../arm-none-eabi/lib/thumb/v6-m/nofp/crt0.o (__libc_init_array)
c:/progra~2/gnuarm~1/102020~1/bin/../lib/gcc/arm-none-eabi/10.2.1/../../../../arm-none-eabi/lib/thumb/v6-m/nofp\libg.a(lib_a-malloc.o)
                              CMakeFiles/blink.dir/C_/Users/leo-v/Desktop/pico_sdk/pico-sdk/src/rp2_common/pico_malloc/pico_malloc.c.obj (malloc)
c:/progra~2/gnuarm~1/102020~1/bin/../lib/gcc/arm-none-eabi/10.2.1/../../../../arm-none-eabi/lib/thumb/v6-m/nofp\libg.a(lib_a-mallocr.o)
                              c:/progra~2/gnuarm~1/102020~1/bin/../lib/gcc/arm-none-eabi/10.2.1/../../../../arm-none-eabi/lib/thumb/v6-m/nofp\libg.a(lib_a-callocr.o) (_malloc_r)
c:/progra~2/gnuarm~1/102020~1/bin/../lib/gcc/arm-none-eabi/10.2.1/../../../../arm-none-eabi/lib/thumb/v6-m/nofp\libg.a(lib_a-mlock.o)
                              c:/progra~2/gnuarm~1/102020~1/bin/../lib/gcc/arm-none-eabi/10.2.1/../../../../arm-none-eabi/lib/thumb/v6-m/nofp\libg.a(lib_a-mallocr.o) (__malloc_lock)
c:/progra~2/gnuarm~1/102020~1/bin/../lib/gcc/arm-none-eabi/10.2.1/../../../../arm-none-eabi/lib/thumb/v6-m/nofp\libg.a(lib_a-sbrkr.o)
                              c:/progra~2/gnuarm~1/102020~1/bin/../lib/gcc/arm-none-eabi/10.2.1/../../../../arm-none-eabi/lib/thumb/v6-m/nofp\libg.a(lib_a-mallocr.o) (_sbrk_r)
c:/progra~2/gnuarm~1/102020~1/bin/../lib/gcc/arm-none-eabi/10.2.1/../../../../arm-none-eabi/lib/thumb/v6-m/nofp\libg.a(lib_a-strlen-stub.o)
                              CMakeFiles/blink.dir/C_/Users/leo-v/Desktop/pico_sdk/pico-sdk/src/rp2_common/pico_stdio/stdio.c.obj (strlen)
c:/progra~2/gnuarm~1/102020~1/bin/../lib/gcc/arm-none-eabi/10.2.1/../../../../arm-none-eabi/lib/thumb/v6-m/nofp\libg.a(lib_a-freer.o)
                              c:/progra~2/gnuarm~1/102020~1/bin/../lib/gcc/arm-none-eabi/10.2.1/../../../../arm-none-eabi/lib/thumb/v6-m/nofp\libg.a(lib_a-malloc.o) (_free_r)
c:/progra~2/gnuarm~1/102020~1/bin/../lib/gcc/arm-none-eabi/10.2.1/../../../../arm-none-eabi/lib/thumb/v6-m/nofp\libg.a(lib_a-lock.o)
                              c:/progra~2/gnuarm~1/102020~1/bin/../lib/gcc/arm-none-eabi/10.2.1/../../../../arm-none-eabi/lib/thumb/v6-m/nofp\libg.a(lib_a-mlock.o) (__retarget_lock_acquire_recursive)
c:/progra~2/gnuarm~1/102020~1/bin/../lib/gcc/arm-none-eabi/10.2.1/../../../../arm-none-eabi/lib/thumb/v6-m/nofp\libg.a(lib_a-reent.o)
                              c:/progra~2/gnuarm~1/102020~1/bin/../lib/gcc/arm-none-eabi/10.2.1/../../../../arm-none-eabi/lib/thumb/v6-m/nofp\libg.a(lib_a-sbrkr.o) (errno)

Discarded input sections

 .text          0x00000000        0x0 c:/progra~2/gnuarm~1/102020~1/bin/../lib/gcc/arm-none-eabi/10.2.1/thumb/v6-m/nofp/crti.o
 .data          0x00000000        0x0 c:/progra~2/gnuarm~1/102020~1/bin/../lib/gcc/arm-none-eabi/10.2.1/thumb/v6-m/nofp/crti.o
 .bss           0x00000000        0x0 c:/progra~2/gnuarm~1/102020~1/bin/../lib/gcc/arm-none-eabi/10.2.1/thumb/v6-m/nofp/crti.o
 .data          0x00000000        0x4 c:/progra~2/gnuarm~1/102020~1/bin/../lib/gcc/arm-none-eabi/10.2.1/thumb/v6-m/nofp/crtbegin.o
 .rodata        0x00000000       0x24 c:/progra~2/gnuarm~1/102020~1/bin/../lib/gcc/arm-none-eabi/10.2.1/thumb/v6-m/nofp/crtbegin.o
[...]
Memory Configuration

Name             Origin             Length             Attributes
FLASH            0x10000000         0x00200000         xr
RAM              0x20000000         0x00040000         xrw
SCRATCH_X        0x20040000         0x00001000         xrw
SCRATCH_Y        0x20041000         0x00001000         xrw
*default*        0x00000000         0xffffffff

Linker script and memory map

LOAD c:/progra~2/gnuarm~1/102020~1/bin/../lib/gcc/arm-none-eabi/10.2.1/thumb/v6-m/nofp/crti.o
LOAD c:/progra~2/gnuarm~1/102020~1/bin/../lib/gcc/arm-none-eabi/10.2.1/thumb/v6-m/nofp/crtbegin.o
LOAD c:/progra~2/gnuarm~1/102020~1/bin/../lib/gcc/arm-none-eabi/10.2.1/../../../../arm-none-eabi/lib/thumb/v6-m/nofp/crt0.o

.flash_begin    0x10000000        0x0
                0x10000000                __flash_binary_start = .

.boot2          0x10000000      0x100
                0x10000000                __boot2_start__ = .
 *(.boot2)
 .boot2         0x10000000      0x100 C:\Users\leo-v\AppData\Local\Temp\cc2FDDeV.o
                0x10000100                __boot2_end__ = .
                0x00000001                ASSERT (((__boot2_end__ - __boot2_start__) == 0x100), ERROR: Pico second stage bootloader must be 256 bytes in size)

.text           0x10000100     0x7168
                0x10000100                __logical_binary_start = .
 *(.vectors)
 .vectors       0x10000100       0xd4 CMakeFiles/blink.dir/C_/Users/leo-v/Desktop/pico_sdk/pico-sdk/src/rp2_common/pico_standard_link/crt0.S.obj
                0x10000100                __VECTOR_TABLE
                0x10000100                __vectors
                0x100001c0                isr_invalid
                0x100001c0                __default_isrs_start
                0x100001c2                isr_nmi
                0x100001c4                isr_hardfault
                0x100001c6                isr_svcall
                0x100001c8                isr_pendsv
                0x100001ca                isr_systick
                0x100001cc                isr_irq23
                0x100001cc                isr_irq18
                0x100001cc                isr_irq11
                0x100001cc                isr_irq28
                0x100001cc                isr_irq19
                0x100001cc                isr_irq0
                0x100001cc                isr_irq6
                0x100001cc                isr_irq5
                0x100001cc                isr_irq12
                0x100001cc                isr_irq22
                0x100001cc                isr_irq31
                0x100001cc                isr_irq17
                0x100001cc                isr_irq27
                0x100001cc                isr_irq30
                0x100001cc                isr_irq2
                0x100001cc                isr_irq10
                0x100001cc                isr_irq8
                0x100001cc                isr_irq24
                0x100001cc                isr_irq1
                0x100001cc                isr_irq7
                0x100001cc                isr_irq21
                0x100001cc                isr_irq20
                0x100001cc                isr_irq15
                0x100001cc                isr_irq25
                0x100001cc                isr_irq13
                0x100001cc                __unhandled_user_irq
                0x100001cc                isr_irq4
                0x100001cc                isr_irq16
                0x100001cc                isr_irq29
                0x100001cc                isr_irq26
                0x100001cc                __default_isrs_end
                0x100001cc                isr_irq3
                0x100001cc                isr_irq14
                0x100001cc                isr_irq9
                0x100001d2                unhandled_user_irq_num_in_r0
 *(.binary_info_header)
 .binary_info_header
                0x100001d4       0x14 CMakeFiles/blink.dir/C_/Users/leo-v/Desktop/pico_sdk/pico-sdk/src/rp2_common/pico_standard_link/crt0.S.obj
                0x100001e8                __binary_info_header_end = .
 *(.reset)
 .reset         0x100001e8       0xa8 CMakeFiles/blink.dir/C_/Users/leo-v/Desktop/pico_sdk/pico-sdk/src/rp2_common/pico_standard_link/crt0.S.obj
                0x100001e8                _entry_point
                0x10000266                __get_current_exception
 .reset         0x10000290       0x30 CMakeFiles/blink.dir/C_/Users/leo-v/Desktop/pico_sdk/pico-sdk/src/rp2_common/pico_standard_link/binary_info.c.obj
 *(.init)
 .init          0x100002c0        0x4 c:/progra~2/gnuarm~1/102020~1/bin/../lib/gcc/arm-none-eabi/10.2.1/thumb/v6-m/nofp/crti.o
                0x100002c0                _init
 *(EXCLUDE_FILE(*libm.a: *libc.a:*lib_a-mem*.o *libgcc.a:) .text*)
 .text          0x100002c4       0x48 c:/progra~2/gnuarm~1/102020~1/bin/../lib/gcc/arm-none-eabi/10.2.1/thumb/v6-m/nofp/crtbegin.o
 .text.repeating_timer_callback
                0x1000030c       0x18 CMakeFiles/blink.dir/blink.c.obj
                0x1000030c                repeating_timer_callback
 .text.print_data
                0x10000324       0x5c CMakeFiles/blink.dir/blink.c.obj
                0x10000324                print_data
 .text.main     0x10000380       0xe4 CMakeFiles/blink.dir/blink.c.obj
                0x10000380                main
 .text.gpio_set_function
                0x10000464       0x30 CMakeFiles/blink.dir/C_/Users/leo-v/Desktop/pico_sdk/pico-sdk/src/rp2_common/hardware_gpio/gpio.c.obj
                0x10000464                gpio_set_function
 .text.gpio_set_pulls
                0x10000494       0x34 CMakeFiles/blink.dir/C_/Users/leo-v/Desktop/pico_sdk/pico-sdk/src/rp2_common/hardware_gpio/gpio.c.obj
                0x10000494                gpio_set_pulls
 .text.gpio_set_input_enabled
                0x100004c8       0x30 CMakeFiles/blink.dir/C_/Users/leo-v/Desktop/pico_sdk/pico-sdk/src/rp2_common/hardware_gpio/gpio.c.obj
                0x100004c8                gpio_set_input_enabled
 .text.gpio_init
                0x100004f8       0x16 CMakeFiles/blink.dir/C_/Users/leo-v/Desktop/pico_sdk/pico-sdk/src/rp2_common/hardware_gpio/gpio.c.obj
                0x100004f8                gpio_init
 *fill*         0x1000050e        0x2 
 .text.hw_claim_lock
                0x10000510       0x18 CMakeFiles/blink.dir/C_/Users/leo-v/Desktop/pico_sdk/pico-sdk/src/rp2_common/hardware_claim/claim.c.obj
                0x10000510                hw_claim_lock
 .text.hw_claim_unlock
                0x10000528       0x14 CMakeFiles/blink.dir/C_/Users/leo-v/Desktop/pico_sdk/pico-sdk/src/rp2_common/hardware_claim/claim.c.obj
                0x10000528                hw_claim_unlock
 .text.hw_claim_or_assert
                0x1000053c       0x32 CMakeFiles/blink.dir/C_/Users/leo-v/Desktop/pico_sdk/pico-sdk/src/rp2_common/hardware_claim/claim.c.obj
                0x1000053c                hw_claim_or_assert
 .text.hw_claim_unused_from_range
                0x1000056e       0x50 CMakeFiles/blink.dir/C_/Users/leo-v/Desktop/pico_sdk/pico-sdk/src/rp2_common/hardware_claim/claim.c.obj
                0x1000056e                hw_claim_unused_from_range
 *fill*         0x100005be        0x2 
 .text.running_on_fpga
                0x100005c0       0x14 CMakeFiles/blink.dir/C_/Users/leo-v/Desktop/pico_sdk/pico-sdk/src/rp2_common/pico_platform/platform.c.obj
                0x100005c0                running_on_fpga
 .text.spin_locks_reset
                0x100005d4       0x20 CMakeFiles/blink.dir/C_/Users/leo-v/Desktop/pico_sdk/pico-sdk/src/rp2_common/hardware_sync/sync.c.obj
                0x100005d4                spin_locks_reset
 .text.next_striped_spin_lock_num
                0x100005f4       0x1c CMakeFiles/blink.dir/C_/Users/leo-v/Desktop/pico_sdk/pico-sdk/src/rp2_common/hardware_sync/sync.c.obj
                0x100005f4                next_striped_spin_lock_num
 .text.spin_lock_claim_unused
                0x10000610       0x20 CMakeFiles/blink.dir/C_/Users/leo-v/Desktop/pico_sdk/pico-sdk/src/rp2_common/hardware_sync/sync.c.obj
                0x10000610                spin_lock_claim_unused
 .text.repeating_timer_callback
                0x10000630       0x40 CMakeFiles/blink.dir/C_/Users/leo-v/Desktop/pico_sdk/pico-sdk/src/common/pico_time/time.c.obj
 .text.alarm_pool_post_alloc_init
                0x10000670       0x40 CMakeFiles/blink.dir/C_/Users/leo-v/Desktop/pico_sdk/pico-sdk/src/common/pico_time/time.c.obj
 .text.sleep_until_callback
                0x100006b0       0x30 CMakeFiles/blink.dir/C_/Users/leo-v/Desktop/pico_sdk/pico-sdk/src/common/pico_time/time.c.obj
 .text.timer_pool_entry_comparator
                0x100006e0       0x7c CMakeFiles/blink.dir/C_/Users/leo-v/Desktop/pico_sdk/pico-sdk/src/common/pico_time/time.c.obj
                0x100006e0                timer_pool_entry_comparator
 .text.ph_add_child_node
                0x1000075c       0xa4 CMakeFiles/blink.dir/C_/Users/leo-v/Desktop/pico_sdk/pico-sdk/src/common/pico_time/time.c.obj
 .text.ph_merge_nodes
                0x10000800       0x3e CMakeFiles/blink.dir/C_/Users/leo-v/Desktop/pico_sdk/pico-sdk/src/common/pico_time/time.c.obj
 *fill*         0x1000083e        0x2 
 .text.add_alarm_under_lock
                0x10000840      0x174 CMakeFiles/blink.dir/C_/Users/leo-v/Desktop/pico_sdk/pico-sdk/src/common/pico_time/time.c.obj
 .text.alarm_pool_alarm_callback
                0x100009b4      0x328 CMakeFiles/blink.dir/C_/Users/leo-v/Desktop/pico_sdk/pico-sdk/src/common/pico_time/time.c.obj
 .text.alarm_pool_init_default
                0x10000cdc       0x38 CMakeFiles/blink.dir/C_/Users/leo-v/Desktop/pico_sdk/pico-sdk/src/common/pico_time/time.c.obj
                0x10000cdc                alarm_pool_init_default
 .text.alarm_pool_get_default
                0x10000d14       0x2c CMakeFiles/blink.dir/C_/Users/leo-v/Desktop/pico_sdk/pico-sdk/src/common/pico_time/time.c.obj
                0x10000d14                alarm_pool_get_default
 .text.alarm_pool_add_alarm_at
                0x10000d40      0x170 CMakeFiles/blink.dir/C_/Users/leo-v/Desktop/pico_sdk/pico-sdk/src/common/pico_time/time.c.obj
                0x10000d40                alarm_pool_add_alarm_at
 .text.alarm_pool_cancel_alarm
                0x10000eb0       0xf0 CMakeFiles/blink.dir/C_/Users/leo-v/Desktop/pico_sdk/pico-sdk/src/common/pico_time/time.c.obj
                0x10000eb0                alarm_pool_cancel_alarm
 .text.alarm_pool_add_repeating_timer_us
                0x10000fa0       0x9c CMakeFiles/blink.dir/C_/Users/leo-v/Desktop/pico_sdk/pico-sdk/src/common/pico_time/time.c.obj
                0x10000fa0                alarm_pool_add_repeating_timer_us
 .text.sleep_until
                0x1000103c       0xfc CMakeFiles/blink.dir/C_/Users/leo-v/Desktop/pico_sdk/pico-sdk/src/common/pico_time/time.c.obj
                0x1000103c                sleep_until
 .text.sleep_us
                0x10001138       0x58 CMakeFiles/blink.dir/C_/Users/leo-v/Desktop/pico_sdk/pico-sdk/src/common/pico_time/time.c.obj
                0x10001138                sleep_us
 .text.sleep_ms
                0x10001190       0x14 CMakeFiles/blink.dir/C_/Users/leo-v/Desktop/pico_sdk/pico-sdk/src/common/pico_time/time.c.obj
                0x10001190                sleep_ms
 .text.best_effort_wfe_or_timeout
                0x100011a4       0x80 CMakeFiles/blink.dir/C_/Users/leo-v/Desktop/pico_sdk/pico-sdk/src/common/pico_time/time.c.obj
                0x100011a4                best_effort_wfe_or_timeout
 .text.hardware_alarm_irq_handler
                0x10001224       0x8c CMakeFiles/blink.dir/C_/Users/leo-v/Desktop/pico_sdk/pico-sdk/src/rp2_common/hardware_timer/timer.c.obj
 .text.hardware_alarm_claim
                0x100012b0       0x18 CMakeFiles/blink.dir/C_/Users/leo-v/Desktop/pico_sdk/pico-sdk/src/rp2_common/hardware_timer/timer.c.obj
                0x100012b0                hardware_alarm_claim
 .text.time_us_64
                0x100012c8       0x18 CMakeFiles/blink.dir/C_/Users/leo-v/Desktop/pico_sdk/pico-sdk/src/rp2_common/hardware_timer/timer.c.obj
                0x100012c8                time_us_64
 .text.busy_wait_until
                0x100012e0       0x28 CMakeFiles/blink.dir/C_/Users/leo-v/Desktop/pico_sdk/pico-sdk/src/rp2_common/hardware_timer/timer.c.obj
                0x100012e0                busy_wait_until
 .text.hardware_alarm_set_callback
                0x10001308       0x90 CMakeFiles/blink.dir/C_/Users/leo-v/Desktop/pico_sdk/pico-sdk/src/rp2_common/hardware_timer/timer.c.obj
                0x10001308                hardware_alarm_set_callback
 .text.hardware_alarm_set_target
                0x10001398       0xe8 CMakeFiles/blink.dir/C_/Users/leo-v/Desktop/pico_sdk/pico-sdk/src/rp2_common/hardware_timer/timer.c.obj
                0x10001398                hardware_alarm_set_target
 .text.hardware_alarm_cancel
                0x10001480       0x40 CMakeFiles/blink.dir/C_/Users/leo-v/Desktop/pico_sdk/pico-sdk/src/rp2_common/hardware_timer/timer.c.obj
                0x10001480                hardware_alarm_cancel
 .text.lock_init
                0x100014c0       0x10 CMakeFiles/blink.dir/C_/Users/leo-v/Desktop/pico_sdk/pico-sdk/src/common/pico_sync/lock_core.c.obj
                0x100014c0                lock_init
 .text.mutex_init
                0x100014d0       0x1a CMakeFiles/blink.dir/C_/Users/leo-v/Desktop/pico_sdk/pico-sdk/src/common/pico_sync/mutex.c.obj
                0x100014d0                mutex_init
 .text.recursive_mutex_init
                0x100014ea       0x1e CMakeFiles/blink.dir/C_/Users/leo-v/Desktop/pico_sdk/pico-sdk/src/common/pico_sync/mutex.c.obj
                0x100014ea                recursive_mutex_init
 .text.critical_section_init_with_lock_num
                0x10001508       0x14 CMakeFiles/blink.dir/C_/Users/leo-v/Desktop/pico_sdk/pico-sdk/src/common/pico_sync/critical_section.c.obj
                0x10001508                critical_section_init_with_lock_num
 .text.critical_section_init
                0x1000151c       0x14 CMakeFiles/blink.dir/C_/Users/leo-v/Desktop/pico_sdk/pico-sdk/src/common/pico_sync/critical_section.c.obj
                0x1000151c                critical_section_init
 .text.ph_add_child_node
                0x10001530       0xa4 CMakeFiles/blink.dir/C_/Users/leo-v/Desktop/pico_sdk/pico-sdk/src/common/pico_util/pheap.c.obj
 .text.ph_merge_nodes
                0x100015d4       0x3e CMakeFiles/blink.dir/C_/Users/leo-v/Desktop/pico_sdk/pico-sdk/src/common/pico_util/pheap.c.obj
 *fill*         0x10001612        0x2 
 .text.ph_clear
                0x10001614       0x70 CMakeFiles/blink.dir/C_/Users/leo-v/Desktop/pico_sdk/pico-sdk/src/common/pico_util/pheap.c.obj
                0x10001614                ph_clear
 .text.ph_post_alloc_init
                0x10001684        0xe CMakeFiles/blink.dir/C_/Users/leo-v/Desktop/pico_sdk/pico-sdk/src/common/pico_util/pheap.c.obj
                0x10001684                ph_post_alloc_init
 *fill*         0x10001692        0x2 
 .text.ph_merge_two_pass
                0x10001694       0xa8 CMakeFiles/blink.dir/C_/Users/leo-v/Desktop/pico_sdk/pico-sdk/src/common/pico_util/pheap.c.obj
                0x10001694                ph_merge_two_pass
 .text.ph_remove_any_head
                0x1000173c      0x108 CMakeFiles/blink.dir/C_/Users/leo-v/Desktop/pico_sdk/pico-sdk/src/common/pico_util/pheap.c.obj
 .text.ph_remove_head
                0x10001844       0x14 CMakeFiles/blink.dir/C_/Users/leo-v/Desktop/pico_sdk/pico-sdk/src/common/pico_util/pheap.c.obj
                0x10001844                ph_remove_head
 .text.ph_remove_and_free_node
                0x10001858       0xf8 CMakeFiles/blink.dir/C_/Users/leo-v/Desktop/pico_sdk/pico-sdk/src/common/pico_util/pheap.c.obj
                0x10001858                ph_remove_and_free_node
 .text._exit    0x10001950        0x4 CMakeFiles/blink.dir/C_/Users/leo-v/Desktop/pico_sdk/pico-sdk/src/rp2_common/pico_runtime/runtime.c.obj
                0x10001950                _exit
 .text.exit     0x10001954        0x6 CMakeFiles/blink.dir/C_/Users/leo-v/Desktop/pico_sdk/pico-sdk/src/rp2_common/pico_runtime/runtime.c.obj
                0x10001954                exit
 *fill*         0x1000195a        0x2 
 .text.__assert_func
                0x1000195c       0x3c CMakeFiles/blink.dir/C_/Users/leo-v/Desktop/pico_sdk/pico-sdk/src/rp2_common/pico_runtime/runtime.c.obj
                0x1000195c                __assert_func
 .text.runtime_init
                0x10001998       0xf8 CMakeFiles/blink.dir/C_/Users/leo-v/Desktop/pico_sdk/pico-sdk/src/rp2_common/pico_runtime/runtime.c.obj
                0x10001998                runtime_init
 .text.panic    0x10001a90       0x30 CMakeFiles/blink.dir/C_/Users/leo-v/Desktop/pico_sdk/pico-sdk/src/rp2_common/pico_runtime/runtime.c.obj
                0x10001a90                panic
 .text.clock_configure
                0x10001ac0      0x104 CMakeFiles/blink.dir/C_/Users/leo-v/Desktop/pico_sdk/pico-sdk/src/rp2_common/hardware_clocks/clocks.c.obj
                0x10001ac0                clock_configure
 .text.clocks_init
                0x10001bc4      0x100 CMakeFiles/blink.dir/C_/Users/leo-v/Desktop/pico_sdk/pico-sdk/src/rp2_common/hardware_clocks/clocks.c.obj
                0x10001bc4                clocks_init
 .text.set_raw_irq_handler_and_unlock
                0x10001cc4       0x28 CMakeFiles/blink.dir/C_/Users/leo-v/Desktop/pico_sdk/pico-sdk/src/rp2_common/hardware_irq/irq.c.obj
 .text.make_branch
                0x10001cec       0x34 CMakeFiles/blink.dir/C_/Users/leo-v/Desktop/pico_sdk/pico-sdk/src/rp2_common/hardware_irq/irq.c.obj
 .text.insert_branch_and_link
                0x10001d20       0x40 CMakeFiles/blink.dir/C_/Users/leo-v/Desktop/pico_sdk/pico-sdk/src/rp2_common/hardware_irq/irq.c.obj
 .text.irq_is_enabled
                0x10001d60       0x18 CMakeFiles/blink.dir/C_/Users/leo-v/Desktop/pico_sdk/pico-sdk/src/rp2_common/hardware_irq/irq.c.obj
                0x10001d60                irq_is_enabled
 .text.irq_set_mask_enabled
                0x10001d78       0x20 CMakeFiles/blink.dir/C_/Users/leo-v/Desktop/pico_sdk/pico-sdk/src/rp2_common/hardware_irq/irq.c.obj
                0x10001d78                irq_set_mask_enabled
 .text.irq_set_enabled
                0x10001d98        0xe CMakeFiles/blink.dir/C_/Users/leo-v/Desktop/pico_sdk/pico-sdk/src/rp2_common/hardware_irq/irq.c.obj
                0x10001d98                irq_set_enabled
 *fill*         0x10001da6        0x2 
 .text.irq_set_pending
                0x10001da8       0x10 CMakeFiles/blink.dir/C_/Users/leo-v/Desktop/pico_sdk/pico-sdk/src/rp2_common/hardware_irq/irq.c.obj
                0x10001da8                irq_set_pending
 .text.irq_get_vtable_handler
                0x10001db8       0x10 CMakeFiles/blink.dir/C_/Users/leo-v/Desktop/pico_sdk/pico-sdk/src/rp2_common/hardware_irq/irq.c.obj
                0x10001db8                irq_get_vtable_handler
 .text.irq_set_exclusive_handler
                0x10001dc8       0x54 CMakeFiles/blink.dir/C_/Users/leo-v/Desktop/pico_sdk/pico-sdk/src/rp2_common/hardware_irq/irq.c.obj
                0x10001dc8                irq_set_exclusive_handler
 .text.irq_remove_handler
                0x10001e1c      0x1ac CMakeFiles/blink.dir/C_/Users/leo-v/Desktop/pico_sdk/pico-sdk/src/rp2_common/hardware_irq/irq.c.obj
                0x10001e1c                irq_remove_handler
 .text.irq_add_tail_to_free_list
                0x10001fc8       0xf0 CMakeFiles/blink.dir/C_/Users/leo-v/Desktop/pico_sdk/pico-sdk/src/rp2_common/hardware_irq/irq.c.obj
                0x10001fc8                irq_add_tail_to_free_list
 .text.irq_init_priorities
                0x100020b8       0x1c CMakeFiles/blink.dir/C_/Users/leo-v/Desktop/pico_sdk/pico-sdk/src/rp2_common/hardware_irq/irq.c.obj
                0x100020b8                irq_init_priorities
 .text.pll_init
                0x100020d4      0x118 CMakeFiles/blink.dir/C_/Users/leo-v/Desktop/pico_sdk/pico-sdk/src/rp2_common/hardware_pll/pll.c.obj
                0x100020d4                pll_init
 .text.watchdog_start_tick
                0x100021ec       0x10 CMakeFiles/blink.dir/C_/Users/leo-v/Desktop/pico_sdk/pico-sdk/src/rp2_common/hardware_watchdog/watchdog.c.obj
                0x100021ec                watchdog_start_tick
 .text.watchdog_update
                0x100021fc       0x14 CMakeFiles/blink.dir/C_/Users/leo-v/Desktop/pico_sdk/pico-sdk/src/rp2_common/hardware_watchdog/watchdog.c.obj
                0x100021fc                watchdog_update
 .text._watchdog_enable
                0x10002210       0x78 CMakeFiles/blink.dir/C_/Users/leo-v/Desktop/pico_sdk/pico-sdk/src/rp2_common/hardware_watchdog/watchdog.c.obj
                0x10002210                _watchdog_enable
 .text.watchdog_reboot
                0x10002288       0x48 CMakeFiles/blink.dir/C_/Users/leo-v/Desktop/pico_sdk/pico-sdk/src/rp2_common/hardware_watchdog/watchdog.c.obj
                0x10002288                watchdog_reboot
 .text.xosc_init
                0x100022d0       0x28 CMakeFiles/blink.dir/C_/Users/leo-v/Desktop/pico_sdk/pico-sdk/src/rp2_common/hardware_xosc/xosc.c.obj
                0x100022d0                xosc_init
 .text._out_null
                0x100022f8        0x2 CMakeFiles/blink.dir/C_/Users/leo-v/Desktop/pico_sdk/pico-sdk/src/rp2_common/pico_printf/printf.c.obj
 .text._out_fct
                0x100022fa        0xe CMakeFiles/blink.dir/C_/Users/leo-v/Desktop/pico_sdk/pico-sdk/src/rp2_common/pico_printf/printf.c.obj
 .text._atoi    0x10002308       0x24 CMakeFiles/blink.dir/C_/Users/leo-v/Desktop/pico_sdk/pico-sdk/src/rp2_common/pico_printf/printf.c.obj
 .text._out_rev
                0x1000232c       0xae CMakeFiles/blink.dir/C_/Users/leo-v/Desktop/pico_sdk/pico-sdk/src/rp2_common/pico_printf/printf.c.obj
 .text._ntoa_format
                0x100023da      0x112 CMakeFiles/blink.dir/C_/Users/leo-v/Desktop/pico_sdk/pico-sdk/src/rp2_common/pico_printf/printf.c.obj
 .text._ntoa_long
                0x100024ec       0xbc CMakeFiles/blink.dir/C_/Users/leo-v/Desktop/pico_sdk/pico-sdk/src/rp2_common/pico_printf/printf.c.obj
 .text._ntoa_long_long
                0x100025a8       0xe2 CMakeFiles/blink.dir/C_/Users/leo-v/Desktop/pico_sdk/pico-sdk/src/rp2_common/pico_printf/printf.c.obj
 *fill*         0x1000268a        0x2 
 .text._etoa    0x1000268c      0x414 CMakeFiles/blink.dir/C_/Users/leo-v/Desktop/pico_sdk/pico-sdk/src/rp2_common/pico_printf/printf.c.obj
 .text._ftoa    0x10002aa0      0x354 CMakeFiles/blink.dir/C_/Users/leo-v/Desktop/pico_sdk/pico-sdk/src/rp2_common/pico_printf/printf.c.obj
 .text._vsnprintf
                0x10002df4      0x624 CMakeFiles/blink.dir/C_/Users/leo-v/Desktop/pico_sdk/pico-sdk/src/rp2_common/pico_printf/printf.c.obj
 .text.vfctprintf
                0x10003418       0x20 CMakeFiles/blink.dir/C_/Users/leo-v/Desktop/pico_sdk/pico-sdk/src/rp2_common/pico_printf/printf.c.obj
                0x10003418                vfctprintf
 .text          0x10003438       0x10 CMakeFiles/blink.dir/C_/Users/leo-v/Desktop/pico_sdk/pico-sdk/src/rp2_common/pico_bit_ops/bit_ops_aeabi.S.obj
 .text.rom_func_lookup
                0x10003448       0x10 CMakeFiles/blink.dir/C_/Users/leo-v/Desktop/pico_sdk/pico-sdk/src/rp2_common/pico_bootrom/bootrom.c.obj
                0x10003448                rom_func_lookup
 .text.rom_data_lookup
                0x10003458       0x10 CMakeFiles/blink.dir/C_/Users/leo-v/Desktop/pico_sdk/pico-sdk/src/rp2_common/pico_bootrom/bootrom.c.obj
                0x10003458                rom_data_lookup
 .text.rom_funcs_lookup
                0x10003468       0x36 CMakeFiles/blink.dir/C_/Users/leo-v/Desktop/pico_sdk/pico-sdk/src/rp2_common/pico_bootrom/bootrom.c.obj
                0x10003468                rom_funcs_lookup
 *fill*         0x1000349e        0x2 
 .text.__wrap___aeabi_idiv
                0x100034a0       0x50 CMakeFiles/blink.dir/C_/Users/leo-v/Desktop/pico_sdk/pico-sdk/src/rp2_common/pico_divider/divider.S.obj
                0x100034a0                __wrap___aeabi_idivmod
                0x100034a0                divmod_s32s32
                0x100034a0                div_s32s32
                0x100034a0                __wrap___aeabi_idiv
                0x100034a8                divmod_s32s32_unsafe
                0x100034d4                divmod_s32s32_savestate
 .text.__wrap___aeabi_uidiv
                0x100034f0       0x4c CMakeFiles/blink.dir/C_/Users/leo-v/Desktop/pico_sdk/pico-sdk/src/rp2_common/pico_divider/divider.S.obj
                0x100034f0                __wrap___aeabi_uidiv
                0x100034f0                __wrap___aeabi_uidivmod
                0x100034f0                div_u32u32
                0x100034f0                divmod_u32u32
                0x100034f8                divmod_u32u32_unsafe
                0x10003520                divmod_u32u32_savestate
 .text.__wrap___aeabi_ldiv
                0x1000353c      0x434 CMakeFiles/blink.dir/C_/Users/leo-v/Desktop/pico_sdk/pico-sdk/src/rp2_common/pico_divider/divider.S.obj
                0x1000353c                div_s64s64
                0x1000353c                divmod_s64s64
                0x1000353c                __wrap___aeabi_ldivmod
                0x10003574                divmod_u64u64
                0x10003574                div_u64u64
                0x10003574                __wrap___aeabi_uldivmod
                0x10003584                divmod_u64u64_savestate
                0x100035ac                divmod_s64s64_unsafe
                0x10003634                divmod_u64u64_unsafe
 .text.__wrap___aeabi_darithmetic
                0x10003970       0x80 CMakeFiles/blink.dir/C_/Users/leo-v/Desktop/pico_sdk/pico-sdk/src/rp2_common/pico_double/double_aeabi.S.obj
                0x10003970                __wrap___aeabi_drsub
                0x10003976                __wrap___aeabi_dsub
                0x10003988                __wrap___aeabi_dadd
                0x1000399a                __wrap___aeabi_ddiv
                0x100039d6                __wrap___aeabi_dmul
 .text.__wrap___aeabi_cdcmple
                0x100039f0       0x6c CMakeFiles/blink.dir/C_/Users/leo-v/Desktop/pico_sdk/pico-sdk/src/rp2_common/pico_double/double_aeabi.S.obj
                0x100039f0                __wrap___aeabi_cdrcmple
                0x10003a00                __wrap___aeabi_cdcmpeq
                0x10003a00                __wrap___aeabi_cdcmple
 .text.__wrap___aeabi_dcmplt
                0x10003a5c        0xc CMakeFiles/blink.dir/C_/Users/leo-v/Desktop/pico_sdk/pico-sdk/src/rp2_common/pico_double/double_aeabi.S.obj
                0x10003a5c                __wrap___aeabi_dcmplt
 .text.__wrap___aeabi_dcmple
                0x10003a68       0x10 CMakeFiles/blink.dir/C_/Users/leo-v/Desktop/pico_sdk/pico-sdk/src/rp2_common/pico_double/double_aeabi.S.obj
                0x10003a68                __wrap___aeabi_dcmple
 .text.__wrap___aeabi_dcmpge
                0x10003a78       0x10 CMakeFiles/blink.dir/C_/Users/leo-v/Desktop/pico_sdk/pico-sdk/src/rp2_common/pico_double/double_aeabi.S.obj
                0x10003a78                __wrap___aeabi_dcmpge
 .text.__wrap___aeabi_dcmpgt
                0x10003a88        0xa CMakeFiles/blink.dir/C_/Users/leo-v/Desktop/pico_sdk/pico-sdk/src/rp2_common/pico_double/double_aeabi.S.obj
                0x10003a88                __wrap___aeabi_dcmpgt
 .text.__wrap___aeabi_dcmpun
                0x10003a92       0x1c CMakeFiles/blink.dir/C_/Users/leo-v/Desktop/pico_sdk/pico-sdk/src/rp2_common/pico_double/double_aeabi.S.obj
                0x10003a92                __wrap___aeabi_dcmpun
 *fill*         0x10003aae        0x2 
 .text.__wrap___aeabi_i2d
                0x10003ab0       0x38 CMakeFiles/blink.dir/C_/Users/leo-v/Desktop/pico_sdk/pico-sdk/src/rp2_common/pico_double/double_aeabi.S.obj
                0x10003ab0                __wrap___aeabi_ui2d
                0x10003ab8                __wrap___aeabi_i2d
 .text.__wrap___aeabi_d2iz
                0x10003ae8       0x48 CMakeFiles/blink.dir/C_/Users/leo-v/Desktop/pico_sdk/pico-sdk/src/rp2_common/pico_double/double_aeabi.S.obj
                0x10003ae8                double2int_z
                0x10003ae8                __wrap___aeabi_d2iz
 .text.__wrap___aeabi_d2uiz
                0x10003b30       0x18 CMakeFiles/blink.dir/C_/Users/leo-v/Desktop/pico_sdk/pico-sdk/src/rp2_common/pico_double/double_aeabi.S.obj
                0x10003b30                __wrap___aeabi_d2uiz
                0x10003b30                double2uint
 .text.__aeabi_double_init
                0x10003b48       0xc8 CMakeFiles/blink.dir/C_/Users/leo-v/Desktop/pico_sdk/pico-sdk/src/rp2_common/pico_double/double_init_rom.c.obj
                0x10003b48                __aeabi_double_init
 .text.double_table_shim_on_use_helper
                0x10003c10       0x34 CMakeFiles/blink.dir/C_/Users/leo-v/Desktop/pico_sdk/pico-sdk/src/rp2_common/pico_double/double_v1_rom_shim.S.obj
                0x10003c10                double_table_shim_on_use_helper
 .text.__wrap___aeabi_dsub
                0x10003c44       0x10 CMakeFiles/blink.dir/C_/Users/leo-v/Desktop/pico_sdk/pico-sdk/src/rp2_common/pico_double/double_v1_rom_shim.S.obj
                0x10003c44                drsub_shim
                0x10003c4a                dsub_shim
 .text.dadd_shim
                0x10003c54      0x15c CMakeFiles/blink.dir/C_/Users/leo-v/Desktop/pico_sdk/pico-sdk/src/rp2_common/pico_double/double_v1_rom_shim.S.obj
                0x10003c54                dadd_shim
 .text.dmul_shim
                0x10003db0      0x15c CMakeFiles/blink.dir/C_/Users/leo-v/Desktop/pico_sdk/pico-sdk/src/rp2_common/pico_double/double_v1_rom_shim.S.obj
                0x10003db0                dmul_shim
 .text.ddiv_shim
                0x10003f0c      0x1b0 CMakeFiles/blink.dir/C_/Users/leo-v/Desktop/pico_sdk/pico-sdk/src/rp2_common/pico_double/double_v1_rom_shim.S.obj
                0x10003f0c                ddiv_shim
 .text.double2uint_shim
                0x100040bc        0xe CMakeFiles/blink.dir/C_/Users/leo-v/Desktop/pico_sdk/pico-sdk/src/rp2_common/pico_double/double_v1_rom_shim.S.obj
                0x100040bc                double2uint_shim
                0x100040be                double2ufix_shim
 *fill*         0x100040ca        0x2 
 .text.double2uint64_shim
                0x100040cc       0x70 CMakeFiles/blink.dir/C_/Users/leo-v/Desktop/pico_sdk/pico-sdk/src/rp2_common/pico_double/double_v1_rom_shim.S.obj
                0x100040cc                double2uint64_shim
                0x100040ce                double2ufix64_shim
                0x100040ee                d2fix_a
 .text.dunpacks
                0x1000413c       0x3c CMakeFiles/blink.dir/C_/Users/leo-v/Desktop/pico_sdk/pico-sdk/src/rp2_common/pico_double/double_v1_rom_shim.S.obj
                0x1000413c                dunpacks
 .text.__aeabi_lmul
                0x10004178       0x32 CMakeFiles/blink.dir/C_/Users/leo-v/Desktop/pico_sdk/pico-sdk/src/rp2_common/pico_int64_ops/pico_int64_ops_aeabi.S.obj
                0x10004178                __wrap___aeabi_lmul
 *fill*         0x100041aa        0x2 
 .text.__aeabi_float_init
                0x100041ac       0xfc CMakeFiles/blink.dir/C_/Users/leo-v/Desktop/pico_sdk/pico-sdk/src/rp2_common/pico_float/float_init_rom.c.obj
                0x100041ac                __aeabi_float_init
 .text.float_table_shim_on_use_helper
                0x100042a8       0x34 CMakeFiles/blink.dir/C_/Users/leo-v/Desktop/pico_sdk/pico-sdk/src/rp2_common/pico_float/float_v1_rom_shim.S.obj
                0x100042a8                float_table_shim_on_use_helper
 .text          0x100042dc       0x10 CMakeFiles/blink.dir/C_/Users/leo-v/Desktop/pico_sdk/pico-sdk/src/rp2_common/pico_mem_ops/mem_ops_aeabi.S.obj
                0x100042dc                __aeabi_mem_init
 .text.memset   0x100042ec        0xc CMakeFiles/blink.dir/C_/Users/leo-v/Desktop/pico_sdk/pico-sdk/src/rp2_common/pico_mem_ops/mem_ops_aeabi.S.obj
                0x100042ec                __wrap_memset
 .text.memcpy   0x100042f8        0xc CMakeFiles/blink.dir/C_/Users/leo-v/Desktop/pico_sdk/pico-sdk/src/rp2_common/pico_mem_ops/mem_ops_aeabi.S.obj
                0x100042f8                __wrap_memcpy
                0x100042f8                __wrap___aeabi_memcpy
 .text.stdio_out_chars_no_crlf
                0x10004304        0xe CMakeFiles/blink.dir/C_/Users/leo-v/Desktop/pico_sdk/pico-sdk/src/rp2_common/pico_stdio/stdio.c.obj
 *fill*         0x10004312        0x2 
 .text.stdio_out_chars_crlf
                0x10004314       0x80 CMakeFiles/blink.dir/C_/Users/leo-v/Desktop/pico_sdk/pico-sdk/src/rp2_common/pico_stdio/stdio.c.obj
 .text.stdio_stack_buffer_flush
                0x10004394       0x44 CMakeFiles/blink.dir/C_/Users/leo-v/Desktop/pico_sdk/pico-sdk/src/rp2_common/pico_stdio/stdio.c.obj
 .text.stdio_buffered_printer
                0x100043d8       0x20 CMakeFiles/blink.dir/C_/Users/leo-v/Desktop/pico_sdk/pico-sdk/src/rp2_common/pico_stdio/stdio.c.obj
 .text.stdout_serialize_begin
                0x100043f8       0x30 CMakeFiles/blink.dir/C_/Users/leo-v/Desktop/pico_sdk/pico-sdk/src/rp2_common/pico_stdio/stdio.c.obj
                0x100043f8                stdout_serialize_begin
 .text.stdout_serialize_end
                0x10004428       0x10 CMakeFiles/blink.dir/C_/Users/leo-v/Desktop/pico_sdk/pico-sdk/src/rp2_common/pico_stdio/stdio.c.obj
                0x10004428                stdout_serialize_end
 .text.stdio_put_string
                0x10004438       0x98 CMakeFiles/blink.dir/C_/Users/leo-v/Desktop/pico_sdk/pico-sdk/src/rp2_common/pico_stdio/stdio.c.obj
 .text.stdio_set_driver_enabled
                0x100044d0       0x38 CMakeFiles/blink.dir/C_/Users/leo-v/Desktop/pico_sdk/pico-sdk/src/rp2_common/pico_stdio/stdio.c.obj
                0x100044d0                stdio_set_driver_enabled
 .text.stdio_flush
                0x10004508       0x20 CMakeFiles/blink.dir/C_/Users/leo-v/Desktop/pico_sdk/pico-sdk/src/rp2_common/pico_stdio/stdio.c.obj
                0x10004508                stdio_flush
 .text.__wrap_puts
                0x10004528       0x1e CMakeFiles/blink.dir/C_/Users/leo-v/Desktop/pico_sdk/pico-sdk/src/rp2_common/pico_stdio/stdio.c.obj
                0x10004528                __wrap_puts
 *fill*         0x10004546        0x2 
 .text.__wrap_vprintf
                0x10004548       0x44 CMakeFiles/blink.dir/C_/Users/leo-v/Desktop/pico_sdk/pico-sdk/src/rp2_common/pico_stdio/stdio.c.obj
                0x10004548                __wrap_vprintf
 .text.__wrap_printf
                0x1000458c       0x18 CMakeFiles/blink.dir/C_/Users/leo-v/Desktop/pico_sdk/pico-sdk/src/rp2_common/pico_stdio/stdio.c.obj
                0x1000458c                __wrap_printf
 .text.stdio_init_all
                0x100045a4        0x8 CMakeFiles/blink.dir/C_/Users/leo-v/Desktop/pico_sdk/pico-sdk/src/rp2_common/pico_stdio/stdio.c.obj
                0x100045a4                stdio_init_all
 .text.resetd_init
                0x100045ac        0x2 CMakeFiles/blink.dir/C_/Users/leo-v/Desktop/pico_sdk/pico-sdk/src/rp2_common/pico_stdio_usb/reset_interface.c.obj
 *fill*         0x100045ae        0x2 
 .text.resetd_reset
                0x100045b0        0xc CMakeFiles/blink.dir/C_/Users/leo-v/Desktop/pico_sdk/pico-sdk/src/rp2_common/pico_stdio_usb/reset_interface.c.obj
 .text.resetd_open
                0x100045bc       0x34 CMakeFiles/blink.dir/C_/Users/leo-v/Desktop/pico_sdk/pico-sdk/src/rp2_common/pico_stdio_usb/reset_interface.c.obj
 .text.resetd_xfer_cb
                0x100045f0        0x4 CMakeFiles/blink.dir/C_/Users/leo-v/Desktop/pico_sdk/pico-sdk/src/rp2_common/pico_stdio_usb/reset_interface.c.obj
 .text.reset_usb_boot
                0x100045f4       0x18 CMakeFiles/blink.dir/C_/Users/leo-v/Desktop/pico_sdk/pico-sdk/src/rp2_common/pico_stdio_usb/reset_interface.c.obj
 .text.resetd_control_xfer_cb
                0x1000460c       0x5c CMakeFiles/blink.dir/C_/Users/leo-v/Desktop/pico_sdk/pico-sdk/src/rp2_common/pico_stdio_usb/reset_interface.c.obj
 .text.usbd_app_driver_get_cb
                0x10004668        0xc CMakeFiles/blink.dir/C_/Users/leo-v/Desktop/pico_sdk/pico-sdk/src/rp2_common/pico_stdio_usb/reset_interface.c.obj
                0x10004668                usbd_app_driver_get_cb
 .text.tud_cdc_line_coding_cb
                0x10004674       0x28 CMakeFiles/blink.dir/C_/Users/leo-v/Desktop/pico_sdk/pico-sdk/src/rp2_common/pico_stdio_usb/reset_interface.c.obj
                0x10004674                tud_cdc_line_coding_cb
 .text.stdio_usb_in_chars
                0x1000469c       0x70 CMakeFiles/blink.dir/C_/Users/leo-v/Desktop/pico_sdk/pico-sdk/src/rp2_common/pico_stdio_usb/stdio_usb.c.obj
                0x1000469c                stdio_usb_in_chars
 .text.low_priority_worker_irq
                0x1000470c       0x20 CMakeFiles/blink.dir/C_/Users/leo-v/Desktop/pico_sdk/pico-sdk/src/rp2_common/pico_stdio_usb/stdio_usb.c.obj
 .text.stdio_usb_out_chars
                0x1000472c       0xd4 CMakeFiles/blink.dir/C_/Users/leo-v/Desktop/pico_sdk/pico-sdk/src/rp2_common/pico_stdio_usb/stdio_usb.c.obj
 .text.timer_task
                0x10004800       0x10 CMakeFiles/blink.dir/C_/Users/leo-v/Desktop/pico_sdk/pico-sdk/src/rp2_common/pico_stdio_usb/stdio_usb.c.obj
 .text.stdio_usb_init
                0x10004810       0xb8 CMakeFiles/blink.dir/C_/Users/leo-v/Desktop/pico_sdk/pico-sdk/src/rp2_common/pico_stdio_usb/stdio_usb.c.obj
                0x10004810                stdio_usb_init
 .text.tud_descriptor_device_cb
                0x100048c8        0x8 CMakeFiles/blink.dir/C_/Users/leo-v/Desktop/pico_sdk/pico-sdk/src/rp2_common/pico_stdio_usb/stdio_usb_descriptors.c.obj
                0x100048c8                tud_descriptor_device_cb
 .text.tud_descriptor_configuration_cb
                0x100048d0        0x8 CMakeFiles/blink.dir/C_/Users/leo-v/Desktop/pico_sdk/pico-sdk/src/rp2_common/pico_stdio_usb/stdio_usb_descriptors.c.obj
                0x100048d0                tud_descriptor_configuration_cb
 .text.tud_descriptor_string_cb
                0x100048d8       0x6c CMakeFiles/blink.dir/C_/Users/leo-v/Desktop/pico_sdk/pico-sdk/src/rp2_common/pico_stdio_usb/stdio_usb_descriptors.c.obj
                0x100048d8                tud_descriptor_string_cb
 .text.hw_endpoint_get_by_addr
                0x10004944       0x18 CMakeFiles/blink.dir/C_/Users/leo-v/Desktop/pico_sdk/pico-sdk/lib/tinyusb/src/portable/raspberrypi/rp2040/dcd_rp2040.c.obj
 .text.reset_ep0_pid
                0x1000495c       0x28 CMakeFiles/blink.dir/C_/Users/leo-v/Desktop/pico_sdk/pico-sdk/lib/tinyusb/src/portable/raspberrypi/rp2040/dcd_rp2040.c.obj
 .text._hw_endpoint_alloc
                0x10004984       0x70 CMakeFiles/blink.dir/C_/Users/leo-v/Desktop/pico_sdk/pico-sdk/lib/tinyusb/src/portable/raspberrypi/rp2040/dcd_rp2040.c.obj
 .text.hw_endpoint_init
                0x100049f4       0x88 CMakeFiles/blink.dir/C_/Users/leo-v/Desktop/pico_sdk/pico-sdk/lib/tinyusb/src/portable/raspberrypi/rp2040/dcd_rp2040.c.obj
 .text.reset_non_control_endpoints
                0x10004a7c       0x40 CMakeFiles/blink.dir/C_/Users/leo-v/Desktop/pico_sdk/pico-sdk/lib/tinyusb/src/portable/raspberrypi/rp2040/dcd_rp2040.c.obj
 .text.hw_handle_buff_status
                0x10004abc       0x8c CMakeFiles/blink.dir/C_/Users/leo-v/Desktop/pico_sdk/pico-sdk/lib/tinyusb/src/portable/raspberrypi/rp2040/dcd_rp2040.c.obj
 .text.dcd_rp2040_irq
                0x10004b48       0xc0 CMakeFiles/blink.dir/C_/Users/leo-v/Desktop/pico_sdk/pico-sdk/lib/tinyusb/src/portable/raspberrypi/rp2040/dcd_rp2040.c.obj
 .text.hw_endpoint_xfer
                0x10004c08       0x14 CMakeFiles/blink.dir/C_/Users/leo-v/Desktop/pico_sdk/pico-sdk/lib/tinyusb/src/portable/raspberrypi/rp2040/dcd_rp2040.c.obj
 .text.dcd_int_enable
                0x10004c1c       0x2c CMakeFiles/blink.dir/C_/Users/leo-v/Desktop/pico_sdk/pico-sdk/lib/tinyusb/src/portable/raspberrypi/rp2040/dcd_rp2040.c.obj
                0x10004c1c                dcd_int_enable
 .text.dcd_set_address
                0x10004c48       0x2c CMakeFiles/blink.dir/C_/Users/leo-v/Desktop/pico_sdk/pico-sdk/lib/tinyusb/src/portable/raspberrypi/rp2040/dcd_rp2040.c.obj
                0x10004c48                dcd_set_address
 .text.dcd_connect
                0x10004c74       0x10 CMakeFiles/blink.dir/C_/Users/leo-v/Desktop/pico_sdk/pico-sdk/lib/tinyusb/src/portable/raspberrypi/rp2040/dcd_rp2040.c.obj
                0x10004c74                dcd_connect
 .text.dcd_init
                0x10004c84       0x7c CMakeFiles/blink.dir/C_/Users/leo-v/Desktop/pico_sdk/pico-sdk/lib/tinyusb/src/portable/raspberrypi/rp2040/dcd_rp2040.c.obj
                0x10004c84                dcd_init
 .text.dcd_edpt0_status_complete
                0x10004d00       0x1c CMakeFiles/blink.dir/C_/Users/leo-v/Desktop/pico_sdk/pico-sdk/lib/tinyusb/src/portable/raspberrypi/rp2040/dcd_rp2040.c.obj
                0x10004d00                dcd_edpt0_status_complete
 .text.dcd_edpt_open
                0x10004d1c       0x40 CMakeFiles/blink.dir/C_/Users/leo-v/Desktop/pico_sdk/pico-sdk/lib/tinyusb/src/portable/raspberrypi/rp2040/dcd_rp2040.c.obj
                0x10004d1c                dcd_edpt_open
 .text.dcd_edpt_close_all
                0x10004d5c        0x8 CMakeFiles/blink.dir/C_/Users/leo-v/Desktop/pico_sdk/pico-sdk/lib/tinyusb/src/portable/raspberrypi/rp2040/dcd_rp2040.c.obj
                0x10004d5c                dcd_edpt_close_all
 .text.dcd_edpt_xfer
                0x10004d64       0x30 CMakeFiles/blink.dir/C_/Users/leo-v/Desktop/pico_sdk/pico-sdk/lib/tinyusb/src/portable/raspberrypi/rp2040/dcd_rp2040.c.obj
                0x10004d64                dcd_edpt_xfer
 .text.dcd_edpt_stall
                0x10004d94       0x2c CMakeFiles/blink.dir/C_/Users/leo-v/Desktop/pico_sdk/pico-sdk/lib/tinyusb/src/portable/raspberrypi/rp2040/dcd_rp2040.c.obj
                0x10004d94                dcd_edpt_stall
 .text.dcd_edpt_clear_stall
                0x10004dc0       0x20 CMakeFiles/blink.dir/C_/Users/leo-v/Desktop/pico_sdk/pico-sdk/lib/tinyusb/src/portable/raspberrypi/rp2040/dcd_rp2040.c.obj
                0x10004dc0                dcd_edpt_clear_stall
 .text.prepare_ep_buffer
                0x10004de0       0x70 CMakeFiles/blink.dir/C_/Users/leo-v/Desktop/pico_sdk/pico-sdk/lib/tinyusb/src/portable/raspberrypi/rp2040/rp2040_usb.c.obj
 .text.sync_ep_buffer
                0x10004e50       0x7c CMakeFiles/blink.dir/C_/Users/leo-v/Desktop/pico_sdk/pico-sdk/lib/tinyusb/src/portable/raspberrypi/rp2040/rp2040_usb.c.obj
 .text._hw_endpoint_xfer_sync
                0x10004ecc       0x28 CMakeFiles/blink.dir/C_/Users/leo-v/Desktop/pico_sdk/pico-sdk/lib/tinyusb/src/portable/raspberrypi/rp2040/rp2040_usb.c.obj
 .text.rp2040_usb_init
                0x10004ef4       0x4c CMakeFiles/blink.dir/C_/Users/leo-v/Desktop/pico_sdk/pico-sdk/lib/tinyusb/src/portable/raspberrypi/rp2040/rp2040_usb.c.obj
                0x10004ef4                rp2040_usb_init
 .text.hw_endpoint_reset_transfer
                0x10004f40        0xc CMakeFiles/blink.dir/C_/Users/leo-v/Desktop/pico_sdk/pico-sdk/lib/tinyusb/src/portable/raspberrypi/rp2040/rp2040_usb.c.obj
                0x10004f40                hw_endpoint_reset_transfer
 .text._hw_endpoint_buffer_control_update32
                0x10004f4c       0x58 CMakeFiles/blink.dir/C_/Users/leo-v/Desktop/pico_sdk/pico-sdk/lib/tinyusb/src/portable/raspberrypi/rp2040/rp2040_usb.c.obj
                0x10004f4c                _hw_endpoint_buffer_control_update32
 .text._hw_endpoint_start_next_buffer
                0x10004fa4       0x74 CMakeFiles/blink.dir/C_/Users/leo-v/Desktop/pico_sdk/pico-sdk/lib/tinyusb/src/portable/raspberrypi/rp2040/rp2040_usb.c.obj
 .text.hw_endpoint_xfer_start
                0x10005018       0x48 CMakeFiles/blink.dir/C_/Users/leo-v/Desktop/pico_sdk/pico-sdk/lib/tinyusb/src/portable/raspberrypi/rp2040/rp2040_usb.c.obj
                0x10005018                hw_endpoint_xfer_start
 .text.hw_endpoint_xfer_continue
                0x10005060       0x38 CMakeFiles/blink.dir/C_/Users/leo-v/Desktop/pico_sdk/pico-sdk/lib/tinyusb/src/portable/raspberrypi/rp2040/rp2040_usb.c.obj
                0x10005060                hw_endpoint_xfer_continue
 .text.configuration_reset
                0x10005098       0x84 CMakeFiles/blink.dir/C_/Users/leo-v/Desktop/pico_sdk/pico-sdk/lib/tinyusb/src/device/usbd.c.obj
 .text.usbd_reset
                0x1000511c        0xc CMakeFiles/blink.dir/C_/Users/leo-v/Desktop/pico_sdk/pico-sdk/lib/tinyusb/src/device/usbd.c.obj
 .text.invoke_class_control
                0x10005128       0x1a CMakeFiles/blink.dir/C_/Users/leo-v/Desktop/pico_sdk/pico-sdk/lib/tinyusb/src/device/usbd.c.obj
 *fill*         0x10005142        0x2 
 .text.process_set_config
                0x10005144      0x1b0 CMakeFiles/blink.dir/C_/Users/leo-v/Desktop/pico_sdk/pico-sdk/lib/tinyusb/src/device/usbd.c.obj
 .text.process_get_descriptor
                0x100052f4       0xec CMakeFiles/blink.dir/C_/Users/leo-v/Desktop/pico_sdk/pico-sdk/lib/tinyusb/src/device/usbd.c.obj
 .text.tud_mounted
                0x100053e0       0x10 CMakeFiles/blink.dir/C_/Users/leo-v/Desktop/pico_sdk/pico-sdk/lib/tinyusb/src/device/usbd.c.obj
                0x100053e0                tud_mounted
 .text.tud_suspended
                0x100053f0       0x10 CMakeFiles/blink.dir/C_/Users/leo-v/Desktop/pico_sdk/pico-sdk/lib/tinyusb/src/device/usbd.c.obj
                0x100053f0                tud_suspended
 .text.tud_inited
                0x10005400        0xc CMakeFiles/blink.dir/C_/Users/leo-v/Desktop/pico_sdk/pico-sdk/lib/tinyusb/src/device/usbd.c.obj
                0x10005400                tud_inited
 .text.tud_init
                0x1000540c       0xcc CMakeFiles/blink.dir/C_/Users/leo-v/Desktop/pico_sdk/pico-sdk/lib/tinyusb/src/device/usbd.c.obj
                0x1000540c                tud_init
 .text.dcd_event_handler
                0x100054d8      0x1e0 CMakeFiles/blink.dir/C_/Users/leo-v/Desktop/pico_sdk/pico-sdk/lib/tinyusb/src/device/usbd.c.obj
                0x100054d8                dcd_event_handler
 .text.dcd_event_bus_signal
                0x100056b8       0x26 CMakeFiles/blink.dir/C_/Users/leo-v/Desktop/pico_sdk/pico-sdk/lib/tinyusb/src/device/usbd.c.obj
                0x100056b8                dcd_event_bus_signal
 .text.dcd_event_bus_reset
                0x100056de       0x2a CMakeFiles/blink.dir/C_/Users/leo-v/Desktop/pico_sdk/pico-sdk/lib/tinyusb/src/device/usbd.c.obj
                0x100056de                dcd_event_bus_reset
 .text.dcd_event_setup_received
                0x10005708       0x34 CMakeFiles/blink.dir/C_/Users/leo-v/Desktop/pico_sdk/pico-sdk/lib/tinyusb/src/device/usbd.c.obj
                0x10005708                dcd_event_setup_received
 .text.dcd_event_xfer_complete
                0x1000573c       0x44 CMakeFiles/blink.dir/C_/Users/leo-v/Desktop/pico_sdk/pico-sdk/lib/tinyusb/src/device/usbd.c.obj
                0x1000573c                dcd_event_xfer_complete
 .text.usbd_edpt_open
                0x10005780       0x58 CMakeFiles/blink.dir/C_/Users/leo-v/Desktop/pico_sdk/pico-sdk/lib/tinyusb/src/device/usbd.c.obj
                0x10005780                usbd_edpt_open
 .text.usbd_open_edpt_pair
                0x100057d8       0x8c CMakeFiles/blink.dir/C_/Users/leo-v/Desktop/pico_sdk/pico-sdk/lib/tinyusb/src/device/usbd.c.obj
                0x100057d8                usbd_open_edpt_pair
 .text.usbd_edpt_claim
                0x10005864       0x8c CMakeFiles/blink.dir/C_/Users/leo-v/Desktop/pico_sdk/pico-sdk/lib/tinyusb/src/device/usbd.c.obj
                0x10005864                usbd_edpt_claim
 .text.usbd_edpt_release
                0x100058f0       0x68 CMakeFiles/blink.dir/C_/Users/leo-v/Desktop/pico_sdk/pico-sdk/lib/tinyusb/src/device/usbd.c.obj
                0x100058f0                usbd_edpt_release
 .text.usbd_edpt_xfer
                0x10005958       0x80 CMakeFiles/blink.dir/C_/Users/leo-v/Desktop/pico_sdk/pico-sdk/lib/tinyusb/src/device/usbd.c.obj
                0x10005958                usbd_edpt_xfer
 .text.usbd_edpt_stall
                0x100059d8       0x40 CMakeFiles/blink.dir/C_/Users/leo-v/Desktop/pico_sdk/pico-sdk/lib/tinyusb/src/device/usbd.c.obj
                0x100059d8                usbd_edpt_stall
 .text.usbd_edpt_clear_stall
                0x10005a18       0x40 CMakeFiles/blink.dir/C_/Users/leo-v/Desktop/pico_sdk/pico-sdk/lib/tinyusb/src/device/usbd.c.obj
                0x10005a18                usbd_edpt_clear_stall
 .text.usbd_edpt_stalled
                0x10005a58       0x1c CMakeFiles/blink.dir/C_/Users/leo-v/Desktop/pico_sdk/pico-sdk/lib/tinyusb/src/device/usbd.c.obj
                0x10005a58                usbd_edpt_stalled
 .text.process_control_request
                0x10005a74      0x3b8 CMakeFiles/blink.dir/C_/Users/leo-v/Desktop/pico_sdk/pico-sdk/lib/tinyusb/src/device/usbd.c.obj
 .text.tud_task
                0x10005e2c      0x218 CMakeFiles/blink.dir/C_/Users/leo-v/Desktop/pico_sdk/pico-sdk/lib/tinyusb/src/device/usbd.c.obj
                0x10005e2c                tud_task
 .text._data_stage_xact
                0x10006044       0x58 CMakeFiles/blink.dir/C_/Users/leo-v/Desktop/pico_sdk/pico-sdk/lib/tinyusb/src/device/usbd_control.c.obj
 .text.tud_control_status
                0x1000609c       0x38 CMakeFiles/blink.dir/C_/Users/leo-v/Desktop/pico_sdk/pico-sdk/lib/tinyusb/src/device/usbd_control.c.obj
                0x1000609c                tud_control_status
 .text.tud_control_xfer
                0x100060d4       0xa8 CMakeFiles/blink.dir/C_/Users/leo-v/Desktop/pico_sdk/pico-sdk/lib/tinyusb/src/device/usbd_control.c.obj
                0x100060d4                tud_control_xfer
 .text.usbd_control_reset
                0x1000617c       0x14 CMakeFiles/blink.dir/C_/Users/leo-v/Desktop/pico_sdk/pico-sdk/lib/tinyusb/src/device/usbd_control.c.obj
                0x1000617c                usbd_control_reset
 .text.usbd_control_set_complete_callback
                0x10006190        0xc CMakeFiles/blink.dir/C_/Users/leo-v/Desktop/pico_sdk/pico-sdk/lib/tinyusb/src/device/usbd_control.c.obj
                0x10006190                usbd_control_set_complete_callback
 .text.usbd_control_set_request
                0x1000619c       0x1c CMakeFiles/blink.dir/C_/Users/leo-v/Desktop/pico_sdk/pico-sdk/lib/tinyusb/src/device/usbd_control.c.obj
                0x1000619c                usbd_control_set_request
 .text.usbd_control_xfer_cb
                0x100061b8       0xfc CMakeFiles/blink.dir/C_/Users/leo-v/Desktop/pico_sdk/pico-sdk/lib/tinyusb/src/device/usbd_control.c.obj
                0x100061b8                usbd_control_xfer_cb
 .text._prep_out_transaction
                0x100062b4       0x46 CMakeFiles/blink.dir/C_/Users/leo-v/Desktop/pico_sdk/pico-sdk/lib/tinyusb/src/class/cdc/cdc_device.c.obj
 *fill*         0x100062fa        0x2 
 .text.tud_cdc_n_connected
                0x100062fc       0x44 CMakeFiles/blink.dir/C_/Users/leo-v/Desktop/pico_sdk/pico-sdk/lib/tinyusb/src/class/cdc/cdc_device.c.obj
                0x100062fc                tud_cdc_n_connected
 .text.tud_cdc_n_available
                0x10006340       0x18 CMakeFiles/blink.dir/C_/Users/leo-v/Desktop/pico_sdk/pico-sdk/lib/tinyusb/src/class/cdc/cdc_device.c.obj
                0x10006340                tud_cdc_n_available
 .text.tud_cdc_n_read
                0x10006358       0x28 CMakeFiles/blink.dir/C_/Users/leo-v/Desktop/pico_sdk/pico-sdk/lib/tinyusb/src/class/cdc/cdc_device.c.obj
                0x10006358                tud_cdc_n_read
 .text.tud_cdc_n_write_flush
                0x10006380       0xcc CMakeFiles/blink.dir/C_/Users/leo-v/Desktop/pico_sdk/pico-sdk/lib/tinyusb/src/class/cdc/cdc_device.c.obj
                0x10006380                tud_cdc_n_write_flush
 .text.tud_cdc_n_write
                0x1000644c       0x38 CMakeFiles/blink.dir/C_/Users/leo-v/Desktop/pico_sdk/pico-sdk/lib/tinyusb/src/class/cdc/cdc_device.c.obj
                0x1000644c                tud_cdc_n_write
 .text.tud_cdc_n_write_available
                0x10006484       0x1c CMakeFiles/blink.dir/C_/Users/leo-v/Desktop/pico_sdk/pico-sdk/lib/tinyusb/src/class/cdc/cdc_device.c.obj
                0x10006484                tud_cdc_n_write_available
 .text.cdcd_init
                0x100064a0       0xbc CMakeFiles/blink.dir/C_/Users/leo-v/Desktop/pico_sdk/pico-sdk/lib/tinyusb/src/class/cdc/cdc_device.c.obj
                0x100064a0                cdcd_init
 .text.cdcd_reset
                0x1000655c       0x44 CMakeFiles/blink.dir/C_/Users/leo-v/Desktop/pico_sdk/pico-sdk/lib/tinyusb/src/class/cdc/cdc_device.c.obj
                0x1000655c                cdcd_reset
 .text.cdcd_open
                0x100065a0       0xf8 CMakeFiles/blink.dir/C_/Users/leo-v/Desktop/pico_sdk/pico-sdk/lib/tinyusb/src/class/cdc/cdc_device.c.obj
                0x100065a0                cdcd_open
 .text.cdcd_control_xfer_cb
                0x10006698      0x134 CMakeFiles/blink.dir/C_/Users/leo-v/Desktop/pico_sdk/pico-sdk/lib/tinyusb/src/class/cdc/cdc_device.c.obj
                0x10006698                cdcd_control_xfer_cb
 .text.cdcd_xfer_cb
                0x100067cc      0x144 CMakeFiles/blink.dir/C_/Users/leo-v/Desktop/pico_sdk/pico-sdk/lib/tinyusb/src/class/cdc/cdc_device.c.obj
                0x100067cc                cdcd_xfer_cb
 .text.tusb_init
                0x10006910       0x24 CMakeFiles/blink.dir/C_/Users/leo-v/Desktop/pico_sdk/pico-sdk/lib/tinyusb/src/tusb.c.obj
                0x10006910                tusb_init
 .text.tusb_inited
                0x10006934        0xe CMakeFiles/blink.dir/C_/Users/leo-v/Desktop/pico_sdk/pico-sdk/lib/tinyusb/src/tusb.c.obj
                0x10006934                tusb_inited
 *fill*         0x10006942        0x2 
 .text.tu_edpt_validate
                0x10006944       0xa8 CMakeFiles/blink.dir/C_/Users/leo-v/Desktop/pico_sdk/pico-sdk/lib/tinyusb/src/tusb.c.obj
                0x10006944                tu_edpt_validate
 .text.tu_edpt_bind_driver
                0x100069ec       0x2a CMakeFiles/blink.dir/C_/Users/leo-v/Desktop/pico_sdk/pico-sdk/lib/tinyusb/src/tusb.c.obj
                0x100069ec                tu_edpt_bind_driver
 .text.advance_pointer
                0x10006a16       0x18 CMakeFiles/blink.dir/C_/Users/leo-v/Desktop/pico_sdk/pico-sdk/lib/tinyusb/src/common/tusb_fifo.c.obj
 .text.backward_pointer
                0x10006a2e       0x1e CMakeFiles/blink.dir/C_/Users/leo-v/Desktop/pico_sdk/pico-sdk/lib/tinyusb/src/common/tusb_fifo.c.obj
 .text.get_relative_pointer
                0x10006a4c       0x10 CMakeFiles/blink.dir/C_/Users/leo-v/Desktop/pico_sdk/pico-sdk/lib/tinyusb/src/common/tusb_fifo.c.obj
 .text._tu_fifo_peek
                0x10006a5c       0x50 CMakeFiles/blink.dir/C_/Users/leo-v/Desktop/pico_sdk/pico-sdk/lib/tinyusb/src/common/tusb_fifo.c.obj
 .text._ff_pull_const_addr
                0x10006aac       0x4c CMakeFiles/blink.dir/C_/Users/leo-v/Desktop/pico_sdk/pico-sdk/lib/tinyusb/src/common/tusb_fifo.c.obj
 .text._ff_pull_n
                0x10006af8      0x10c CMakeFiles/blink.dir/C_/Users/leo-v/Desktop/pico_sdk/pico-sdk/lib/tinyusb/src/common/tusb_fifo.c.obj
 .text._tu_fifo_peek_n
                0x10006c04       0x5e CMakeFiles/blink.dir/C_/Users/leo-v/Desktop/pico_sdk/pico-sdk/lib/tinyusb/src/common/tusb_fifo.c.obj
 .text._tu_fifo_read_n
                0x10006c62       0x4e CMakeFiles/blink.dir/C_/Users/leo-v/Desktop/pico_sdk/pico-sdk/lib/tinyusb/src/common/tusb_fifo.c.obj
 .text._ff_push_const_addr
                0x10006cb0       0x40 CMakeFiles/blink.dir/C_/Users/leo-v/Desktop/pico_sdk/pico-sdk/lib/tinyusb/src/common/tusb_fifo.c.obj
 .text._ff_push_n
                0x10006cf0      0x108 CMakeFiles/blink.dir/C_/Users/leo-v/Desktop/pico_sdk/pico-sdk/lib/tinyusb/src/common/tusb_fifo.c.obj
 .text._tu_fifo_write_n
                0x10006df8       0x9e CMakeFiles/blink.dir/C_/Users/leo-v/Desktop/pico_sdk/pico-sdk/lib/tinyusb/src/common/tusb_fifo.c.obj
 .text.tu_fifo_config
                0x10006e96       0x72 CMakeFiles/blink.dir/C_/Users/leo-v/Desktop/pico_sdk/pico-sdk/lib/tinyusb/src/common/tusb_fifo.c.obj
                0x10006e96                tu_fifo_config
 .text.tu_fifo_count
                0x10006f08       0x26 CMakeFiles/blink.dir/C_/Users/leo-v/Desktop/pico_sdk/pico-sdk/lib/tinyusb/src/common/tusb_fifo.c.obj
                0x10006f08                tu_fifo_count
 .text.tu_fifo_empty
                0x10006f2e       0x10 CMakeFiles/blink.dir/C_/Users/leo-v/Desktop/pico_sdk/pico-sdk/lib/tinyusb/src/common/tusb_fifo.c.obj
                0x10006f2e                tu_fifo_empty
 .text.tu_fifo_remaining
                0x10006f3e       0x20 CMakeFiles/blink.dir/C_/Users/leo-v/Desktop/pico_sdk/pico-sdk/lib/tinyusb/src/common/tusb_fifo.c.obj
                0x10006f3e                tu_fifo_remaining
 .text.tu_fifo_read
                0x10006f5e       0x42 CMakeFiles/blink.dir/C_/Users/leo-v/Desktop/pico_sdk/pico-sdk/lib/tinyusb/src/common/tusb_fifo.c.obj
                0x10006f5e                tu_fifo_read
 .text.tu_fifo_read_n
                0x10006fa0        0xa CMakeFiles/blink.dir/C_/Users/leo-v/Desktop/pico_sdk/pico-sdk/lib/tinyusb/src/common/tusb_fifo.c.obj
                0x10006fa0                tu_fifo_read_n
 .text.tu_fifo_write
                0x10006faa       0x6c CMakeFiles/blink.dir/C_/Users/leo-v/Desktop/pico_sdk/pico-sdk/lib/tinyusb/src/common/tusb_fifo.c.obj
                0x10006faa                tu_fifo_write
 .text.tu_fifo_write_n
                0x10007016        0xa CMakeFiles/blink.dir/C_/Users/leo-v/Desktop/pico_sdk/pico-sdk/lib/tinyusb/src/common/tusb_fifo.c.obj
                0x10007016                tu_fifo_write_n
 .text.tu_fifo_clear
                0x10007020       0x4c CMakeFiles/blink.dir/C_/Users/leo-v/Desktop/pico_sdk/pico-sdk/lib/tinyusb/src/common/tusb_fifo.c.obj
                0x10007020                tu_fifo_clear
 .text.tu_fifo_set_overwritable
                0x1000706c       0x3c CMakeFiles/blink.dir/C_/Users/leo-v/Desktop/pico_sdk/pico-sdk/lib/tinyusb/src/common/tusb_fifo.c.obj
                0x1000706c                tu_fifo_set_overwritable
 .text._retrieve_unique_id_on_boot
                0x100070a8       0x10 CMakeFiles/blink.dir/C_/Users/leo-v/Desktop/pico_sdk/pico-sdk/src/rp2_common/pico_unique_id/unique_id.c.obj
 .text.pico_get_unique_board_id_string
                0x100070b8       0x60 CMakeFiles/blink.dir/C_/Users/leo-v/Desktop/pico_sdk/pico-sdk/src/rp2_common/pico_unique_id/unique_id.c.obj
                0x100070b8                pico_get_unique_board_id_string
 .text.flash_get_unique_id
                0x10007118       0x46 CMakeFiles/blink.dir/C_/Users/leo-v/Desktop/pico_sdk/pico-sdk/src/rp2_common/hardware_flash/flash.c.obj
                0x10007118                flash_get_unique_id
 *fill*         0x1000715e        0x2 
 .text.adc_init
                0x10007160       0x34 CMakeFiles/blink.dir/C_/Users/leo-v/Desktop/pico_sdk/pico-sdk/src/rp2_common/hardware_adc/adc.c.obj
                0x10007160                adc_init
 .text.strlen   0x10007194       0x5c c:/progra~2/gnuarm~1/102020~1/bin/../lib/gcc/arm-none-eabi/10.2.1/../../../../arm-none-eabi/lib/thumb/v6-m/nofp\libg.a(lib_a-strlen-stub.o)
                0x10007194                strlen
 *(.fini)
 .fini          0x100071f0        0x4 c:/progra~2/gnuarm~1/102020~1/bin/../lib/gcc/arm-none-eabi/10.2.1/thumb/v6-m/nofp/crti.o
                0x100071f0                _fini
 *fill*         0x100071f4        0x4 
 .fini.__stub   0x100071f8       0x70 linker stubs
 *crtbegin.o(.ctors)
 *crtbegin?.o(.ctors)
 *(EXCLUDE_FILE(*crtend.o *crtend?.o) .ctors)
 *(SORT_BY_NAME(.ctors.*))
 *(.ctors)
 *crtbegin.o(.dtors)
 *crtbegin?.o(.dtors)
 *(EXCLUDE_FILE(*crtend.o *crtend?.o) .dtors)
 *(SORT_BY_NAME(.dtors.*))
 *(.dtors)
 *(.eh_frame*)
 .eh_frame      0x10007268        0x0 c:/progra~2/gnuarm~1/102020~1/bin/../lib/gcc/arm-none-eabi/10.2.1/thumb/v6-m/nofp/crtbegin.o
                0x10007268                . = ALIGN (0x4)

.glue_7         0x10007268        0x0
 .glue_7        0x10007268        0x0 linker stubs

.glue_7t        0x10007268        0x0
 .glue_7t       0x10007268        0x0 linker stubs

.vfp11_veneer   0x10007268        0x0
 .vfp11_veneer  0x10007268        0x0 linker stubs

.v4_bx          0x10007268        0x0
 .v4_bx         0x10007268        0x0 linker stubs

.iplt           0x10007268        0x0
 .iplt          0x10007268        0x0 c:/progra~2/gnuarm~1/102020~1/bin/../lib/gcc/arm-none-eabi/10.2.1/thumb/v6-m/nofp/crtbegin.o

.rodata         0x10007268     0x16a4
 *(EXCLUDE_FILE(*libm.a: *libc.a:*lib_a-mem*.o *libgcc.a:) .rodata*)
 .rodata.print_data.str1.4
                0x10007268       0x16 CMakeFiles/blink.dir/blink.c.obj
 *fill*         0x1000727e        0x2 
 .rodata.spin_lock_claim_unused.str1.4
                0x10007280       0x1b CMakeFiles/blink.dir/C_/Users/leo-v/Desktop/pico_sdk/pico-sdk/src/rp2_common/hardware_sync/sync.c.obj
 *fill*         0x1000729b        0x1 
 .rodata.repeating_timer_callback.str1.4
                0x1000729c       0x59 CMakeFiles/blink.dir/C_/Users/leo-v/Desktop/pico_sdk/pico-sdk/src/common/pico_time/time.c.obj
 *fill*         0x100072f5        0x3 
 .rodata.alarm_pool_dump_key.str1.4
                0x100072f8       0x33 CMakeFiles/blink.dir/C_/Users/leo-v/Desktop/pico_sdk/pico-sdk/src/common/pico_time/time.c.obj
 *fill*         0x1000732b        0x1 
 .rodata.ph_add_child_node.str1.4
                0x1000732c       0xa2 CMakeFiles/blink.dir/C_/Users/leo-v/Desktop/pico_sdk/pico-sdk/src/common/pico_time/time.c.obj
 *fill*         0x100073ce        0x2 
 .rodata.add_alarm_under_lock.str1.4
                0x100073d0       0x28 CMakeFiles/blink.dir/C_/Users/leo-v/Desktop/pico_sdk/pico-sdk/src/common/pico_time/time.c.obj
                                 0x2b (size before relaxing)
 .rodata.alarm_pool_alarm_callback.str1.4
                0x100073f8       0xf2 CMakeFiles/blink.dir/C_/Users/leo-v/Desktop/pico_sdk/pico-sdk/src/common/pico_time/time.c.obj
 *fill*         0x100074ea        0x2 
 .rodata.alarm_pool_get_default.str1.4
                0x100074ec       0x21 CMakeFiles/blink.dir/C_/Users/leo-v/Desktop/pico_sdk/pico-sdk/src/common/pico_time/time.c.obj
 *fill*         0x1000750d        0x3 
 .rodata.alarm_pool_cancel_alarm.str1.4
                0x10007510       0x27 CMakeFiles/blink.dir/C_/Users/leo-v/Desktop/pico_sdk/pico-sdk/src/common/pico_time/time.c.obj
 *fill*         0x10007537        0x1 
 .rodata.sleep_until.str1.4
                0x10007538       0x4d CMakeFiles/blink.dir/C_/Users/leo-v/Desktop/pico_sdk/pico-sdk/src/common/pico_time/time.c.obj
 *fill*         0x10007585        0x3 
 .rodata.__func__.0
                0x10007588       0x19 CMakeFiles/blink.dir/C_/Users/leo-v/Desktop/pico_sdk/pico-sdk/src/common/pico_time/time.c.obj
 *fill*         0x100075a1        0x3 
 .rodata.__func__.1
                0x100075a4       0x18 CMakeFiles/blink.dir/C_/Users/leo-v/Desktop/pico_sdk/pico-sdk/src/common/pico_time/time.c.obj
 .rodata.__func__.10
                0x100075bc       0x15 CMakeFiles/blink.dir/C_/Users/leo-v/Desktop/pico_sdk/pico-sdk/src/common/pico_time/time.c.obj
 *fill*         0x100075d1        0x3 
 .rodata.__func__.11
                0x100075d4       0x1a CMakeFiles/blink.dir/C_/Users/leo-v/Desktop/pico_sdk/pico-sdk/src/common/pico_time/time.c.obj
 *fill*         0x100075ee        0x2 
 .rodata.__func__.12
                0x100075f0        0xa CMakeFiles/blink.dir/C_/Users/leo-v/Desktop/pico_sdk/pico-sdk/src/common/pico_time/time.c.obj
 *fill*         0x100075fa        0x2 
 .rodata.__func__.3
                0x100075fc       0x17 CMakeFiles/blink.dir/C_/Users/leo-v/Desktop/pico_sdk/pico-sdk/src/common/pico_time/time.c.obj
 *fill*         0x10007613        0x1 
 .rodata.__func__.4
                0x10007614       0x12 CMakeFiles/blink.dir/C_/Users/leo-v/Desktop/pico_sdk/pico-sdk/src/common/pico_time/time.c.obj
 *fill*         0x10007626        0x2 
 .rodata.__func__.5
                0x10007628        0xd CMakeFiles/blink.dir/C_/Users/leo-v/Desktop/pico_sdk/pico-sdk/src/common/pico_time/time.c.obj
 *fill*         0x10007635        0x3 
 .rodata.__func__.6
                0x10007638       0x12 CMakeFiles/blink.dir/C_/Users/leo-v/Desktop/pico_sdk/pico-sdk/src/common/pico_time/time.c.obj
 *fill*         0x1000764a        0x2 
 .rodata.__func__.7
                0x1000764c        0xf CMakeFiles/blink.dir/C_/Users/leo-v/Desktop/pico_sdk/pico-sdk/src/common/pico_time/time.c.obj
 *fill*         0x1000765b        0x1 
 .rodata.__func__.8
                0x1000765c        0xc CMakeFiles/blink.dir/C_/Users/leo-v/Desktop/pico_sdk/pico-sdk/src/common/pico_time/time.c.obj
 .rodata.__func__.9
                0x10007668       0x15 CMakeFiles/blink.dir/C_/Users/leo-v/Desktop/pico_sdk/pico-sdk/src/common/pico_time/time.c.obj
 *fill*         0x1000767d        0x3 
 .rodata.hardware_alarm_claim.str1.4
                0x10007680       0x22 CMakeFiles/blink.dir/C_/Users/leo-v/Desktop/pico_sdk/pico-sdk/src/rp2_common/hardware_timer/timer.c.obj
 *fill*         0x100076a2        0x2 
 .rodata.hardware_alarm_set_target.str1.4
                0x100076a4       0x73 CMakeFiles/blink.dir/C_/Users/leo-v/Desktop/pico_sdk/pico-sdk/src/rp2_common/hardware_timer/timer.c.obj
 *fill*         0x10007717        0x1 
 .rodata.__func__.0
                0x10007718       0x1a CMakeFiles/blink.dir/C_/Users/leo-v/Desktop/pico_sdk/pico-sdk/src/rp2_common/hardware_timer/timer.c.obj
 *fill*         0x10007732        0x2 
 .rodata.str1.4
                0x10007734       0x99 CMakeFiles/blink.dir/C_/Users/leo-v/Desktop/pico_sdk/pico-sdk/src/common/pico_sync/mutex.c.obj
                                0x109 (size before relaxing)
 *fill*         0x100077cd        0x3 
 .rodata.__func__.1
                0x100077d0        0xb CMakeFiles/blink.dir/C_/Users/leo-v/Desktop/pico_sdk/pico-sdk/src/common/pico_sync/mutex.c.obj
 *fill*         0x100077db        0x1 
 .rodata.__func__.3
                0x100077dc       0x18 CMakeFiles/blink.dir/C_/Users/leo-v/Desktop/pico_sdk/pico-sdk/src/common/pico_sync/mutex.c.obj
 .rodata.__func__.4
                0x100077f4       0x15 CMakeFiles/blink.dir/C_/Users/leo-v/Desktop/pico_sdk/pico-sdk/src/common/pico_sync/mutex.c.obj
 .rodata.ph_add_child_node.str1.4
                0x10007809       0xa2 CMakeFiles/blink.dir/C_/Users/leo-v/Desktop/pico_sdk/pico-sdk/src/common/pico_util/pheap.c.obj
 *fill*         0x10007809        0x3 
 .rodata.ph_remove_any_head.str1.4
                0x1000780c       0x9c CMakeFiles/blink.dir/C_/Users/leo-v/Desktop/pico_sdk/pico-sdk/src/common/pico_util/pheap.c.obj
 .rodata.ph_remove_and_free_node.str1.4
                0x100078a8       0x26 CMakeFiles/blink.dir/C_/Users/leo-v/Desktop/pico_sdk/pico-sdk/src/common/pico_util/pheap.c.obj
 *fill*         0x100078ce        0x2 
 .rodata.__func__.0
                0x100078d0       0x18 CMakeFiles/blink.dir/C_/Users/leo-v/Desktop/pico_sdk/pico-sdk/src/common/pico_util/pheap.c.obj
 .rodata.__func__.1
                0x100078e8       0x13 CMakeFiles/blink.dir/C_/Users/leo-v/Desktop/pico_sdk/pico-sdk/src/common/pico_util/pheap.c.obj
 *fill*         0x100078fb        0x1 
 .rodata.__func__.2
                0x100078fc       0x12 CMakeFiles/blink.dir/C_/Users/leo-v/Desktop/pico_sdk/pico-sdk/src/common/pico_util/pheap.c.obj
 *fill*         0x1000790e        0x2 
 .rodata.__func__.3
                0x10007910        0xc CMakeFiles/blink.dir/C_/Users/leo-v/Desktop/pico_sdk/pico-sdk/src/common/pico_util/pheap.c.obj
 .rodata.__assert_func.str1.4
                0x1000791c       0x3f CMakeFiles/blink.dir/C_/Users/leo-v/Desktop/pico_sdk/pico-sdk/src/rp2_common/pico_runtime/runtime.c.obj
                                 0x43 (size before relaxing)
 *fill*         0x1000795b        0x1 
 .rodata.runtime_init.str1.4
                0x1000795c       0x6f CMakeFiles/blink.dir/C_/Users/leo-v/Desktop/pico_sdk/pico-sdk/src/rp2_common/pico_runtime/runtime.c.obj
 *fill*         0x100079cb        0x1 
 .rodata.panic.str1.4
                0x100079cc       0x12 CMakeFiles/blink.dir/C_/Users/leo-v/Desktop/pico_sdk/pico-sdk/src/rp2_common/pico_runtime/runtime.c.obj
 *fill*         0x100079de        0x2 
 .rodata.__func__.1
                0x100079e0        0xd CMakeFiles/blink.dir/C_/Users/leo-v/Desktop/pico_sdk/pico-sdk/src/rp2_common/pico_runtime/runtime.c.obj
 *fill*         0x100079ed        0x3 
 .rodata.clock_configure.str1.4
                0x100079f0       0x65 CMakeFiles/blink.dir/C_/Users/leo-v/Desktop/pico_sdk/pico-sdk/src/rp2_common/hardware_clocks/clocks.c.obj
 *fill*         0x10007a55        0x3 
 .rodata.__func__.1
                0x10007a58       0x10 CMakeFiles/blink.dir/C_/Users/leo-v/Desktop/pico_sdk/pico-sdk/src/rp2_common/hardware_clocks/clocks.c.obj
 .rodata.make_branch.str1.4
                0x10007a68       0x5b CMakeFiles/blink.dir/C_/Users/leo-v/Desktop/pico_sdk/pico-sdk/src/rp2_common/hardware_irq/irq.c.obj
 *fill*         0x10007ac3        0x1 
 .rodata.irq_set_exclusive_handler.str1.4
                0x10007ac4       0x36 CMakeFiles/blink.dir/C_/Users/leo-v/Desktop/pico_sdk/pico-sdk/src/rp2_common/hardware_irq/irq.c.obj
 *fill*         0x10007afa        0x2 
 .rodata.irq_add_shared_handler.str1.4
                0x10007afc       0xd9 CMakeFiles/blink.dir/C_/Users/leo-v/Desktop/pico_sdk/pico-sdk/src/rp2_common/hardware_irq/irq.c.obj
 *fill*         0x10007bd5        0x3 
 .rodata.irq_remove_handler.str1.4
                0x10007bd8       0x2a CMakeFiles/blink.dir/C_/Users/leo-v/Desktop/pico_sdk/pico-sdk/src/rp2_common/hardware_irq/irq.c.obj
 *fill*         0x10007c02        0x2 
 .rodata.irq_add_tail_to_free_list.str1.4
                0x10007c04       0x32 CMakeFiles/blink.dir/C_/Users/leo-v/Desktop/pico_sdk/pico-sdk/src/rp2_common/hardware_irq/irq.c.obj
                                 0x3a (size before relaxing)
 *fill*         0x10007c36        0x2 
 .rodata.__func__.0
                0x10007c38       0x1a CMakeFiles/blink.dir/C_/Users/leo-v/Desktop/pico_sdk/pico-sdk/src/rp2_common/hardware_irq/irq.c.obj
 *fill*         0x10007c52        0x2 
 .rodata.__func__.1
                0x10007c54       0x17 CMakeFiles/blink.dir/C_/Users/leo-v/Desktop/pico_sdk/pico-sdk/src/rp2_common/hardware_irq/irq.c.obj
 *fill*         0x10007c6b        0x1 
 .rodata.__func__.2
                0x10007c6c       0x13 CMakeFiles/blink.dir/C_/Users/leo-v/Desktop/pico_sdk/pico-sdk/src/rp2_common/hardware_irq/irq.c.obj
 *fill*         0x10007c7f        0x1 
 .rodata.__func__.3
                0x10007c80        0xc CMakeFiles/blink.dir/C_/Users/leo-v/Desktop/pico_sdk/pico-sdk/src/rp2_common/hardware_irq/irq.c.obj
 .rodata.__func__.4
                0x10007c8c        0xf CMakeFiles/blink.dir/C_/Users/leo-v/Desktop/pico_sdk/pico-sdk/src/rp2_common/hardware_irq/irq.c.obj
 *fill*         0x10007c9b        0x1 
 .rodata.__func__.6
                0x10007c9c       0x1a CMakeFiles/blink.dir/C_/Users/leo-v/Desktop/pico_sdk/pico-sdk/src/rp2_common/hardware_irq/irq.c.obj
 *fill*         0x10007cb6        0x2 
 .rodata.pll_init.str1.4
                0x10007cb8       0xe7 CMakeFiles/blink.dir/C_/Users/leo-v/Desktop/pico_sdk/pico-sdk/src/rp2_common/hardware_pll/pll.c.obj
 *fill*         0x10007d9f        0x1 
 .rodata.__func__.0
                0x10007da0        0x9 CMakeFiles/blink.dir/C_/Users/leo-v/Desktop/pico_sdk/pico-sdk/src/rp2_common/hardware_pll/pll.c.obj
 *fill*         0x10007da9        0x3 
 .rodata._ftoa.str1.4
                0x10007dac       0x15 CMakeFiles/blink.dir/C_/Users/leo-v/Desktop/pico_sdk/pico-sdk/src/rp2_common/pico_printf/printf.c.obj
 *fill*         0x10007dc1        0x3 
 .rodata._vsnprintf
                0x10007dc4      0x1e0 CMakeFiles/blink.dir/C_/Users/leo-v/Desktop/pico_sdk/pico-sdk/src/rp2_common/pico_printf/printf.c.obj
 *fill*         0x10007fa4        0x4 
 .rodata.pow10.0
                0x10007fa8       0x50 CMakeFiles/blink.dir/C_/Users/leo-v/Desktop/pico_sdk/pico-sdk/src/rp2_common/pico_printf/printf.c.obj
 .rodata.__aeabi_double_init.str1.4
                0x10007ff8       0xb6 CMakeFiles/blink.dir/C_/Users/leo-v/Desktop/pico_sdk/pico-sdk/src/rp2_common/pico_double/double_init_rom.c.obj
 *fill*         0x100080ae        0x2 
 .rodata.__func__.0
                0x100080b0       0x14 CMakeFiles/blink.dir/C_/Users/leo-v/Desktop/pico_sdk/pico-sdk/src/rp2_common/pico_double/double_init_rom.c.obj
 .rodata.__aeabi_float_init.str1.4
                0x100080c4       0x88 CMakeFiles/blink.dir/C_/Users/leo-v/Desktop/pico_sdk/pico-sdk/src/rp2_common/pico_float/float_init_rom.c.obj
                                 0x8c (size before relaxing)
 .rodata.__func__.0
                0x1000814c       0x13 CMakeFiles/blink.dir/C_/Users/leo-v/Desktop/pico_sdk/pico-sdk/src/rp2_common/pico_float/float_init_rom.c.obj
 *fill*         0x1000815f        0x1 
 .rodata.str1.4
                0x10008160       0x3c CMakeFiles/blink.dir/C_/Users/leo-v/Desktop/pico_sdk/pico-sdk/src/rp2_common/pico_standard_link/binary_info.c.obj
 .rodata.__bi_44
                0x1000819c        0xc CMakeFiles/blink.dir/C_/Users/leo-v/Desktop/pico_sdk/pico-sdk/src/rp2_common/pico_standard_link/binary_info.c.obj
 .rodata.__bi_75
                0x100081a8        0xc CMakeFiles/blink.dir/C_/Users/leo-v/Desktop/pico_sdk/pico-sdk/src/rp2_common/pico_standard_link/binary_info.c.obj
 .rodata.__bi_81
                0x100081b4        0xc CMakeFiles/blink.dir/C_/Users/leo-v/Desktop/pico_sdk/pico-sdk/src/rp2_common/pico_standard_link/binary_info.c.obj
 .rodata.crlf_str.3
                0x100081c0        0x2 CMakeFiles/blink.dir/C_/Users/leo-v/Desktop/pico_sdk/pico-sdk/src/rp2_common/pico_stdio/stdio.c.obj
 *fill*         0x100081c2        0x2 
 .rodata._resetd_driver
                0x100081c4       0x18 CMakeFiles/blink.dir/C_/Users/leo-v/Desktop/pico_sdk/pico-sdk/src/rp2_common/pico_stdio_usb/reset_interface.c.obj
 .rodata.stdio_usb_init.str1.4
                0x100081dc       0x6f CMakeFiles/blink.dir/C_/Users/leo-v/Desktop/pico_sdk/pico-sdk/src/rp2_common/pico_stdio_usb/stdio_usb.c.obj
 .rodata.str1.4
                0x100081dc       0x13 CMakeFiles/blink.dir/C_/Users/leo-v/Desktop/pico_sdk/pico-sdk/src/rp2_common/pico_stdio_usb/stdio_usb.c.obj
 *fill*         0x100081ef        0x1 
 .rodata.__bi_93.1
                0x100081f0        0xc CMakeFiles/blink.dir/C_/Users/leo-v/Desktop/pico_sdk/pico-sdk/src/rp2_common/pico_stdio_usb/stdio_usb.c.obj
 .rodata.__func__.0
                0x100081fc       0x15 CMakeFiles/blink.dir/C_/Users/leo-v/Desktop/pico_sdk/pico-sdk/src/rp2_common/pico_stdio_usb/stdio_usb.c.obj
 *fill*         0x10008211        0x3 
 .rodata.str1.4
                0x10008214       0x2a CMakeFiles/blink.dir/C_/Users/leo-v/Desktop/pico_sdk/pico-sdk/src/rp2_common/pico_stdio_usb/stdio_usb_descriptors.c.obj
 *fill*         0x1000823e        0x2 
 .rodata.usbd_desc_cfg
                0x10008240       0x54 CMakeFiles/blink.dir/C_/Users/leo-v/Desktop/pico_sdk/pico-sdk/src/rp2_common/pico_stdio_usb/stdio_usb_descriptors.c.obj
 .rodata.usbd_desc_device
                0x10008294       0x12 CMakeFiles/blink.dir/C_/Users/leo-v/Desktop/pico_sdk/pico-sdk/src/rp2_common/pico_stdio_usb/stdio_usb_descriptors.c.obj
 *fill*         0x100082a6        0x2 
 .rodata.usbd_desc_str
                0x100082a8       0x18 CMakeFiles/blink.dir/C_/Users/leo-v/Desktop/pico_sdk/pico-sdk/src/rp2_common/pico_stdio_usb/stdio_usb_descriptors.c.obj
 .rodata._hw_endpoint_alloc.str1.4
                0x100082c0       0xc5 CMakeFiles/blink.dir/C_/Users/leo-v/Desktop/pico_sdk/pico-sdk/lib/tinyusb/src/portable/raspberrypi/rp2040/dcd_rp2040.c.obj
 *fill*         0x10008385        0x3 
 .rodata.dcd_rp2040_irq.str1.4
                0x10008388       0x14 CMakeFiles/blink.dir/C_/Users/leo-v/Desktop/pico_sdk/pico-sdk/lib/tinyusb/src/portable/raspberrypi/rp2040/dcd_rp2040.c.obj
 .rodata.dcd_int_enable.str1.4
                0x1000839c        0xc CMakeFiles/blink.dir/C_/Users/leo-v/Desktop/pico_sdk/pico-sdk/lib/tinyusb/src/portable/raspberrypi/rp2040/dcd_rp2040.c.obj
 .rodata.__func__.0
                0x100083a8        0xe CMakeFiles/blink.dir/C_/Users/leo-v/Desktop/pico_sdk/pico-sdk/lib/tinyusb/src/portable/raspberrypi/rp2040/dcd_rp2040.c.obj
 *fill*         0x100083b6        0x2 
 .rodata.__func__.1
                0x100083b8        0xe CMakeFiles/blink.dir/C_/Users/leo-v/Desktop/pico_sdk/pico-sdk/lib/tinyusb/src/portable/raspberrypi/rp2040/dcd_rp2040.c.obj
 *fill*         0x100083c6        0x2 
 .rodata.__func__.3
                0x100083c8       0x10 CMakeFiles/blink.dir/C_/Users/leo-v/Desktop/pico_sdk/pico-sdk/lib/tinyusb/src/portable/raspberrypi/rp2040/dcd_rp2040.c.obj
 .rodata.__func__.5
                0x100083d8        0xf CMakeFiles/blink.dir/C_/Users/leo-v/Desktop/pico_sdk/pico-sdk/lib/tinyusb/src/portable/raspberrypi/rp2040/dcd_rp2040.c.obj
 *fill*         0x100083e7        0x1 
 .rodata.__func__.6
                0x100083e8       0x13 CMakeFiles/blink.dir/C_/Users/leo-v/Desktop/pico_sdk/pico-sdk/lib/tinyusb/src/portable/raspberrypi/rp2040/dcd_rp2040.c.obj
 *fill*         0x100083fb        0x1 
 .rodata.__func__.7
                0x100083fc        0x9 CMakeFiles/blink.dir/C_/Users/leo-v/Desktop/pico_sdk/pico-sdk/lib/tinyusb/src/portable/raspberrypi/rp2040/dcd_rp2040.c.obj
 *fill*         0x10008405        0x3 
 .rodata.sync_ep_buffer.str1.4
                0x10008408       0xa1 CMakeFiles/blink.dir/C_/Users/leo-v/Desktop/pico_sdk/pico-sdk/lib/tinyusb/src/portable/raspberrypi/rp2040/rp2040_usb.c.obj
 *fill*         0x100084a9        0x3 
 .rodata._hw_endpoint_buffer_control_update32.str1.4
                0x100084ac       0x1f CMakeFiles/blink.dir/C_/Users/leo-v/Desktop/pico_sdk/pico-sdk/lib/tinyusb/src/portable/raspberrypi/rp2040/rp2040_usb.c.obj
 *fill*         0x100084cb        0x1 
 .rodata.hw_endpoint_xfer_start.str1.4
                0x100084cc       0x38 CMakeFiles/blink.dir/C_/Users/leo-v/Desktop/pico_sdk/pico-sdk/lib/tinyusb/src/portable/raspberrypi/rp2040/rp2040_usb.c.obj
 .rodata.hw_endpoint_xfer_continue.str1.4
                0x10008504       0x29 CMakeFiles/blink.dir/C_/Users/leo-v/Desktop/pico_sdk/pico-sdk/lib/tinyusb/src/portable/raspberrypi/rp2040/rp2040_usb.c.obj
 *fill*         0x1000852d        0x3 
 .rodata.str1.4
                0x10008530        0x7 CMakeFiles/blink.dir/C_/Users/leo-v/Desktop/pico_sdk/pico-sdk/lib/tinyusb/src/portable/raspberrypi/rp2040/rp2040_usb.c.obj
 *fill*         0x10008537        0x1 
 .rodata.__func__.0
                0x10008538        0xf CMakeFiles/blink.dir/C_/Users/leo-v/Desktop/pico_sdk/pico-sdk/lib/tinyusb/src/portable/raspberrypi/rp2040/rp2040_usb.c.obj
 *fill*         0x10008547        0x1 
 .rodata.process_set_config.str1.4
                0x10008548       0x17 CMakeFiles/blink.dir/C_/Users/leo-v/Desktop/pico_sdk/pico-sdk/lib/tinyusb/src/device/usbd.c.obj
 *fill*         0x1000855f        0x1 
 .rodata.process_get_descriptor
                0x10008560       0x40 CMakeFiles/blink.dir/C_/Users/leo-v/Desktop/pico_sdk/pico-sdk/lib/tinyusb/src/device/usbd.c.obj
 .rodata.process_control_request
                0x100085a0       0x28 CMakeFiles/blink.dir/C_/Users/leo-v/Desktop/pico_sdk/pico-sdk/lib/tinyusb/src/device/usbd.c.obj
 .rodata.tud_task
                0x100085c8       0x24 CMakeFiles/blink.dir/C_/Users/leo-v/Desktop/pico_sdk/pico-sdk/lib/tinyusb/src/device/usbd.c.obj
 .rodata.__func__.2
                0x100085ec        0xf CMakeFiles/blink.dir/C_/Users/leo-v/Desktop/pico_sdk/pico-sdk/lib/tinyusb/src/device/usbd.c.obj
 *fill*         0x100085fb        0x1 
 .rodata.__func__.3
                0x100085fc        0xf CMakeFiles/blink.dir/C_/Users/leo-v/Desktop/pico_sdk/pico-sdk/lib/tinyusb/src/device/usbd.c.obj
 *fill*         0x1000860b        0x1 
 .rodata.__func__.4
                0x1000860c       0x14 CMakeFiles/blink.dir/C_/Users/leo-v/Desktop/pico_sdk/pico-sdk/lib/tinyusb/src/device/usbd.c.obj
 .rodata.__func__.5
                0x10008620       0x10 CMakeFiles/blink.dir/C_/Users/leo-v/Desktop/pico_sdk/pico-sdk/lib/tinyusb/src/device/usbd.c.obj
 .rodata.__func__.6
                0x10008630       0x17 CMakeFiles/blink.dir/C_/Users/leo-v/Desktop/pico_sdk/pico-sdk/lib/tinyusb/src/device/usbd.c.obj
 *fill*         0x10008647        0x1 
 .rodata.__func__.7
                0x10008648       0x13 CMakeFiles/blink.dir/C_/Users/leo-v/Desktop/pico_sdk/pico-sdk/lib/tinyusb/src/device/usbd.c.obj
 *fill*         0x1000865b        0x1 
 .rodata.__func__.8
                0x1000865c       0x18 CMakeFiles/blink.dir/C_/Users/leo-v/Desktop/pico_sdk/pico-sdk/lib/tinyusb/src/device/usbd.c.obj
 .rodata.__func__.9
                0x10008674        0x9 CMakeFiles/blink.dir/C_/Users/leo-v/Desktop/pico_sdk/pico-sdk/lib/tinyusb/src/device/usbd.c.obj
 *fill*         0x1000867d        0x3 
 .rodata._usbd_driver
                0x10008680       0x18 CMakeFiles/blink.dir/C_/Users/leo-v/Desktop/pico_sdk/pico-sdk/lib/tinyusb/src/device/usbd.c.obj
 .rodata.tud_control_xfer.str1.4
                0x10008698       0x17 CMakeFiles/blink.dir/C_/Users/leo-v/Desktop/pico_sdk/pico-sdk/lib/tinyusb/src/device/usbd_control.c.obj
 .rodata.__func__.0
                0x10008698       0x15 CMakeFiles/blink.dir/C_/Users/leo-v/Desktop/pico_sdk/pico-sdk/lib/tinyusb/src/device/usbd_control.c.obj
 *fill*         0x100086ad        0x3 
 .rodata.__func__.1
                0x100086b0       0x11 CMakeFiles/blink.dir/C_/Users/leo-v/Desktop/pico_sdk/pico-sdk/lib/tinyusb/src/device/usbd_control.c.obj
 .rodata.tud_cdc_n_write_flush.str1.4
                0x100086c1       0x17 CMakeFiles/blink.dir/C_/Users/leo-v/Desktop/pico_sdk/pico-sdk/lib/tinyusb/src/class/cdc/cdc_device.c.obj
 *fill*         0x100086c1        0x3 
 .rodata.__func__.0
                0x100086c4        0xd CMakeFiles/blink.dir/C_/Users/leo-v/Desktop/pico_sdk/pico-sdk/lib/tinyusb/src/class/cdc/cdc_device.c.obj
 *fill*         0x100086d1        0x3 
 .rodata.__func__.1
                0x100086d4        0xa CMakeFiles/blink.dir/C_/Users/leo-v/Desktop/pico_sdk/pico-sdk/lib/tinyusb/src/class/cdc/cdc_device.c.obj
 *fill*         0x100086de        0x2 
 .rodata.__func__.2
                0x100086e0       0x16 CMakeFiles/blink.dir/C_/Users/leo-v/Desktop/pico_sdk/pico-sdk/lib/tinyusb/src/class/cdc/cdc_device.c.obj
 .rodata.tusb_init.str1.4
                0x100086f6       0x17 CMakeFiles/blink.dir/C_/Users/leo-v/Desktop/pico_sdk/pico-sdk/lib/tinyusb/src/tusb.c.obj
 *fill*         0x100086f6        0x2 
 .rodata.__func__.0
                0x100086f8       0x11 CMakeFiles/blink.dir/C_/Users/leo-v/Desktop/pico_sdk/pico-sdk/lib/tinyusb/src/tusb.c.obj
 *fill*         0x10008709        0x3 
 .rodata.__func__.1
                0x1000870c        0xa CMakeFiles/blink.dir/C_/Users/leo-v/Desktop/pico_sdk/pico-sdk/lib/tinyusb/src/tusb.c.obj
 *fill*         0x10008716        0x2 
 .rodata.pico_get_unique_board_id_string.str1.4
                0x10008718       0x5b CMakeFiles/blink.dir/C_/Users/leo-v/Desktop/pico_sdk/pico-sdk/src/rp2_common/pico_unique_id/unique_id.c.obj
 *fill*         0x10008773        0x1 
 .rodata.__func__.0
                0x10008774       0x20 CMakeFiles/blink.dir/C_/Users/leo-v/Desktop/pico_sdk/pico-sdk/src/rp2_common/pico_unique_id/unique_id.c.obj
 .rodata.str1.4
                0x10008794      0x166 CMakeFiles/blink.dir/C_/Users/leo-v/Desktop/pico_sdk/pico-sdk/src/rp2_common/hardware_flash/flash.c.obj
 *fill*         0x100088fa        0x2 
 .rodata.__func__.0
                0x100088fc        0xd CMakeFiles/blink.dir/C_/Users/leo-v/Desktop/pico_sdk/pico-sdk/src/rp2_common/hardware_flash/flash.c.obj
                0x1000890c                . = ALIGN (0x4)
 *fill*         0x10008909        0x3 
 *(SORT_BY_ALIGNMENT(SORT_BY_NAME(.flashdata*)))
                0x1000890c                . = ALIGN (0x4)

.rel.dyn        0x1000890c        0x0
 .rel.iplt      0x1000890c        0x0 c:/progra~2/gnuarm~1/102020~1/bin/../lib/gcc/arm-none-eabi/10.2.1/thumb/v6-m/nofp/crtbegin.o

.ARM.extab
 *(.ARM.extab* .gnu.linkonce.armextab.*)
                0x1000890c                __exidx_start = .

.ARM.exidx
 *(.ARM.exidx* .gnu.linkonce.armexidx.*)
                0x1000890c                __exidx_end = .
                0x1000890c                . = ALIGN (0x4)
                0x1000890c                __binary_info_start = .

.binary_info    0x1000890c       0x20
 *(.binary_info.keep.*)
 .binary_info.keep.__bi_ptr22
                0x1000890c        0x4 CMakeFiles/blink.dir/C_/Users/leo-v/Desktop/pico_sdk/pico-sdk/src/rp2_common/pico_standard_link/binary_info.c.obj
 .binary_info.keep.__bi_ptr30
                0x10008910        0x4 CMakeFiles/blink.dir/C_/Users/leo-v/Desktop/pico_sdk/pico-sdk/src/rp2_common/pico_standard_link/binary_info.c.obj
 .binary_info.keep.__bi_ptr38
                0x10008914        0x4 CMakeFiles/blink.dir/C_/Users/leo-v/Desktop/pico_sdk/pico-sdk/src/rp2_common/pico_standard_link/binary_info.c.obj
 .binary_info.keep.__bi_ptr44
                0x10008918        0x4 CMakeFiles/blink.dir/C_/Users/leo-v/Desktop/pico_sdk/pico-sdk/src/rp2_common/pico_standard_link/binary_info.c.obj
 .binary_info.keep.__bi_ptr50
                0x1000891c        0x4 CMakeFiles/blink.dir/C_/Users/leo-v/Desktop/pico_sdk/pico-sdk/src/rp2_common/pico_standard_link/binary_info.c.obj
 .binary_info.keep.__bi_ptr75
                0x10008920        0x4 CMakeFiles/blink.dir/C_/Users/leo-v/Desktop/pico_sdk/pico-sdk/src/rp2_common/pico_standard_link/binary_info.c.obj
 .binary_info.keep.__bi_ptr81
                0x10008924        0x4 CMakeFiles/blink.dir/C_/Users/leo-v/Desktop/pico_sdk/pico-sdk/src/rp2_common/pico_standard_link/binary_info.c.obj
 *(.binary_info.*)
 .binary_info.__bi_ptr93
                0x10008928        0x4 CMakeFiles/blink.dir/C_/Users/leo-v/Desktop/pico_sdk/pico-sdk/src/rp2_common/pico_stdio_usb/stdio_usb.c.obj
                0x1000892c                __binary_info_end = .
                0x1000892c                . = ALIGN (0x4)
                0x1000892c                __etext = .

.ram_vector_table
                0x20000000       0xc0
 *(.ram_vector_table)
 .ram_vector_table
                0x20000000       0xc0 CMakeFiles/blink.dir/C_/Users/leo-v/Desktop/pico_sdk/pico-sdk/src/rp2_common/pico_runtime/runtime.c.obj
                0x20000000                ram_vector_table

.data           0x200000c0      0x460 load address 0x1000892c
                0x200000c0                __data_start__ = .
 *(vtable)
 *(.time_critical*)
 .time_critical.mutex_enter_blocking
                0x200000c0       0x48 CMakeFiles/blink.dir/C_/Users/leo-v/Desktop/pico_sdk/pico-sdk/src/common/pico_sync/mutex.c.obj
                0x200000c0                mutex_enter_blocking
 .time_critical.mutex_try_enter
                0x20000108       0x46 CMakeFiles/blink.dir/C_/Users/leo-v/Desktop/pico_sdk/pico-sdk/src/common/pico_sync/mutex.c.obj
                0x20000108                mutex_try_enter
 *fill*         0x2000014e        0x2 
 .time_critical.mutex_enter_block_until
                0x20000150       0x8c CMakeFiles/blink.dir/C_/Users/leo-v/Desktop/pico_sdk/pico-sdk/src/common/pico_sync/mutex.c.obj
                0x20000150                mutex_enter_block_until
 .time_critical.mutex_enter_timeout_ms
                0x200001dc       0x74 CMakeFiles/blink.dir/C_/Users/leo-v/Desktop/pico_sdk/pico-sdk/src/common/pico_sync/mutex.c.obj
                0x200001dc                mutex_enter_timeout_ms
 .time_critical.mutex_exit
                0x20000250       0x4c CMakeFiles/blink.dir/C_/Users/leo-v/Desktop/pico_sdk/pico-sdk/src/common/pico_sync/mutex.c.obj
                0x20000250                mutex_exit
 .time_critical.flash_init_boot2_copyout
                0x2000029c       0x30 CMakeFiles/blink.dir/C_/Users/leo-v/Desktop/pico_sdk/pico-sdk/src/rp2_common/hardware_flash/flash.c.obj
 .time_critical.flash_enable_xip_via_boot2
                0x200002cc       0x10 CMakeFiles/blink.dir/C_/Users/leo-v/Desktop/pico_sdk/pico-sdk/src/rp2_common/hardware_flash/flash.c.obj
 .time_critical.flash_cs_force
                0x200002dc       0x28 CMakeFiles/blink.dir/C_/Users/leo-v/Desktop/pico_sdk/pico-sdk/src/rp2_common/hardware_flash/flash.c.obj
 .time_critical.flash_do_cmd
                0x20000304       0xd8 CMakeFiles/blink.dir/C_/Users/leo-v/Desktop/pico_sdk/pico-sdk/src/rp2_common/hardware_flash/flash.c.obj
                0x20000304                flash_do_cmd
 *(.text*)
 .text          0x200003dc        0x4 c:/progra~2/gnuarm~1/102020~1/bin/../lib/gcc/arm-none-eabi/10.2.1/thumb/v6-m/nofp\libgcc.a(_dvmd_tls.o)
                0x200003dc                __aeabi_idiv0
                0x200003dc                __aeabi_ldiv0
 .text.__stub   0x200003e0       0x40 linker stubs
                0x20000420                . = ALIGN (0x4)
 *(.rodata*)
                0x20000420                . = ALIGN (0x4)
 *(.data*)
 .data.state    0x20000420        0x1 CMakeFiles/blink.dir/blink.c.obj
                0x20000420                state
 .data.striped_spin_lock_num
                0x20000421        0x1 CMakeFiles/blink.dir/C_/Users/leo-v/Desktop/pico_sdk/pico-sdk/src/rp2_common/hardware_sync/sync.c.obj
 *fill*         0x20000422        0x2 
 .data.default_alarm_pool
                0x20000424       0x18 CMakeFiles/blink.dir/C_/Users/leo-v/Desktop/pico_sdk/pico-sdk/src/common/pico_time/time.c.obj
 .data.default_alarm_pool_heap
                0x2000043c       0x10 CMakeFiles/blink.dir/C_/Users/leo-v/Desktop/pico_sdk/pico-sdk/src/common/pico_time/time.c.obj
 .data          0x2000044c       0x48 CMakeFiles/blink.dir/C_/Users/leo-v/Desktop/pico_sdk/pico-sdk/src/rp2_common/hardware_irq/irq_handler_chain.S.obj
                0x2000044c                irq_handler_chain_slots
                0x2000047c                irq_handler_chain_first_slot
                0x20000486                irq_handler_chain_remove_tail
 *fill*         0x20000494        0xc 
 .data.aeabi_bits_funcs
                0x200004a0       0x10 CMakeFiles/blink.dir/C_/Users/leo-v/Desktop/pico_sdk/pico-sdk/src/rp2_common/pico_bit_ops/bit_ops_aeabi.S.obj
                0x200004a0                aeabi_bits_funcs
                0x200004b0                aeabi_bits_funcs_end
 .data.aeabi_mem_funcs
                0x200004b0       0x10 CMakeFiles/blink.dir/C_/Users/leo-v/Desktop/pico_sdk/pico-sdk/src/rp2_common/pico_mem_ops/mem_ops_aeabi.S.obj
                0x200004b0                aeabi_mem_funcs
                0x200004c0                aeabi_mem_funcs_end
 .data.stdio_usb
                0x200004c0       0x14 CMakeFiles/blink.dir/C_/Users/leo-v/Desktop/pico_sdk/pico-sdk/src/rp2_common/pico_stdio_usb/stdio_usb.c.obj
                0x200004c0                stdio_usb
 .data.ep_dir_string
                0x200004d4        0x8 CMakeFiles/blink.dir/C_/Users/leo-v/Desktop/pico_sdk/pico-sdk/lib/tinyusb/src/portable/raspberrypi/rp2040/rp2040_usb.c.obj
                0x200004d4                ep_dir_string
 .data._usbd_qdef
                0x200004dc       0x24 CMakeFiles/blink.dir/C_/Users/leo-v/Desktop/pico_sdk/pico-sdk/lib/tinyusb/src/device/usbd.c.obj
                0x200004dc                _usbd_qdef
                0x20000500                . = ALIGN (0x4)
 *(.after_data.*)
                0x20000500                . = ALIGN (0x4)
                0x20000500                PROVIDE (__mutex_array_start = .)
 *(SORT_BY_NAME(.mutex_array.*))
 *(.mutex_array)
 .mutex_array   0x20000500        0x8 CMakeFiles/blink.dir/C_/Users/leo-v/Desktop/pico_sdk/pico-sdk/src/rp2_common/pico_stdio/stdio.c.obj
                0x20000508                PROVIDE (__mutex_array_end = .)
                0x20000508                . = ALIGN (0x4)
                0x20000508                PROVIDE (__preinit_array_start = .)
 *(SORT_BY_NAME(.preinit_array.*))
 .preinit_array.00001
                0x20000508        0x4 CMakeFiles/blink.dir/C_/Users/leo-v/Desktop/pico_sdk/pico-sdk/src/rp2_common/pico_mem_ops/mem_ops_aeabi.S.obj
 .preinit_array.00010
                0x2000050c        0x4 CMakeFiles/blink.dir/C_/Users/leo-v/Desktop/pico_sdk/pico-sdk/src/rp2_common/pico_bit_ops/bit_ops_aeabi.S.obj
 .preinit_array.00020
                0x20000510        0x4 CMakeFiles/blink.dir/C_/Users/leo-v/Desktop/pico_sdk/pico-sdk/src/rp2_common/pico_double/double_aeabi.S.obj
 .preinit_array.00020
                0x20000514        0x4 CMakeFiles/blink.dir/C_/Users/leo-v/Desktop/pico_sdk/pico-sdk/src/rp2_common/pico_float/float_aeabi.S.obj
 *(.preinit_array)
                0x20000518                PROVIDE (__preinit_array_end = .)
                0x20000518                . = ALIGN (0x4)
                0x20000518                PROVIDE (__init_array_start = .)
 *(SORT_BY_NAME(.init_array.*))
 *(.init_array)
 .init_array    0x20000518        0x4 c:/progra~2/gnuarm~1/102020~1/bin/../lib/gcc/arm-none-eabi/10.2.1/thumb/v6-m/nofp/crtbegin.o
 .init_array    0x2000051c        0x4 CMakeFiles/blink.dir/C_/Users/leo-v/Desktop/pico_sdk/pico-sdk/src/rp2_common/pico_unique_id/unique_id.c.obj
                0x20000520                PROVIDE (__init_array_end = .)
                0x20000520                . = ALIGN (0x4)
                [!provide]                PROVIDE (__fini_array_start = .)
 *(SORT_BY_NAME(.fini_array.*))
 *(.fini_array)
                [!provide]                PROVIDE (__fini_array_end = .)
 *(.jcr)
                0x20000520                . = ALIGN (0x4)
                0x20000520                __data_end__ = .

.igot.plt       0x20000520        0x0 load address 0x10008d8c
 .igot.plt      0x20000520        0x0 c:/progra~2/gnuarm~1/102020~1/bin/../lib/gcc/arm-none-eabi/10.2.1/thumb/v6-m/nofp/crtbegin.o

.uninitialized_data
                0x20000520        0x0 load address 0x10008d8c
                0x20000520                . = ALIGN (0x4)
 *(.uninitialized_data*)

.scratch_x      0x20040000        0x0 load address 0x10008d8c
                0x20040000                __scratch_x_start__ = .
 *(.scratch_x.*)
                0x20040000                . = ALIGN (0x4)
                0x20040000                __scratch_x_end__ = .
                0x10008d8c                __scratch_x_source__ = LOADADDR (.scratch_x)

.scratch_y      0x20041000        0x0 load address 0x10008d8c
                0x20041000                __scratch_y_start__ = .
 *(.scratch_y.*)
                0x20041000                . = ALIGN (0x4)
                0x20041000                __scratch_y_end__ = .